<?xml version="1.0" encoding="ISO-8859-1" ?>
<link_info>
   <banner>TMS320C2000 Linker Unix v20.2.2.LTS</banner>
   <copyright>Copyright (c) 1996-2018 Texas Instruments Incorporated</copyright>
   <link_time>0x601c7caf</link_time>
   <link_errors>0x0</link_errors>
   <output_file>printtest.out</output_file>
   <entry_point>
      <name>_c_int00</name>
      <address>0xa736</address>
   </entry_point>
   <input_file_list>
      <input_file id="fl-2">
         <path>./</path>
         <kind>object</kind>
         <file>F28379dSerial.obj</file>
         <name>F28379dSerial.obj</name>
      </input_file>
      <input_file id="fl-3">
         <path>./</path>
         <kind>object</kind>
         <file>F2837xD_Adc.obj</file>
         <name>F2837xD_Adc.obj</name>
      </input_file>
      <input_file id="fl-4">
         <path>./</path>
         <kind>object</kind>
         <file>F2837xD_CodeStartBranch.obj</file>
         <name>F2837xD_CodeStartBranch.obj</name>
      </input_file>
      <input_file id="fl-5">
         <path>./</path>
         <kind>object</kind>
         <file>F2837xD_CpuTimers.obj</file>
         <name>F2837xD_CpuTimers.obj</name>
      </input_file>
      <input_file id="fl-6">
         <path>./</path>
         <kind>object</kind>
         <file>F2837xD_DefaultISR.obj</file>
         <name>F2837xD_DefaultISR.obj</name>
      </input_file>
      <input_file id="fl-7">
         <path>./</path>
         <kind>object</kind>
         <file>F2837xD_EPwm.obj</file>
         <name>F2837xD_EPwm.obj</name>
      </input_file>
      <input_file id="fl-8">
         <path>./</path>
         <kind>object</kind>
         <file>F2837xD_GlobalVariableDefs.obj</file>
         <name>F2837xD_GlobalVariableDefs.obj</name>
      </input_file>
      <input_file id="fl-9">
         <path>./</path>
         <kind>object</kind>
         <file>F2837xD_Gpio.obj</file>
         <name>F2837xD_Gpio.obj</name>
      </input_file>
      <input_file id="fl-a">
         <path>./</path>
         <kind>object</kind>
         <file>F2837xD_PieCtrl.obj</file>
         <name>F2837xD_PieCtrl.obj</name>
      </input_file>
      <input_file id="fl-b">
         <path>./</path>
         <kind>object</kind>
         <file>F2837xD_PieVect.obj</file>
         <name>F2837xD_PieVect.obj</name>
      </input_file>
      <input_file id="fl-c">
         <path>./</path>
         <kind>object</kind>
         <file>F2837xD_Spi.obj</file>
         <name>F2837xD_Spi.obj</name>
      </input_file>
      <input_file id="fl-d">
         <path>./</path>
         <kind>object</kind>
         <file>F2837xD_SysCtrl.obj</file>
         <name>F2837xD_SysCtrl.obj</name>
      </input_file>
      <input_file id="fl-e">
         <path>./</path>
         <kind>object</kind>
         <file>F2837xD_usDelay.obj</file>
         <name>F2837xD_usDelay.obj</name>
      </input_file>
      <input_file id="fl-f">
         <path>./</path>
         <kind>object</kind>
         <file>LEDPatterns.obj</file>
         <name>LEDPatterns.obj</name>
      </input_file>
      <input_file id="fl-10">
         <path>./</path>
         <kind>object</kind>
         <file>printtest_main.obj</file>
         <name>printtest_main.obj</name>
      </input_file>
      <input_file id="fl-11">
         <path>./device/</path>
         <kind>object</kind>
         <file>device.obj</file>
         <name>device.obj</name>
      </input_file>
      <input_file id="fl-18">
         <kind>object</kind>
         <file>&lt;internal&gt;</file>
         <name>&lt;internal&gt;</name>
      </input_file>
      <input_file id="fl-1f">
         <path>/Users/pranjalsinha/Desktop/SE423/pranjal5/C2000Ware_3_02_00_00_F28379D/driverlib/f2837xd/driverlib/ccs/Debug/</path>
         <kind>archive</kind>
         <file>driverlib_coff.lib</file>
         <name>sysctl.obj</name>
      </input_file>
      <input_file id="fl-2b">
         <path>/Applications/ti/ccs1020/ccs/tools/compiler/ti-cgt-c2000_20.2.2.LTS/lib/</path>
         <kind>archive</kind>
         <file>rts2800_fpu32.lib</file>
         <name>vsprintf.c.obj</name>
      </input_file>
      <input_file id="fl-2c">
         <path>/Applications/ti/ccs1020/ccs/tools/compiler/ti-cgt-c2000_20.2.2.LTS/lib/</path>
         <kind>archive</kind>
         <file>rts2800_fpu32.lib</file>
         <name>boot28.asm.obj</name>
      </input_file>
      <input_file id="fl-2d">
         <path>/Applications/ti/ccs1020/ccs/tools/compiler/ti-cgt-c2000_20.2.2.LTS/lib/</path>
         <kind>archive</kind>
         <file>rts2800_fpu32.lib</file>
         <name>fs_div28.asm.obj</name>
      </input_file>
      <input_file id="fl-2e">
         <path>/Applications/ti/ccs1020/ccs/tools/compiler/ti-cgt-c2000_20.2.2.LTS/lib/</path>
         <kind>archive</kind>
         <file>rts2800_fpu32.lib</file>
         <name>u_div28.asm.obj</name>
      </input_file>
      <input_file id="fl-2f">
         <path>/Applications/ti/ccs1020/ccs/tools/compiler/ti-cgt-c2000_20.2.2.LTS/lib/</path>
         <kind>archive</kind>
         <file>rts2800_fpu32.lib</file>
         <name>l_div28.asm.obj</name>
      </input_file>
      <input_file id="fl-30">
         <path>/Applications/ti/ccs1020/ccs/tools/compiler/ti-cgt-c2000_20.2.2.LTS/lib/</path>
         <kind>archive</kind>
         <file>rts2800_fpu32.lib</file>
         <name>cpy_tbl.c.obj</name>
      </input_file>
      <input_file id="fl-31">
         <path>/Applications/ti/ccs1020/ccs/tools/compiler/ti-cgt-c2000_20.2.2.LTS/lib/</path>
         <kind>archive</kind>
         <file>rts2800_fpu32.lib</file>
         <name>memcpy.c.obj</name>
      </input_file>
      <input_file id="fl-32">
         <path>/Applications/ti/ccs1020/ccs/tools/compiler/ti-cgt-c2000_20.2.2.LTS/lib/</path>
         <kind>archive</kind>
         <file>rts2800_fpu32.lib</file>
         <name>pre_init.c.obj</name>
      </input_file>
      <input_file id="fl-33">
         <path>/Applications/ti/ccs1020/ccs/tools/compiler/ti-cgt-c2000_20.2.2.LTS/lib/</path>
         <kind>archive</kind>
         <file>rts2800_fpu32.lib</file>
         <name>startup.c.obj</name>
      </input_file>
      <input_file id="fl-34">
         <path>/Applications/ti/ccs1020/ccs/tools/compiler/ti-cgt-c2000_20.2.2.LTS/lib/</path>
         <kind>archive</kind>
         <file>rts2800_fpu32.lib</file>
         <name>exit.c.obj</name>
      </input_file>
      <input_file id="fl-35">
         <path>/Applications/ti/ccs1020/ccs/tools/compiler/ti-cgt-c2000_20.2.2.LTS/lib/</path>
         <kind>archive</kind>
         <file>rts2800_fpu32.lib</file>
         <name>_lock.c.obj</name>
      </input_file>
      <input_file id="fl-36">
         <path>/Applications/ti/ccs1020/ccs/tools/compiler/ti-cgt-c2000_20.2.2.LTS/lib/</path>
         <kind>archive</kind>
         <file>rts2800_fpu32.lib</file>
         <name>args_main.c.obj</name>
      </input_file>
      <input_file id="fl-37">
         <path>/Applications/ti/ccs1020/ccs/tools/compiler/ti-cgt-c2000_20.2.2.LTS/lib/</path>
         <kind>archive</kind>
         <file>rts2800_fpu32.lib</file>
         <name>strlen.c.obj</name>
      </input_file>
      <input_file id="fl-38">
         <path>/Applications/ti/ccs1020/ccs/tools/compiler/ti-cgt-c2000_20.2.2.LTS/lib/</path>
         <kind>archive</kind>
         <file>rts2800_fpu32.lib</file>
         <name>_printfi.c.obj</name>
      </input_file>
      <input_file id="fl-39">
         <path>/Applications/ti/ccs1020/ccs/tools/compiler/ti-cgt-c2000_20.2.2.LTS/lib/</path>
         <kind>archive</kind>
         <file>rts2800_fpu32.lib</file>
         <name>fd_cmp28.asm.obj</name>
      </input_file>
      <input_file id="fl-3a">
         <path>/Applications/ti/ccs1020/ccs/tools/compiler/ti-cgt-c2000_20.2.2.LTS/lib/</path>
         <kind>archive</kind>
         <file>rts2800_fpu32.lib</file>
         <name>fd_mpy28.asm.obj</name>
      </input_file>
      <input_file id="fl-3b">
         <path>/Applications/ti/ccs1020/ccs/tools/compiler/ti-cgt-c2000_20.2.2.LTS/lib/</path>
         <kind>archive</kind>
         <file>rts2800_fpu32.lib</file>
         <name>fd_neg28.asm.obj</name>
      </input_file>
      <input_file id="fl-3c">
         <path>/Applications/ti/ccs1020/ccs/tools/compiler/ti-cgt-c2000_20.2.2.LTS/lib/</path>
         <kind>archive</kind>
         <file>rts2800_fpu32.lib</file>
         <name>fd_sub28.asm.obj</name>
      </input_file>
      <input_file id="fl-3d">
         <path>/Applications/ti/ccs1020/ccs/tools/compiler/ti-cgt-c2000_20.2.2.LTS/lib/</path>
         <kind>archive</kind>
         <file>rts2800_fpu32.lib</file>
         <name>fd_toi28.asm.obj</name>
      </input_file>
      <input_file id="fl-3e">
         <path>/Applications/ti/ccs1020/ccs/tools/compiler/ti-cgt-c2000_20.2.2.LTS/lib/</path>
         <kind>archive</kind>
         <file>rts2800_fpu32.lib</file>
         <name>fd_tol28.asm.obj</name>
      </input_file>
      <input_file id="fl-3f">
         <path>/Applications/ti/ccs1020/ccs/tools/compiler/ti-cgt-c2000_20.2.2.LTS/lib/</path>
         <kind>archive</kind>
         <file>rts2800_fpu32.lib</file>
         <name>ll_aox28.asm.obj</name>
      </input_file>
      <input_file id="fl-40">
         <path>/Applications/ti/ccs1020/ccs/tools/compiler/ti-cgt-c2000_20.2.2.LTS/lib/</path>
         <kind>archive</kind>
         <file>rts2800_fpu32.lib</file>
         <name>ll_cmp28.asm.obj</name>
      </input_file>
      <input_file id="fl-41">
         <path>/Applications/ti/ccs1020/ccs/tools/compiler/ti-cgt-c2000_20.2.2.LTS/lib/</path>
         <kind>archive</kind>
         <file>rts2800_fpu32.lib</file>
         <name>ll_div28.asm.obj</name>
      </input_file>
      <input_file id="fl-42">
         <path>/Applications/ti/ccs1020/ccs/tools/compiler/ti-cgt-c2000_20.2.2.LTS/lib/</path>
         <kind>archive</kind>
         <file>rts2800_fpu32.lib</file>
         <name>i_tofd28.asm.obj</name>
      </input_file>
      <input_file id="fl-43">
         <path>/Applications/ti/ccs1020/ccs/tools/compiler/ti-cgt-c2000_20.2.2.LTS/lib/</path>
         <kind>archive</kind>
         <file>rts2800_fpu32.lib</file>
         <name>l_tofd28.asm.obj</name>
      </input_file>
      <input_file id="fl-44">
         <path>/Applications/ti/ccs1020/ccs/tools/compiler/ti-cgt-c2000_20.2.2.LTS/lib/</path>
         <kind>archive</kind>
         <file>rts2800_fpu32.lib</file>
         <name>fs_tofdfpu32.asm.obj</name>
      </input_file>
      <input_file id="fl-45">
         <path>/Applications/ti/ccs1020/ccs/tools/compiler/ti-cgt-c2000_20.2.2.LTS/lib/</path>
         <kind>archive</kind>
         <file>rts2800_fpu32.lib</file>
         <name>fd_div28.asm.obj</name>
      </input_file>
      <input_file id="fl-46">
         <path>/Applications/ti/ccs1020/ccs/tools/compiler/ti-cgt-c2000_20.2.2.LTS/lib/</path>
         <kind>archive</kind>
         <file>rts2800_fpu32.lib</file>
         <name>_ltoa.c.obj</name>
      </input_file>
      <input_file id="fl-47">
         <path>/Applications/ti/ccs1020/ccs/tools/compiler/ti-cgt-c2000_20.2.2.LTS/lib/</path>
         <kind>archive</kind>
         <file>rts2800_fpu32.lib</file>
         <name>atoi.c.obj</name>
      </input_file>
      <input_file id="fl-48">
         <path>/Applications/ti/ccs1020/ccs/tools/compiler/ti-cgt-c2000_20.2.2.LTS/lib/</path>
         <kind>archive</kind>
         <file>rts2800_fpu32.lib</file>
         <name>ctype.c.obj</name>
      </input_file>
      <input_file id="fl-49">
         <path>/Applications/ti/ccs1020/ccs/tools/compiler/ti-cgt-c2000_20.2.2.LTS/lib/</path>
         <kind>archive</kind>
         <file>rts2800_fpu32.lib</file>
         <name>memccpy.c.obj</name>
      </input_file>
      <input_file id="fl-4a">
         <path>/Applications/ti/ccs1020/ccs/tools/compiler/ti-cgt-c2000_20.2.2.LTS/lib/</path>
         <kind>archive</kind>
         <file>rts2800_fpu32.lib</file>
         <name>memset.c.obj</name>
      </input_file>
      <input_file id="fl-4b">
         <path>/Applications/ti/ccs1020/ccs/tools/compiler/ti-cgt-c2000_20.2.2.LTS/lib/</path>
         <kind>archive</kind>
         <file>rts2800_fpu32.lib</file>
         <name>strchr.c.obj</name>
      </input_file>
      <input_file id="fl-4c">
         <path>/Applications/ti/ccs1020/ccs/tools/compiler/ti-cgt-c2000_20.2.2.LTS/lib/</path>
         <kind>archive</kind>
         <file>rts2800_fpu32.lib</file>
         <name>strcpy.c.obj</name>
      </input_file>
      <input_file id="fl-4d">
         <path>/Applications/ti/ccs1020/ccs/tools/compiler/ti-cgt-c2000_20.2.2.LTS/lib/</path>
         <kind>archive</kind>
         <file>rts2800_fpu32.lib</file>
         <name>s_frexp.c.obj</name>
      </input_file>
      <input_file id="fl-4e">
         <path>/Applications/ti/ccs1020/ccs/tools/compiler/ti-cgt-c2000_20.2.2.LTS/lib/</path>
         <kind>archive</kind>
         <file>rts2800_fpu32.lib</file>
         <name>s_scalbn.c.obj</name>
      </input_file>
      <input_file id="fl-4f">
         <path>/Applications/ti/ccs1020/ccs/tools/compiler/ti-cgt-c2000_20.2.2.LTS/lib/</path>
         <kind>archive</kind>
         <file>rts2800_fpu32.lib</file>
         <name>wcslen.c.obj</name>
      </input_file>
      <input_file id="fl-50">
         <path>/Applications/ti/ccs1020/ccs/tools/compiler/ti-cgt-c2000_20.2.2.LTS/lib/</path>
         <kind>archive</kind>
         <file>rts2800_fpu32.lib</file>
         <name>s_copysign.c.obj</name>
      </input_file>
      <input_file id="fl-51">
         <path>/Applications/ti/ccs1020/ccs/tools/compiler/ti-cgt-c2000_20.2.2.LTS/lib/</path>
         <kind>archive</kind>
         <file>rts2800_fpu32.lib</file>
         <name>fd_add28.asm.obj</name>
      </input_file>
      <input_file id="fl-52">
         <path>/Applications/ti/ccs1020/ccs/tools/compiler/ti-cgt-c2000_20.2.2.LTS/lib/</path>
         <kind>archive</kind>
         <file>rts2800_fpu32.lib</file>
         <name>errno.c.obj</name>
      </input_file>
   </input_file_list>
   <object_component_list>
      <object_component id="oc-90">
         <name>codestart</name>
         <load_address>0x0</load_address>
         <run_address>0x0</run_address>
         <size>0x2</size>
         <input_file_ref idref="fl-4"/>
      </object_component>
      <object_component id="oc-243">
         <name>.text</name>
         <load_address>0x8000</load_address>
         <run_address>0x8000</run_address>
         <size>0xce4</size>
         <input_file_ref idref="fl-38"/>
      </object_component>
      <object_component id="oc-9c">
         <name>.text:retain</name>
         <load_address>0x8ce4</load_address>
         <run_address>0x8ce4</run_address>
         <size>0x585</size>
         <input_file_ref idref="fl-6"/>
      </object_component>
      <object_component id="oc-23d">
         <name>.text</name>
         <load_address>0x9269</load_address>
         <run_address>0x9269</run_address>
         <size>0x4ab</size>
         <input_file_ref idref="fl-d"/>
      </object_component>
      <object_component id="oc-214">
         <name>.text</name>
         <load_address>0x9714</load_address>
         <run_address>0x9714</run_address>
         <size>0x33c</size>
         <input_file_ref idref="fl-2"/>
      </object_component>
      <object_component id="oc-217">
         <name>.text</name>
         <load_address>0x9a50</load_address>
         <run_address>0x9a50</run_address>
         <size>0x255</size>
         <input_file_ref idref="fl-10"/>
      </object_component>
      <object_component id="oc-21a">
         <name>.text</name>
         <load_address>0x9ca5</load_address>
         <run_address>0x9ca5</run_address>
         <size>0x244</size>
         <input_file_ref idref="fl-9"/>
      </object_component>
      <object_component id="oc-86">
         <name>.text:retain</name>
         <load_address>0x9ee9</load_address>
         <run_address>0x9ee9</run_address>
         <size>0x1e0</size>
         <input_file_ref idref="fl-2"/>
      </object_component>
      <object_component id="oc-1b7">
         <name>.text</name>
         <load_address>0xa0c9</load_address>
         <run_address>0xa0c9</run_address>
         <size>0x107</size>
         <input_file_ref idref="fl-41"/>
      </object_component>
      <object_component id="oc-215">
         <name>.text</name>
         <load_address>0xa1d0</load_address>
         <run_address>0xa1d0</run_address>
         <size>0xfb</size>
         <input_file_ref idref="fl-f"/>
      </object_component>
      <object_component id="oc-12f">
         <name>.text:retain</name>
         <load_address>0xa2cb</load_address>
         <run_address>0xa2cb</run_address>
         <size>0xb5</size>
         <input_file_ref idref="fl-10"/>
      </object_component>
      <object_component id="oc-249">
         <name>.text</name>
         <load_address>0xa380</load_address>
         <run_address>0xa380</run_address>
         <size>0xae</size>
         <input_file_ref idref="fl-4e"/>
      </object_component>
      <object_component id="oc-206">
         <name>.text</name>
         <load_address>0xa42e</load_address>
         <run_address>0xa42e</run_address>
         <size>0x9c</size>
         <input_file_ref idref="fl-51"/>
      </object_component>
      <object_component id="oc-1cb">
         <name>.text</name>
         <load_address>0xa4ca</load_address>
         <run_address>0xa4ca</run_address>
         <size>0x8b</size>
         <input_file_ref idref="fl-45"/>
      </object_component>
      <object_component id="oc-14f">
         <name>.text</name>
         <load_address>0xa555</load_address>
         <run_address>0xa555</run_address>
         <size>0x88</size>
         <input_file_ref idref="fl-2d"/>
      </object_component>
      <object_component id="oc-194">
         <name>.text</name>
         <load_address>0xa5dd</load_address>
         <run_address>0xa5dd</run_address>
         <size>0x83</size>
         <input_file_ref idref="fl-3a"/>
      </object_component>
      <object_component id="oc-240">
         <name>.text</name>
         <load_address>0xa660</load_address>
         <run_address>0xa660</run_address>
         <size>0x7c</size>
         <input_file_ref idref="fl-5"/>
      </object_component>
      <object_component id="oc-248">
         <name>.text</name>
         <load_address>0xa6dc</load_address>
         <run_address>0xa6dc</run_address>
         <size>0x5a</size>
         <input_file_ref idref="fl-4d"/>
      </object_component>
      <object_component id="oc-83">
         <name>.text</name>
         <load_address>0xa736</load_address>
         <run_address>0xa736</run_address>
         <size>0x56</size>
         <input_file_ref idref="fl-2c"/>
      </object_component>
      <object_component id="oc-246">
         <name>.text</name>
         <load_address>0xa78c</load_address>
         <run_address>0xa78c</run_address>
         <size>0x31</size>
         <input_file_ref idref="fl-47"/>
      </object_component>
      <object_component id="oc-247">
         <name>.text</name>
         <load_address>0xa7bd</load_address>
         <run_address>0xa7bd</run_address>
         <size>0x30</size>
         <input_file_ref idref="fl-46"/>
      </object_component>
      <object_component id="oc-212">
         <name>.text</name>
         <load_address>0xa7ed</load_address>
         <run_address>0xa7ed</run_address>
         <size>0x12</size>
         <input_file_ref idref="fl-36"/>
      </object_component>
      <object_component id="oc-211">
         <name>.text</name>
         <load_address>0xa7ff</load_address>
         <run_address>0xa7ff</run_address>
         <size>0x1</size>
         <input_file_ref idref="fl-33"/>
      </object_component>
      <object_component id="oc-21b">
         <name>.text</name>
         <load_address>0xd000</load_address>
         <run_address>0xd000</run_address>
         <size>0x30</size>
         <input_file_ref idref="fl-2b"/>
      </object_component>
      <object_component id="oc-18f">
         <name>.text</name>
         <load_address>0xd030</load_address>
         <run_address>0xd030</run_address>
         <size>0x2a</size>
         <input_file_ref idref="fl-39"/>
      </object_component>
      <object_component id="oc-159">
         <name>.text</name>
         <load_address>0xd05a</load_address>
         <run_address>0xd05a</run_address>
         <size>0x2a</size>
         <input_file_ref idref="fl-2f"/>
      </object_component>
      <object_component id="oc-213">
         <name>.text</name>
         <load_address>0xd084</load_address>
         <run_address>0xd084</run_address>
         <size>0x29</size>
         <input_file_ref idref="fl-34"/>
      </object_component>
      <object_component id="oc-23e">
         <name>.text</name>
         <load_address>0xd0ad</load_address>
         <run_address>0xd0ad</run_address>
         <size>0x28</size>
         <input_file_ref idref="fl-a"/>
      </object_component>
      <object_component id="oc-23f">
         <name>.text</name>
         <load_address>0xd0d5</load_address>
         <run_address>0xd0d5</run_address>
         <size>0x26</size>
         <input_file_ref idref="fl-b"/>
      </object_component>
      <object_component id="oc-250">
         <name>.text</name>
         <load_address>0xd0fb</load_address>
         <run_address>0xd0fb</run_address>
         <size>0x25</size>
         <input_file_ref idref="fl-50"/>
      </object_component>
      <object_component id="oc-210">
         <name>.text</name>
         <load_address>0xd120</load_address>
         <run_address>0xd120</run_address>
         <size>0x24</size>
         <input_file_ref idref="fl-30"/>
      </object_component>
      <object_component id="oc-1a3">
         <name>.text</name>
         <load_address>0xd144</load_address>
         <run_address>0xd144</run_address>
         <size>0x21</size>
         <input_file_ref idref="fl-3d"/>
      </object_component>
      <object_component id="oc-1a8">
         <name>.text</name>
         <load_address>0xd165</load_address>
         <run_address>0xd165</run_address>
         <size>0x1f</size>
         <input_file_ref idref="fl-3e"/>
      </object_component>
      <object_component id="oc-1b2">
         <name>.text</name>
         <load_address>0xd184</load_address>
         <run_address>0xd184</run_address>
         <size>0x1e</size>
         <input_file_ref idref="fl-40"/>
      </object_component>
      <object_component id="oc-1bc">
         <name>.text</name>
         <load_address>0xd1a2</load_address>
         <run_address>0xd1a2</run_address>
         <size>0x1d</size>
         <input_file_ref idref="fl-42"/>
      </object_component>
      <object_component id="oc-216">
         <name>.text</name>
         <load_address>0xd1bf</load_address>
         <run_address>0xd1bf</run_address>
         <size>0x1d</size>
         <input_file_ref idref="fl-31"/>
      </object_component>
      <object_component id="oc-1c6">
         <name>.text</name>
         <load_address>0xd1dc</load_address>
         <run_address>0xd1dc</run_address>
         <size>0x1c</size>
         <input_file_ref idref="fl-44"/>
      </object_component>
      <object_component id="oc-1c1">
         <name>.text</name>
         <load_address>0xd1f8</load_address>
         <run_address>0xd1f8</run_address>
         <size>0x1c</size>
         <input_file_ref idref="fl-43"/>
      </object_component>
      <object_component id="oc-1ad">
         <name>.text</name>
         <load_address>0xd214</load_address>
         <run_address>0xd214</run_address>
         <size>0x18</size>
         <input_file_ref idref="fl-3f"/>
      </object_component>
      <object_component id="oc-24d">
         <name>.text</name>
         <load_address>0xd22c</load_address>
         <run_address>0xd22c</run_address>
         <size>0x10</size>
         <input_file_ref idref="fl-49"/>
      </object_component>
      <object_component id="oc-19e">
         <name>.text</name>
         <load_address>0xd23c</load_address>
         <run_address>0xd23c</run_address>
         <size>0xe</size>
         <input_file_ref idref="fl-3c"/>
      </object_component>
      <object_component id="oc-24a">
         <name>.text</name>
         <load_address>0xd24a</load_address>
         <run_address>0xd24a</run_address>
         <size>0xc</size>
         <input_file_ref idref="fl-4b"/>
      </object_component>
      <object_component id="oc-154">
         <name>.text</name>
         <load_address>0xd256</load_address>
         <run_address>0xd256</run_address>
         <size>0xb</size>
         <input_file_ref idref="fl-2e"/>
      </object_component>
      <object_component id="oc-241">
         <name>.text</name>
         <load_address>0xd261</load_address>
         <run_address>0xd261</run_address>
         <size>0x9</size>
         <input_file_ref idref="fl-35"/>
      </object_component>
      <object_component id="oc-199">
         <name>.text</name>
         <load_address>0xd26a</load_address>
         <run_address>0xd26a</run_address>
         <size>0x9</size>
         <input_file_ref idref="fl-3b"/>
      </object_component>
      <object_component id="oc-24e">
         <name>.text</name>
         <load_address>0xd273</load_address>
         <run_address>0xd273</run_address>
         <size>0x9</size>
         <input_file_ref idref="fl-4f"/>
      </object_component>
      <object_component id="oc-21c">
         <name>.text</name>
         <load_address>0xd27c</load_address>
         <run_address>0xd27c</run_address>
         <size>0x8</size>
         <input_file_ref idref="fl-37"/>
      </object_component>
      <object_component id="oc-24b">
         <name>.text</name>
         <load_address>0xd284</load_address>
         <run_address>0xd284</run_address>
         <size>0x7</size>
         <input_file_ref idref="fl-4a"/>
      </object_component>
      <object_component id="oc-24c">
         <name>.text</name>
         <load_address>0xd28b</load_address>
         <run_address>0xd28b</run_address>
         <size>0x5</size>
         <input_file_ref idref="fl-4c"/>
      </object_component>
      <object_component id="oc-20f">
         <name>.text</name>
         <load_address>0xd290</load_address>
         <run_address>0xd290</run_address>
         <size>0x2</size>
         <input_file_ref idref="fl-32"/>
      </object_component>
      <object_component id="oc-12d">
         <name>.cinit</name>
         <load_address>0xb000</load_address>
         <run_address>0xb000</run_address>
         <size>0x17</size>
         <input_file_ref idref="fl-10"/>
      </object_component>
      <object_component id="oc-21e">
         <name>.cinit:_LED_0</name>
         <load_address>0xb017</load_address>
         <run_address>0xb017</run_address>
         <size>0x12</size>
         <input_file_ref idref="fl-f"/>
      </object_component>
      <object_component id="oc-220">
         <name>.cinit:_LED_1</name>
         <load_address>0xb029</load_address>
         <run_address>0xb029</run_address>
         <size>0x12</size>
         <input_file_ref idref="fl-f"/>
      </object_component>
      <object_component id="oc-222">
         <name>.cinit:_LED_2</name>
         <load_address>0xb03b</load_address>
         <run_address>0xb03b</run_address>
         <size>0x12</size>
         <input_file_ref idref="fl-f"/>
      </object_component>
      <object_component id="oc-224">
         <name>.cinit:_LED_3</name>
         <load_address>0xb04d</load_address>
         <run_address>0xb04d</run_address>
         <size>0x12</size>
         <input_file_ref idref="fl-f"/>
      </object_component>
      <object_component id="oc-226">
         <name>.cinit:_LED_4</name>
         <load_address>0xb05f</load_address>
         <run_address>0xb05f</run_address>
         <size>0x12</size>
         <input_file_ref idref="fl-f"/>
      </object_component>
      <object_component id="oc-228">
         <name>.cinit:_LED_5</name>
         <load_address>0xb071</load_address>
         <run_address>0xb071</run_address>
         <size>0x12</size>
         <input_file_ref idref="fl-f"/>
      </object_component>
      <object_component id="oc-22a">
         <name>.cinit:_LED_6</name>
         <load_address>0xb083</load_address>
         <run_address>0xb083</run_address>
         <size>0x12</size>
         <input_file_ref idref="fl-f"/>
      </object_component>
      <object_component id="oc-22c">
         <name>.cinit:_LED_7</name>
         <load_address>0xb095</load_address>
         <run_address>0xb095</run_address>
         <size>0x12</size>
         <input_file_ref idref="fl-f"/>
      </object_component>
      <object_component id="oc-22e">
         <name>.cinit:_LED_8</name>
         <load_address>0xb0a7</load_address>
         <run_address>0xb0a7</run_address>
         <size>0x12</size>
         <input_file_ref idref="fl-f"/>
      </object_component>
      <object_component id="oc-230">
         <name>.cinit:_LED_9</name>
         <load_address>0xb0b9</load_address>
         <run_address>0xb0b9</run_address>
         <size>0x12</size>
         <input_file_ref idref="fl-f"/>
      </object_component>
      <object_component id="oc-232">
         <name>.cinit:_LED_A</name>
         <load_address>0xb0cb</load_address>
         <run_address>0xb0cb</run_address>
         <size>0x12</size>
         <input_file_ref idref="fl-f"/>
      </object_component>
      <object_component id="oc-234">
         <name>.cinit:_LED_B</name>
         <load_address>0xb0dd</load_address>
         <run_address>0xb0dd</run_address>
         <size>0x12</size>
         <input_file_ref idref="fl-f"/>
      </object_component>
      <object_component id="oc-236">
         <name>.cinit:_LED_C</name>
         <load_address>0xb0ef</load_address>
         <run_address>0xb0ef</run_address>
         <size>0x12</size>
         <input_file_ref idref="fl-f"/>
      </object_component>
      <object_component id="oc-238">
         <name>.cinit:_LED_D</name>
         <load_address>0xb101</load_address>
         <run_address>0xb101</run_address>
         <size>0x12</size>
         <input_file_ref idref="fl-f"/>
      </object_component>
      <object_component id="oc-23a">
         <name>.cinit:_LED_E</name>
         <load_address>0xb113</load_address>
         <run_address>0xb113</run_address>
         <size>0x12</size>
         <input_file_ref idref="fl-f"/>
      </object_component>
      <object_component id="oc-23c">
         <name>.cinit:_LED_F</name>
         <load_address>0xb125</load_address>
         <run_address>0xb125</run_address>
         <size>0x12</size>
         <input_file_ref idref="fl-f"/>
      </object_component>
      <object_component id="oc-136">
         <name>.cinit</name>
         <load_address>0xb137</load_address>
         <run_address>0xb137</run_address>
         <size>0xf</size>
         <input_file_ref idref="fl-11"/>
      </object_component>
      <object_component id="oc-173">
         <name>.cinit</name>
         <load_address>0xb146</load_address>
         <run_address>0xb146</run_address>
         <size>0xe</size>
         <input_file_ref idref="fl-34"/>
      </object_component>
      <object_component id="oc-219">
         <name>.cinit:__lock</name>
         <load_address>0xb154</load_address>
         <run_address>0xb154</run_address>
         <size>0x5</size>
         <input_file_ref idref="fl-35"/>
      </object_component>
      <object_component id="oc-242">
         <name>.cinit:__unlock</name>
         <load_address>0xb159</load_address>
         <run_address>0xb159</run_address>
         <size>0x5</size>
         <input_file_ref idref="fl-35"/>
      </object_component>
      <object_component id="oc-20c">
         <name>.cinit</name>
         <load_address>0xb15e</load_address>
         <run_address>0xb15e</run_address>
         <size>0x4</size>
         <input_file_ref idref="fl-52"/>
      </object_component>
      <object_component id="oc-14a">
         <name>.reset</name>
         <load_address>0x3fffc0</load_address>
         <run_address>0x3fffc0</run_address>
         <size>0x2</size>
         <input_file_ref idref="fl-2c"/>
      </object_component>
      <object_component id="oc-149">
         <name>.stack</name>
         <uninitialized>true</uninitialized>
         <run_address>0xb800</run_address>
         <size>0x0</size>
         <input_file_ref idref="fl-2c"/>
      </object_component>
      <object_component id="oc-2d9">
         <name>.stack</name>
         <uninitialized>true</uninitialized>
         <run_address>0xb800</run_address>
         <size>0x0</size>
      </object_component>
      <object_component id="oc-85">
         <name>.ebss</name>
         <uninitialized>true</uninitialized>
         <run_address>0x15000</run_address>
         <size>0x2f30</size>
         <input_file_ref idref="fl-2"/>
      </object_component>
      <object_component id="oc-96">
         <name>.ebss</name>
         <uninitialized>true</uninitialized>
         <run_address>0x17f40</run_address>
         <size>0x18</size>
         <input_file_ref idref="fl-5"/>
      </object_component>
      <object_component id="oc-21d">
         <name>.ebss:_LED_0</name>
         <uninitialized>true</uninitialized>
         <run_address>0x17f30</run_address>
         <size>0xf</size>
         <input_file_ref idref="fl-f"/>
      </object_component>
      <object_component id="oc-21f">
         <name>.ebss:_LED_1</name>
         <uninitialized>true</uninitialized>
         <run_address>0x17f58</run_address>
         <size>0xf</size>
         <input_file_ref idref="fl-f"/>
      </object_component>
      <object_component id="oc-221">
         <name>.ebss:_LED_2</name>
         <uninitialized>true</uninitialized>
         <run_address>0x17f67</run_address>
         <size>0xf</size>
         <input_file_ref idref="fl-f"/>
      </object_component>
      <object_component id="oc-223">
         <name>.ebss:_LED_3</name>
         <uninitialized>true</uninitialized>
         <run_address>0x17f80</run_address>
         <size>0xf</size>
         <input_file_ref idref="fl-f"/>
      </object_component>
      <object_component id="oc-225">
         <name>.ebss:_LED_4</name>
         <uninitialized>true</uninitialized>
         <run_address>0x17f8f</run_address>
         <size>0xf</size>
         <input_file_ref idref="fl-f"/>
      </object_component>
      <object_component id="oc-227">
         <name>.ebss:_LED_5</name>
         <uninitialized>true</uninitialized>
         <run_address>0x17f9e</run_address>
         <size>0xf</size>
         <input_file_ref idref="fl-f"/>
      </object_component>
      <object_component id="oc-229">
         <name>.ebss:_LED_6</name>
         <uninitialized>true</uninitialized>
         <run_address>0x17fad</run_address>
         <size>0xf</size>
         <input_file_ref idref="fl-f"/>
      </object_component>
      <object_component id="oc-22b">
         <name>.ebss:_LED_7</name>
         <uninitialized>true</uninitialized>
         <run_address>0x17fc0</run_address>
         <size>0xf</size>
         <input_file_ref idref="fl-f"/>
      </object_component>
      <object_component id="oc-22d">
         <name>.ebss:_LED_8</name>
         <uninitialized>true</uninitialized>
         <run_address>0x17fcf</run_address>
         <size>0xf</size>
         <input_file_ref idref="fl-f"/>
      </object_component>
      <object_component id="oc-22f">
         <name>.ebss:_LED_9</name>
         <uninitialized>true</uninitialized>
         <run_address>0x17fde</run_address>
         <size>0xf</size>
         <input_file_ref idref="fl-f"/>
      </object_component>
      <object_component id="oc-231">
         <name>.ebss:_LED_A</name>
         <uninitialized>true</uninitialized>
         <run_address>0x17fed</run_address>
         <size>0xf</size>
         <input_file_ref idref="fl-f"/>
      </object_component>
      <object_component id="oc-233">
         <name>.ebss:_LED_B</name>
         <uninitialized>true</uninitialized>
         <run_address>0x18000</run_address>
         <size>0xf</size>
         <input_file_ref idref="fl-f"/>
      </object_component>
      <object_component id="oc-235">
         <name>.ebss:_LED_C</name>
         <uninitialized>true</uninitialized>
         <run_address>0x1800f</run_address>
         <size>0xf</size>
         <input_file_ref idref="fl-f"/>
      </object_component>
      <object_component id="oc-237">
         <name>.ebss:_LED_D</name>
         <uninitialized>true</uninitialized>
         <run_address>0x1801e</run_address>
         <size>0xf</size>
         <input_file_ref idref="fl-f"/>
      </object_component>
      <object_component id="oc-239">
         <name>.ebss:_LED_E</name>
         <uninitialized>true</uninitialized>
         <run_address>0x1802d</run_address>
         <size>0xf</size>
         <input_file_ref idref="fl-f"/>
      </object_component>
      <object_component id="oc-23b">
         <name>.ebss:_LED_F</name>
         <uninitialized>true</uninitialized>
         <run_address>0x18040</run_address>
         <size>0xf</size>
         <input_file_ref idref="fl-f"/>
      </object_component>
      <object_component id="oc-12e">
         <name>.ebss</name>
         <uninitialized>true</uninitialized>
         <run_address>0x17f76</run_address>
         <size>0x8</size>
         <input_file_ref idref="fl-10"/>
      </object_component>
      <object_component id="oc-137">
         <name>.ebss</name>
         <uninitialized>true</uninitialized>
         <run_address>0x18050</run_address>
         <size>0x6</size>
         <input_file_ref idref="fl-11"/>
      </object_component>
      <object_component id="oc-174">
         <name>.ebss</name>
         <uninitialized>true</uninitialized>
         <run_address>0x18056</run_address>
         <size>0x6</size>
         <input_file_ref idref="fl-34"/>
      </object_component>
      <object_component id="oc-218">
         <name>.ebss:__lock</name>
         <uninitialized>true</uninitialized>
         <run_address>0x17f7e</run_address>
         <size>0x2</size>
         <input_file_ref idref="fl-35"/>
      </object_component>
      <object_component id="oc-245">
         <name>.ebss:__unlock</name>
         <uninitialized>true</uninitialized>
         <run_address>0x17fbc</run_address>
         <size>0x2</size>
         <input_file_ref idref="fl-35"/>
      </object_component>
      <object_component id="oc-20d">
         <name>.ebss</name>
         <uninitialized>true</uninitialized>
         <run_address>0x17f3f</run_address>
         <size>0x1</size>
         <input_file_ref idref="fl-52"/>
      </object_component>
      <object_component id="oc-244">
         <name>.econst:_PieVectTableInit</name>
         <load_address>0xa800</load_address>
         <run_address>0xa800</run_address>
         <size>0x1c0</size>
         <input_file_ref idref="fl-b"/>
      </object_component>
      <object_component id="oc-24f">
         <name>.econst:.string:__ctypes_</name>
         <load_address>0xa9c0</load_address>
         <run_address>0xa9c0</run_address>
         <size>0x101</size>
         <input_file_ref idref="fl-48"/>
      </object_component>
      <object_component id="oc-13f">
         <name>.econst:.string</name>
         <load_address>0xaac2</load_address>
         <run_address>0xaac2</run_address>
         <size>0x60</size>
         <input_file_ref idref="fl-1f"/>
      </object_component>
      <object_component id="oc-18a">
         <name>.econst:.string</name>
         <load_address>0xab22</load_address>
         <run_address>0xab22</run_address>
         <size>0x26</size>
         <input_file_ref idref="fl-38"/>
      </object_component>
      <object_component id="oc-130">
         <name>.econst:.string</name>
         <load_address>0xab48</load_address>
         <run_address>0xab48</run_address>
         <size>0x23</size>
         <input_file_ref idref="fl-10"/>
      </object_component>
      <object_component id="oc-189">
         <name>.econst</name>
         <load_address>0xab6c</load_address>
         <run_address>0xab6c</run_address>
         <size>0x1c</size>
         <input_file_ref idref="fl-38"/>
      </object_component>
      <object_component id="oc-1f7">
         <name>.econst</name>
         <load_address>0xab88</load_address>
         <run_address>0xab88</run_address>
         <size>0x1c</size>
         <input_file_ref idref="fl-4e"/>
      </object_component>
      <object_component id="oc-138">
         <name>.econst:.string</name>
         <load_address>0xaba4</load_address>
         <run_address>0xaba4</run_address>
         <size>0x13</size>
         <input_file_ref idref="fl-11"/>
      </object_component>
      <object_component id="oc-1f1">
         <name>.econst</name>
         <load_address>0xabb8</load_address>
         <run_address>0xabb8</run_address>
         <size>0x8</size>
         <input_file_ref idref="fl-4d"/>
      </object_component>
      <object_component id="oc-122">
         <name>.TI.ramfunc</name>
         <load_address>0x123</load_address>
         <run_address>0x123</run_address>
         <size>0x4</size>
         <input_file_ref idref="fl-e"/>
      </object_component>
      <object_component id="oc-13e">
         <name>.TI.ramfunc</name>
         <load_address>0x127</load_address>
         <run_address>0x127</run_address>
         <size>0x4</size>
         <input_file_ref idref="fl-1f"/>
      </object_component>
      <object_component id="oc-107">
         <name>PieVectTableFile</name>
         <uninitialized>true</uninitialized>
         <run_address>0xd00</run_address>
         <size>0x1c0</size>
         <input_file_ref idref="fl-8"/>
      </object_component>
      <object_component id="oc-a7">
         <name>EmuBModeVar</name>
         <uninitialized>true</uninitialized>
         <run_address>0xd00</run_address>
         <size>0x1</size>
         <input_file_ref idref="fl-8"/>
      </object_component>
      <object_component id="oc-a8">
         <name>EmuBootPinsVar</name>
         <uninitialized>true</uninitialized>
         <run_address>0xd01</run_address>
         <size>0x1</size>
         <input_file_ref idref="fl-8"/>
      </object_component>
      <object_component id="oc-be">
         <name>AdcaResultFile</name>
         <uninitialized>true</uninitialized>
         <run_address>0xb00</run_address>
         <size>0x18</size>
         <input_file_ref idref="fl-8"/>
      </object_component>
      <object_component id="oc-bf">
         <name>AdcbResultFile</name>
         <uninitialized>true</uninitialized>
         <run_address>0xb20</run_address>
         <size>0x18</size>
         <input_file_ref idref="fl-8"/>
      </object_component>
      <object_component id="oc-c0">
         <name>AdccResultFile</name>
         <uninitialized>true</uninitialized>
         <run_address>0xb40</run_address>
         <size>0x18</size>
         <input_file_ref idref="fl-8"/>
      </object_component>
      <object_component id="oc-c1">
         <name>AdcdResultFile</name>
         <uninitialized>true</uninitialized>
         <run_address>0xb60</run_address>
         <size>0x18</size>
         <input_file_ref idref="fl-8"/>
      </object_component>
      <object_component id="oc-ed">
         <name>AdcaRegsFile</name>
         <uninitialized>true</uninitialized>
         <run_address>0x7400</run_address>
         <size>0x80</size>
         <input_file_ref idref="fl-8"/>
      </object_component>
      <object_component id="oc-ee">
         <name>AdcbRegsFile</name>
         <uninitialized>true</uninitialized>
         <run_address>0x7480</run_address>
         <size>0x80</size>
         <input_file_ref idref="fl-8"/>
      </object_component>
      <object_component id="oc-ef">
         <name>AdccRegsFile</name>
         <uninitialized>true</uninitialized>
         <run_address>0x7500</run_address>
         <size>0x80</size>
         <input_file_ref idref="fl-8"/>
      </object_component>
      <object_component id="oc-f0">
         <name>AdcdRegsFile</name>
         <uninitialized>true</uninitialized>
         <run_address>0x7580</run_address>
         <size>0x80</size>
         <input_file_ref idref="fl-8"/>
      </object_component>
      <object_component id="oc-e9">
         <name>AnalogSubsysRegsFile</name>
         <uninitialized>true</uninitialized>
         <run_address>0x5d180</run_address>
         <size>0x48</size>
         <input_file_ref idref="fl-8"/>
      </object_component>
      <object_component id="oc-103">
         <name>CanaRegsFile</name>
         <uninitialized>true</uninitialized>
         <run_address>0x48000</run_address>
         <size>0x164</size>
         <input_file_ref idref="fl-8"/>
      </object_component>
      <object_component id="oc-104">
         <name>CanbRegsFile</name>
         <uninitialized>true</uninitialized>
         <run_address>0x4a000</run_address>
         <size>0x164</size>
         <input_file_ref idref="fl-8"/>
      </object_component>
      <object_component id="oc-e4">
         <name>Cla1RegsFile</name>
         <uninitialized>true</uninitialized>
         <run_address>0x1400</run_address>
         <size>0x3e</size>
         <input_file_ref idref="fl-8"/>
      </object_component>
      <object_component id="oc-ac">
         <name>Cla1SoftIntRegsFile</name>
         <uninitialized>true</uninitialized>
         <run_address>0xce0</run_address>
         <size>0x4</size>
         <input_file_ref idref="fl-8"/>
      </object_component>
      <object_component id="oc-c4">
         <name>Cmpss1RegsFile</name>
         <uninitialized>true</uninitialized>
         <run_address>0x5c80</run_address>
         <size>0x20</size>
         <input_file_ref idref="fl-8"/>
      </object_component>
      <object_component id="oc-c5">
         <name>Cmpss2RegsFile</name>
         <uninitialized>true</uninitialized>
         <run_address>0x5ca0</run_address>
         <size>0x20</size>
         <input_file_ref idref="fl-8"/>
      </object_component>
      <object_component id="oc-c6">
         <name>Cmpss3RegsFile</name>
         <uninitialized>true</uninitialized>
         <run_address>0x5cc0</run_address>
         <size>0x20</size>
         <input_file_ref idref="fl-8"/>
      </object_component>
      <object_component id="oc-c7">
         <name>Cmpss4RegsFile</name>
         <uninitialized>true</uninitialized>
         <run_address>0x5ce0</run_address>
         <size>0x20</size>
         <input_file_ref idref="fl-8"/>
      </object_component>
      <object_component id="oc-c8">
         <name>Cmpss5RegsFile</name>
         <uninitialized>true</uninitialized>
         <run_address>0x5d00</run_address>
         <size>0x20</size>
         <input_file_ref idref="fl-8"/>
      </object_component>
      <object_component id="oc-c9">
         <name>Cmpss6RegsFile</name>
         <uninitialized>true</uninitialized>
         <run_address>0x5d20</run_address>
         <size>0x20</size>
         <input_file_ref idref="fl-8"/>
      </object_component>
      <object_component id="oc-ca">
         <name>Cmpss7RegsFile</name>
         <uninitialized>true</uninitialized>
         <run_address>0x5d40</run_address>
         <size>0x20</size>
         <input_file_ref idref="fl-8"/>
      </object_component>
      <object_component id="oc-cb">
         <name>Cmpss8RegsFile</name>
         <uninitialized>true</uninitialized>
         <run_address>0x5d60</run_address>
         <size>0x20</size>
         <input_file_ref idref="fl-8"/>
      </object_component>
      <object_component id="oc-b2">
         <name>CpuTimer0RegsFile</name>
         <uninitialized>true</uninitialized>
         <run_address>0xc00</run_address>
         <size>0x8</size>
         <input_file_ref idref="fl-8"/>
      </object_component>
      <object_component id="oc-b3">
         <name>CpuTimer1RegsFile</name>
         <uninitialized>true</uninitialized>
         <run_address>0xc08</run_address>
         <size>0x8</size>
         <input_file_ref idref="fl-8"/>
      </object_component>
      <object_component id="oc-b4">
         <name>CpuTimer2RegsFile</name>
         <uninitialized>true</uninitialized>
         <run_address>0xc10</run_address>
         <size>0x8</size>
         <input_file_ref idref="fl-8"/>
      </object_component>
      <object_component id="oc-af">
         <name>DacaRegsFile</name>
         <uninitialized>true</uninitialized>
         <run_address>0x5c00</run_address>
         <size>0x8</size>
         <input_file_ref idref="fl-8"/>
      </object_component>
      <object_component id="oc-b0">
         <name>DacbRegsFile</name>
         <uninitialized>true</uninitialized>
         <run_address>0x5c10</run_address>
         <size>0x8</size>
         <input_file_ref idref="fl-8"/>
      </object_component>
      <object_component id="oc-b1">
         <name>DaccRegsFile</name>
         <uninitialized>true</uninitialized>
         <run_address>0x5c20</run_address>
         <size>0x8</size>
         <input_file_ref idref="fl-8"/>
      </object_component>
      <object_component id="oc-db">
         <name>DcsmZ1RegsFile</name>
         <uninitialized>true</uninitialized>
         <run_address>0x5f000</run_address>
         <size>0x24</size>
         <input_file_ref idref="fl-8"/>
      </object_component>
      <object_component id="oc-dc">
         <name>DcsmZ2RegsFile</name>
         <uninitialized>true</uninitialized>
         <run_address>0x5f040</run_address>
         <size>0x24</size>
         <input_file_ref idref="fl-8"/>
      </object_component>
      <object_component id="oc-b5">
         <name>DcsmCommonRegsFile</name>
         <uninitialized>true</uninitialized>
         <run_address>0x5f070</run_address>
         <size>0x8</size>
         <input_file_ref idref="fl-8"/>
      </object_component>
      <object_component id="oc-f5">
         <name>DmaRegsFile</name>
         <uninitialized>true</uninitialized>
         <run_address>0x1000</run_address>
         <size>0xe0</size>
         <input_file_ref idref="fl-8"/>
      </object_component>
      <object_component id="oc-c2">
         <name>DmaClaSrcSelRegsFile</name>
         <uninitialized>true</uninitialized>
         <run_address>0x7980</run_address>
         <size>0x1a</size>
         <input_file_ref idref="fl-8"/>
      </object_component>
      <object_component id="oc-cc">
         <name>ECap1RegsFile</name>
         <uninitialized>true</uninitialized>
         <run_address>0x5000</run_address>
         <size>0x20</size>
         <input_file_ref idref="fl-8"/>
      </object_component>
      <object_component id="oc-cd">
         <name>ECap2RegsFile</name>
         <uninitialized>true</uninitialized>
         <run_address>0x5020</run_address>
         <size>0x20</size>
         <input_file_ref idref="fl-8"/>
      </object_component>
      <object_component id="oc-ce">
         <name>ECap3RegsFile</name>
         <uninitialized>true</uninitialized>
         <run_address>0x5040</run_address>
         <size>0x20</size>
         <input_file_ref idref="fl-8"/>
      </object_component>
      <object_component id="oc-cf">
         <name>ECap4RegsFile</name>
         <uninitialized>true</uninitialized>
         <run_address>0x5060</run_address>
         <size>0x20</size>
         <input_file_ref idref="fl-8"/>
      </object_component>
      <object_component id="oc-d0">
         <name>ECap5RegsFile</name>
         <uninitialized>true</uninitialized>
         <run_address>0x5080</run_address>
         <size>0x20</size>
         <input_file_ref idref="fl-8"/>
      </object_component>
      <object_component id="oc-d1">
         <name>ECap6RegsFile</name>
         <uninitialized>true</uninitialized>
         <run_address>0x50a0</run_address>
         <size>0x20</size>
         <input_file_ref idref="fl-8"/>
      </object_component>
      <object_component id="oc-eb">
         <name>Emif1RegsFile</name>
         <uninitialized>true</uninitialized>
         <run_address>0x47000</run_address>
         <size>0x70</size>
         <input_file_ref idref="fl-8"/>
      </object_component>
      <object_component id="oc-ec">
         <name>Emif2RegsFile</name>
         <uninitialized>true</uninitialized>
         <run_address>0x47800</run_address>
         <size>0x70</size>
         <input_file_ref idref="fl-8"/>
      </object_component>
      <object_component id="oc-f6">
         <name>EPwm1RegsFile</name>
         <uninitialized>true</uninitialized>
         <run_address>0x4000</run_address>
         <size>0x100</size>
         <input_file_ref idref="fl-8"/>
      </object_component>
      <object_component id="oc-f7">
         <name>EPwm2RegsFile</name>
         <uninitialized>true</uninitialized>
         <run_address>0x4100</run_address>
         <size>0x100</size>
         <input_file_ref idref="fl-8"/>
      </object_component>
      <object_component id="oc-f8">
         <name>EPwm3RegsFile</name>
         <uninitialized>true</uninitialized>
         <run_address>0x4200</run_address>
         <size>0x100</size>
         <input_file_ref idref="fl-8"/>
      </object_component>
      <object_component id="oc-f9">
         <name>EPwm4RegsFile</name>
         <uninitialized>true</uninitialized>
         <run_address>0x4300</run_address>
         <size>0x100</size>
         <input_file_ref idref="fl-8"/>
      </object_component>
      <object_component id="oc-fa">
         <name>EPwm5RegsFile</name>
         <uninitialized>true</uninitialized>
         <run_address>0x4400</run_address>
         <size>0x100</size>
         <input_file_ref idref="fl-8"/>
      </object_component>
      <object_component id="oc-fb">
         <name>EPwm6RegsFile</name>
         <uninitialized>true</uninitialized>
         <run_address>0x4500</run_address>
         <size>0x100</size>
         <input_file_ref idref="fl-8"/>
      </object_component>
      <object_component id="oc-fc">
         <name>EPwm7RegsFile</name>
         <uninitialized>true</uninitialized>
         <run_address>0x4600</run_address>
         <size>0x100</size>
         <input_file_ref idref="fl-8"/>
      </object_component>
      <object_component id="oc-fd">
         <name>EPwm8RegsFile</name>
         <uninitialized>true</uninitialized>
         <run_address>0x4700</run_address>
         <size>0x100</size>
         <input_file_ref idref="fl-8"/>
      </object_component>
      <object_component id="oc-fe">
         <name>EPwm9RegsFile</name>
         <uninitialized>true</uninitialized>
         <run_address>0x4800</run_address>
         <size>0x100</size>
         <input_file_ref idref="fl-8"/>
      </object_component>
      <object_component id="oc-ff">
         <name>EPwm10RegsFile</name>
         <uninitialized>true</uninitialized>
         <run_address>0x4900</run_address>
         <size>0x100</size>
         <input_file_ref idref="fl-8"/>
      </object_component>
      <object_component id="oc-100">
         <name>EPwm11RegsFile</name>
         <uninitialized>true</uninitialized>
         <run_address>0x4a00</run_address>
         <size>0x100</size>
         <input_file_ref idref="fl-8"/>
      </object_component>
      <object_component id="oc-101">
         <name>EPwm12RegsFile</name>
         <uninitialized>true</uninitialized>
         <run_address>0x4b00</run_address>
         <size>0x100</size>
         <input_file_ref idref="fl-8"/>
      </object_component>
      <object_component id="oc-e5">
         <name>EPwmXbarRegsFile</name>
         <uninitialized>true</uninitialized>
         <run_address>0x7a00</run_address>
         <size>0x40</size>
         <input_file_ref idref="fl-8"/>
      </object_component>
      <object_component id="oc-d6">
         <name>EQep1RegsFile</name>
         <uninitialized>true</uninitialized>
         <run_address>0x5100</run_address>
         <size>0x22</size>
         <input_file_ref idref="fl-8"/>
      </object_component>
      <object_component id="oc-d7">
         <name>EQep2RegsFile</name>
         <uninitialized>true</uninitialized>
         <run_address>0x5140</run_address>
         <size>0x22</size>
         <input_file_ref idref="fl-8"/>
      </object_component>
      <object_component id="oc-d8">
         <name>EQep3RegsFile</name>
         <uninitialized>true</uninitialized>
         <run_address>0x5180</run_address>
         <size>0x22</size>
         <input_file_ref idref="fl-8"/>
      </object_component>
      <object_component id="oc-106">
         <name>Flash0CtrlRegsFile</name>
         <uninitialized>true</uninitialized>
         <run_address>0x5f800</run_address>
         <size>0x182</size>
         <input_file_ref idref="fl-8"/>
      </object_component>
      <object_component id="oc-e0">
         <name>Flash0EccRegsFile</name>
         <uninitialized>true</uninitialized>
         <run_address>0x5fb00</run_address>
         <size>0x28</size>
         <input_file_ref idref="fl-8"/>
      </object_component>
      <object_component id="oc-105">
         <name>GpioCtrlRegsFile</name>
         <uninitialized>true</uninitialized>
         <run_address>0x7c00</run_address>
         <size>0x180</size>
         <input_file_ref idref="fl-8"/>
      </object_component>
      <object_component id="oc-e2">
         <name>GpioDataRegsFile</name>
         <uninitialized>true</uninitialized>
         <run_address>0x7f00</run_address>
         <size>0x30</size>
         <input_file_ref idref="fl-8"/>
      </object_component>
      <object_component id="oc-e6">
         <name>OutputXbarRegsFile</name>
         <uninitialized>true</uninitialized>
         <run_address>0x7a80</run_address>
         <size>0x40</size>
         <input_file_ref idref="fl-8"/>
      </object_component>
      <object_component id="oc-d9">
         <name>I2caRegsFile</name>
         <uninitialized>true</uninitialized>
         <run_address>0x7300</run_address>
         <size>0x22</size>
         <input_file_ref idref="fl-8"/>
      </object_component>
      <object_component id="oc-da">
         <name>I2cbRegsFile</name>
         <uninitialized>true</uninitialized>
         <run_address>0x7340</run_address>
         <size>0x22</size>
         <input_file_ref idref="fl-8"/>
      </object_component>
      <object_component id="oc-d2">
         <name>InputXbarRegsFile</name>
         <uninitialized>true</uninitialized>
         <run_address>0x7900</run_address>
         <size>0x20</size>
         <input_file_ref idref="fl-8"/>
      </object_component>
      <object_component id="oc-d3">
         <name>XbarRegsFile</name>
         <uninitialized>true</uninitialized>
         <run_address>0x7920</run_address>
         <size>0x20</size>
         <input_file_ref idref="fl-8"/>
      </object_component>
      <object_component id="oc-dd">
         <name>IpcRegsFile</name>
         <uninitialized>true</uninitialized>
         <run_address>0x50000</run_address>
         <size>0x24</size>
         <input_file_ref idref="fl-8"/>
      </object_component>
      <object_component id="oc-a9">
         <name>FlashPumpSemaphoreRegsFile</name>
         <uninitialized>true</uninitialized>
         <run_address>0x50024</run_address>
         <size>0x2</size>
         <input_file_ref idref="fl-8"/>
      </object_component>
      <object_component id="oc-aa">
         <name>RomPrefetchRegsFile</name>
         <uninitialized>true</uninitialized>
         <run_address>0x5e608</run_address>
         <size>0x2</size>
         <input_file_ref idref="fl-8"/>
      </object_component>
      <object_component id="oc-f1">
         <name>MemCfgRegsFile</name>
         <uninitialized>true</uninitialized>
         <run_address>0x5f400</run_address>
         <size>0x80</size>
         <input_file_ref idref="fl-8"/>
      </object_component>
      <object_component id="oc-d4">
         <name>Emif1ConfigRegsFile</name>
         <uninitialized>true</uninitialized>
         <run_address>0x5f480</run_address>
         <size>0x20</size>
         <input_file_ref idref="fl-8"/>
      </object_component>
      <object_component id="oc-d5">
         <name>Emif2ConfigRegsFile</name>
         <uninitialized>true</uninitialized>
         <run_address>0x5f4a0</run_address>
         <size>0x20</size>
         <input_file_ref idref="fl-8"/>
      </object_component>
      <object_component id="oc-e7">
         <name>AccessProtectionRegsFile</name>
         <uninitialized>true</uninitialized>
         <run_address>0x5f4c0</run_address>
         <size>0x40</size>
         <input_file_ref idref="fl-8"/>
      </object_component>
      <object_component id="oc-e8">
         <name>MemoryErrorRegsFile</name>
         <uninitialized>true</uninitialized>
         <run_address>0x5f500</run_address>
         <size>0x40</size>
         <input_file_ref idref="fl-8"/>
      </object_component>
      <object_component id="oc-ab">
         <name>RomWaitStateRegsFile</name>
         <uninitialized>true</uninitialized>
         <run_address>0x5f540</run_address>
         <size>0x2</size>
         <input_file_ref idref="fl-8"/>
      </object_component>
      <object_component id="oc-de">
         <name>McbspaRegsFile</name>
         <uninitialized>true</uninitialized>
         <run_address>0x6000</run_address>
         <size>0x24</size>
         <input_file_ref idref="fl-8"/>
      </object_component>
      <object_component id="oc-df">
         <name>McbspbRegsFile</name>
         <uninitialized>true</uninitialized>
         <run_address>0x6040</run_address>
         <size>0x24</size>
         <input_file_ref idref="fl-8"/>
      </object_component>
      <object_component id="oc-ea">
         <name>UppRegsFile</name>
         <uninitialized>true</uninitialized>
         <run_address>0x6200</run_address>
         <size>0x48</size>
         <input_file_ref idref="fl-8"/>
      </object_component>
      <object_component id="oc-ae">
         <name>NmiIntruptRegsFile</name>
         <uninitialized>true</uninitialized>
         <run_address>0x7060</run_address>
         <size>0x7</size>
         <input_file_ref idref="fl-8"/>
      </object_component>
      <object_component id="oc-c3">
         <name>PieCtrlRegsFile</name>
         <uninitialized>true</uninitialized>
         <run_address>0xce0</run_address>
         <size>0x1a</size>
         <input_file_ref idref="fl-8"/>
      </object_component>
      <object_component id="oc-b7">
         <name>SciaRegsFile</name>
         <uninitialized>true</uninitialized>
         <run_address>0x7200</run_address>
         <size>0x10</size>
         <input_file_ref idref="fl-8"/>
      </object_component>
      <object_component id="oc-b8">
         <name>ScibRegsFile</name>
         <uninitialized>true</uninitialized>
         <run_address>0x7210</run_address>
         <size>0x10</size>
         <input_file_ref idref="fl-8"/>
      </object_component>
      <object_component id="oc-b9">
         <name>ScicRegsFile</name>
         <uninitialized>true</uninitialized>
         <run_address>0x7220</run_address>
         <size>0x10</size>
         <input_file_ref idref="fl-8"/>
      </object_component>
      <object_component id="oc-ba">
         <name>ScidRegsFile</name>
         <uninitialized>true</uninitialized>
         <run_address>0x7230</run_address>
         <size>0x10</size>
         <input_file_ref idref="fl-8"/>
      </object_component>
      <object_component id="oc-f2">
         <name>Sdfm1RegsFile</name>
         <uninitialized>true</uninitialized>
         <run_address>0x5e00</run_address>
         <size>0x80</size>
         <input_file_ref idref="fl-8"/>
      </object_component>
      <object_component id="oc-f3">
         <name>Sdfm2RegsFile</name>
         <uninitialized>true</uninitialized>
         <run_address>0x5e80</run_address>
         <size>0x80</size>
         <input_file_ref idref="fl-8"/>
      </object_component>
      <object_component id="oc-bb">
         <name>SpiaRegsFile</name>
         <uninitialized>true</uninitialized>
         <run_address>0x6100</run_address>
         <size>0x10</size>
         <input_file_ref idref="fl-8"/>
      </object_component>
      <object_component id="oc-bc">
         <name>SpibRegsFile</name>
         <uninitialized>true</uninitialized>
         <run_address>0x6110</run_address>
         <size>0x10</size>
         <input_file_ref idref="fl-8"/>
      </object_component>
      <object_component id="oc-bd">
         <name>SpicRegsFile</name>
         <uninitialized>true</uninitialized>
         <run_address>0x6120</run_address>
         <size>0x10</size>
         <input_file_ref idref="fl-8"/>
      </object_component>
      <object_component id="oc-102">
         <name>DevCfgRegsFile</name>
         <uninitialized>true</uninitialized>
         <run_address>0x5d000</run_address>
         <size>0x12e</size>
         <input_file_ref idref="fl-8"/>
      </object_component>
      <object_component id="oc-e3">
         <name>ClkCfgRegsFile</name>
         <uninitialized>true</uninitialized>
         <run_address>0x5d200</run_address>
         <size>0x32</size>
         <input_file_ref idref="fl-8"/>
      </object_component>
      <object_component id="oc-f4">
         <name>CpuSysRegsFile</name>
         <uninitialized>true</uninitialized>
         <run_address>0x5d300</run_address>
         <size>0x82</size>
         <input_file_ref idref="fl-8"/>
      </object_component>
      <object_component id="oc-ad">
         <name>SyncSocRegsFile</name>
         <uninitialized>true</uninitialized>
         <run_address>0x7940</run_address>
         <size>0x6</size>
         <input_file_ref idref="fl-8"/>
      </object_component>
      <object_component id="oc-e1">
         <name>WdRegsFile</name>
         <uninitialized>true</uninitialized>
         <run_address>0x7000</run_address>
         <size>0x2b</size>
         <input_file_ref idref="fl-8"/>
      </object_component>
      <object_component id="oc-b6">
         <name>XintRegsFile</name>
         <uninitialized>true</uninitialized>
         <run_address>0x7070</run_address>
         <size>0xb</size>
         <input_file_ref idref="fl-8"/>
      </object_component>
      <object_component id="oc-84">
         <name>.debug_info</name>
         <load_address>0x0</load_address>
         <run_address>0x0</run_address>
         <size>0x65b6</size>
         <input_file_ref idref="fl-2"/>
      </object_component>
      <object_component id="oc-8b">
         <name>.debug_info</name>
         <load_address>0x65b6</load_address>
         <run_address>0x65b6</run_address>
         <size>0x4685</size>
         <input_file_ref idref="fl-3"/>
      </object_component>
      <object_component id="oc-92">
         <name>.debug_info</name>
         <load_address>0xac3b</load_address>
         <run_address>0xac3b</run_address>
         <size>0x108</size>
         <input_file_ref idref="fl-4"/>
      </object_component>
      <object_component id="oc-95">
         <name>.debug_info</name>
         <load_address>0xad43</load_address>
         <run_address>0xad43</run_address>
         <size>0x98e</size>
         <input_file_ref idref="fl-5"/>
      </object_component>
      <object_component id="oc-9b">
         <name>.debug_info</name>
         <load_address>0xb6d1</load_address>
         <run_address>0xb6d1</run_address>
         <size>0x34eb</size>
         <input_file_ref idref="fl-6"/>
      </object_component>
      <object_component id="oc-a1">
         <name>.debug_info</name>
         <load_address>0xebbc</load_address>
         <run_address>0xebbc</run_address>
         <size>0xf3e1</size>
         <input_file_ref idref="fl-7"/>
      </object_component>
      <object_component id="oc-a6">
         <name>.debug_info</name>
         <load_address>0x1df9d</load_address>
         <run_address>0x1df9d</run_address>
         <size>0x50542</size>
         <input_file_ref idref="fl-8"/>
      </object_component>
      <object_component id="oc-109">
         <name>.debug_info</name>
         <load_address>0x6e4df</load_address>
         <run_address>0x6e4df</run_address>
         <size>0x19f72</size>
         <input_file_ref idref="fl-9"/>
      </object_component>
      <object_component id="oc-10e">
         <name>.debug_info</name>
         <load_address>0x88451</load_address>
         <run_address>0x88451</run_address>
         <size>0x355c</size>
         <input_file_ref idref="fl-a"/>
      </object_component>
      <object_component id="oc-113">
         <name>.debug_info</name>
         <load_address>0x8b9ad</load_address>
         <run_address>0x8b9ad</run_address>
         <size>0x6722</size>
         <input_file_ref idref="fl-b"/>
      </object_component>
      <object_component id="oc-118">
         <name>.debug_info</name>
         <load_address>0x920cf</load_address>
         <run_address>0x920cf</run_address>
         <size>0xfcc8</size>
         <input_file_ref idref="fl-c"/>
      </object_component>
      <object_component id="oc-11d">
         <name>.debug_info</name>
         <load_address>0xa1d97</load_address>
         <run_address>0xa1d97</run_address>
         <size>0xcba6</size>
         <input_file_ref idref="fl-d"/>
      </object_component>
      <object_component id="oc-124">
         <name>.debug_info</name>
         <load_address>0xae93d</load_address>
         <run_address>0xae93d</run_address>
         <size>0x103</size>
         <input_file_ref idref="fl-e"/>
      </object_component>
      <object_component id="oc-127">
         <name>.debug_info</name>
         <load_address>0xaea40</load_address>
         <run_address>0xaea40</run_address>
         <size>0x60d0</size>
         <input_file_ref idref="fl-f"/>
      </object_component>
      <object_component id="oc-12c">
         <name>.debug_info</name>
         <load_address>0xb4b10</load_address>
         <run_address>0xb4b10</run_address>
         <size>0xd0b9</size>
         <input_file_ref idref="fl-10"/>
      </object_component>
      <object_component id="oc-135">
         <name>.debug_info</name>
         <load_address>0xc1bc9</load_address>
         <run_address>0xc1bc9</run_address>
         <size>0xe28</size>
         <input_file_ref idref="fl-11"/>
      </object_component>
      <object_component id="oc-13d">
         <name>.debug_info</name>
         <load_address>0xc29f1</load_address>
         <run_address>0xc29f1</run_address>
         <size>0x502</size>
         <input_file_ref idref="fl-1f"/>
      </object_component>
      <object_component id="oc-144">
         <name>.debug_info</name>
         <load_address>0xc2ef3</load_address>
         <run_address>0xc2ef3</run_address>
         <size>0x67e</size>
         <input_file_ref idref="fl-2b"/>
      </object_component>
      <object_component id="oc-14b">
         <name>.debug_info</name>
         <load_address>0xc3571</load_address>
         <run_address>0xc3571</run_address>
         <size>0x173</size>
         <input_file_ref idref="fl-2c"/>
      </object_component>
      <object_component id="oc-150">
         <name>.debug_info</name>
         <load_address>0xc36e4</load_address>
         <run_address>0xc36e4</run_address>
         <size>0x114</size>
         <input_file_ref idref="fl-2d"/>
      </object_component>
      <object_component id="oc-155">
         <name>.debug_info</name>
         <load_address>0xc37f8</load_address>
         <run_address>0xc37f8</run_address>
         <size>0x141</size>
         <input_file_ref idref="fl-2e"/>
      </object_component>
      <object_component id="oc-15a">
         <name>.debug_info</name>
         <load_address>0xc3939</load_address>
         <run_address>0xc3939</run_address>
         <size>0x1a5</size>
         <input_file_ref idref="fl-2f"/>
      </object_component>
      <object_component id="oc-15e">
         <name>.debug_info</name>
         <load_address>0xc3ade</load_address>
         <run_address>0xc3ade</run_address>
         <size>0x561</size>
         <input_file_ref idref="fl-30"/>
      </object_component>
      <object_component id="oc-163">
         <name>.debug_info</name>
         <load_address>0xc403f</load_address>
         <run_address>0xc403f</run_address>
         <size>0x43a</size>
         <input_file_ref idref="fl-31"/>
      </object_component>
      <object_component id="oc-168">
         <name>.debug_info</name>
         <load_address>0xc4479</load_address>
         <run_address>0xc4479</run_address>
         <size>0x3ad</size>
         <input_file_ref idref="fl-32"/>
      </object_component>
      <object_component id="oc-16d">
         <name>.debug_info</name>
         <load_address>0xc4826</load_address>
         <run_address>0xc4826</run_address>
         <size>0x3aa</size>
         <input_file_ref idref="fl-33"/>
      </object_component>
      <object_component id="oc-172">
         <name>.debug_info</name>
         <load_address>0xc4bd0</load_address>
         <run_address>0xc4bd0</run_address>
         <size>0x544</size>
         <input_file_ref idref="fl-34"/>
      </object_component>
      <object_component id="oc-179">
         <name>.debug_info</name>
         <load_address>0xc5114</load_address>
         <run_address>0xc5114</run_address>
         <size>0x4cc</size>
         <input_file_ref idref="fl-35"/>
      </object_component>
      <object_component id="oc-17e">
         <name>.debug_info</name>
         <load_address>0xc55e0</load_address>
         <run_address>0xc55e0</run_address>
         <size>0x467</size>
         <input_file_ref idref="fl-36"/>
      </object_component>
      <object_component id="oc-183">
         <name>.debug_info</name>
         <load_address>0xc5a47</load_address>
         <run_address>0xc5a47</run_address>
         <size>0x4aa</size>
         <input_file_ref idref="fl-37"/>
      </object_component>
      <object_component id="oc-188">
         <name>.debug_info</name>
         <load_address>0xc5ef1</load_address>
         <run_address>0xc5ef1</run_address>
         <size>0x26e8</size>
         <input_file_ref idref="fl-38"/>
      </object_component>
      <object_component id="oc-190">
         <name>.debug_info</name>
         <load_address>0xc85d9</load_address>
         <run_address>0xc85d9</run_address>
         <size>0x120</size>
         <input_file_ref idref="fl-39"/>
      </object_component>
      <object_component id="oc-195">
         <name>.debug_info</name>
         <load_address>0xc86f9</load_address>
         <run_address>0xc86f9</run_address>
         <size>0x114</size>
         <input_file_ref idref="fl-3a"/>
      </object_component>
      <object_component id="oc-19a">
         <name>.debug_info</name>
         <load_address>0xc880d</load_address>
         <run_address>0xc880d</run_address>
         <size>0x114</size>
         <input_file_ref idref="fl-3b"/>
      </object_component>
      <object_component id="oc-19f">
         <name>.debug_info</name>
         <load_address>0xc8921</load_address>
         <run_address>0xc8921</run_address>
         <size>0x122</size>
         <input_file_ref idref="fl-3c"/>
      </object_component>
      <object_component id="oc-1a4">
         <name>.debug_info</name>
         <load_address>0xc8a43</load_address>
         <run_address>0xc8a43</run_address>
         <size>0x114</size>
         <input_file_ref idref="fl-3d"/>
      </object_component>
      <object_component id="oc-1a9">
         <name>.debug_info</name>
         <load_address>0xc8b57</load_address>
         <run_address>0xc8b57</run_address>
         <size>0x114</size>
         <input_file_ref idref="fl-3e"/>
      </object_component>
      <object_component id="oc-1ae">
         <name>.debug_info</name>
         <load_address>0xc8c6b</load_address>
         <run_address>0xc8c6b</run_address>
         <size>0x176</size>
         <input_file_ref idref="fl-3f"/>
      </object_component>
      <object_component id="oc-1b3">
         <name>.debug_info</name>
         <load_address>0xc8de1</load_address>
         <run_address>0xc8de1</run_address>
         <size>0x14e</size>
         <input_file_ref idref="fl-40"/>
      </object_component>
      <object_component id="oc-1b8">
         <name>.debug_info</name>
         <load_address>0xc8f2f</load_address>
         <run_address>0xc8f2f</run_address>
         <size>0x231</size>
         <input_file_ref idref="fl-41"/>
      </object_component>
      <object_component id="oc-1bd">
         <name>.debug_info</name>
         <load_address>0xc9160</load_address>
         <run_address>0xc9160</run_address>
         <size>0x118</size>
         <input_file_ref idref="fl-42"/>
      </object_component>
      <object_component id="oc-1c2">
         <name>.debug_info</name>
         <load_address>0xc9278</load_address>
         <run_address>0xc9278</run_address>
         <size>0x118</size>
         <input_file_ref idref="fl-43"/>
      </object_component>
      <object_component id="oc-1c7">
         <name>.debug_info</name>
         <load_address>0xc9390</load_address>
         <run_address>0xc9390</run_address>
         <size>0x11a</size>
         <input_file_ref idref="fl-44"/>
      </object_component>
      <object_component id="oc-1cc">
         <name>.debug_info</name>
         <load_address>0xc94aa</load_address>
         <run_address>0xc94aa</run_address>
         <size>0x114</size>
         <input_file_ref idref="fl-45"/>
      </object_component>
      <object_component id="oc-1d0">
         <name>.debug_info</name>
         <load_address>0xc95be</load_address>
         <run_address>0xc95be</run_address>
         <size>0x46c</size>
         <input_file_ref idref="fl-46"/>
      </object_component>
      <object_component id="oc-1d5">
         <name>.debug_info</name>
         <load_address>0xc9a2a</load_address>
         <run_address>0xc9a2a</run_address>
         <size>0x41f</size>
         <input_file_ref idref="fl-47"/>
      </object_component>
      <object_component id="oc-1da">
         <name>.debug_info</name>
         <load_address>0xc9e49</load_address>
         <run_address>0xc9e49</run_address>
         <size>0x1e7</size>
         <input_file_ref idref="fl-48"/>
      </object_component>
      <object_component id="oc-1dc">
         <name>.debug_info</name>
         <load_address>0xca030</load_address>
         <run_address>0xca030</run_address>
         <size>0x45e</size>
         <input_file_ref idref="fl-49"/>
      </object_component>
      <object_component id="oc-1e1">
         <name>.debug_info</name>
         <load_address>0xca48e</load_address>
         <run_address>0xca48e</run_address>
         <size>0x502</size>
         <input_file_ref idref="fl-4a"/>
      </object_component>
      <object_component id="oc-1e6">
         <name>.debug_info</name>
         <load_address>0xca990</load_address>
         <run_address>0xca990</run_address>
         <size>0x4f1</size>
         <input_file_ref idref="fl-4b"/>
      </object_component>
      <object_component id="oc-1eb">
         <name>.debug_info</name>
         <load_address>0xcae81</load_address>
         <run_address>0xcae81</run_address>
         <size>0x4e5</size>
         <input_file_ref idref="fl-4c"/>
      </object_component>
      <object_component id="oc-1f0">
         <name>.debug_info</name>
         <load_address>0xcb366</load_address>
         <run_address>0xcb366</run_address>
         <size>0x4a6</size>
         <input_file_ref idref="fl-4d"/>
      </object_component>
      <object_component id="oc-1f6">
         <name>.debug_info</name>
         <load_address>0xcb80c</load_address>
         <run_address>0xcb80c</run_address>
         <size>0x532</size>
         <input_file_ref idref="fl-4e"/>
      </object_component>
      <object_component id="oc-1fc">
         <name>.debug_info</name>
         <load_address>0xcbd3e</load_address>
         <run_address>0xcbd3e</run_address>
         <size>0x40c</size>
         <input_file_ref idref="fl-4f"/>
      </object_component>
      <object_component id="oc-201">
[...]
         <name>_GPIO_SetupXINT3Gpio</name>
         <value>0x9e42</value>
         <object_component_ref idref="oc-21a"/>
      </symbol>
      <symbol id="sm-4a9">
         <name>_GPIO_WritePin</name>
         <value>0x9ecb</value>
         <object_component_ref idref="oc-21a"/>
      </symbol>
      <symbol id="sm-4ab">
         <name>_GPIO_SetupPinOptions</name>
         <value>0x9d71</value>
         <object_component_ref idref="oc-21a"/>
      </symbol>
      <symbol id="sm-4ad">
         <name>_GPIO_EnableUnbondedIOPullups</name>
         <value>0x9e9e</value>
         <object_component_ref idref="oc-21a"/>
      </symbol>
      <symbol id="sm-4af">
         <name>_GPIO_SetupXINT1Gpio</name>
         <value>0x9e2e</value>
         <object_component_ref idref="oc-21a"/>
      </symbol>
      <symbol id="sm-4b1">
         <name>_GPIO_SetupPinMux</name>
         <value>0x9ce5</value>
         <object_component_ref idref="oc-21a"/>
      </symbol>
      <symbol id="sm-4b3">
         <name>_GPIO_EnableUnbondedIOPullupsFor100Pin</name>
         <value>0x9e79</value>
         <object_component_ref idref="oc-21a"/>
      </symbol>
      <symbol id="sm-4b5">
         <name>_GPIO_ReadPin</name>
         <value>0x9eb4</value>
         <object_component_ref idref="oc-21a"/>
      </symbol>
      <symbol id="sm-4c2">
         <name>_InitPieCtrl</name>
         <value>0xd0ad</value>
         <object_component_ref idref="oc-23e"/>
      </symbol>
      <symbol id="sm-4c4">
         <name>_EnableInterrupts</name>
         <value>0xd0cc</value>
         <object_component_ref idref="oc-23e"/>
      </symbol>
      <symbol id="sm-4d5">
         <name>_PieVectTableInit</name>
         <value>0xa800</value>
         <object_component_ref idref="oc-244"/>
      </symbol>
      <symbol id="sm-4d6">
         <name>_InitPieVectTable</name>
         <value>0xd0d5</value>
         <object_component_ref idref="oc-23f"/>
      </symbol>
      <symbol id="sm-523">
         <name>_InitSysPll</name>
         <value>0x935a</value>
         <object_component_ref idref="oc-23d"/>
      </symbol>
      <symbol id="sm-525">
         <name>_SeizeFlashPump</name>
         <value>0x9325</value>
         <object_component_ref idref="oc-23d"/>
      </symbol>
      <symbol id="sm-527">
         <name>_DisablePeripheralClocks</name>
         <value>0x930d</value>
         <object_component_ref idref="oc-23d"/>
      </symbol>
      <symbol id="sm-529">
         <name>_DisableDog</name>
         <value>0x934c</value>
         <object_component_ref idref="oc-23d"/>
      </symbol>
      <symbol id="sm-52b">
         <name>_SysIntOsc2Sel</name>
         <value>0x9669</value>
         <object_component_ref idref="oc-23d"/>
      </symbol>
      <symbol id="sm-52d">
         <name>_ReleaseFlashPump</name>
         <value>0x9334</value>
         <object_component_ref idref="oc-23d"/>
      </symbol>
      <symbol id="sm-52f">
         <name>_HALT</name>
         <value>0x96c1</value>
         <object_component_ref idref="oc-23d"/>
      </symbol>
      <symbol id="sm-531">
         <name>_IDLE</name>
         <value>0x96ad</value>
         <object_component_ref idref="oc-23d"/>
      </symbol>
      <symbol id="sm-533">
         <name>_InitPeripheralClocks</name>
         <value>0x9289</value>
         <object_component_ref idref="oc-23d"/>
      </symbol>
      <symbol id="sm-535">
         <name>_SysXtalOscSel</name>
         <value>0x967d</value>
         <object_component_ref idref="oc-23d"/>
      </symbol>
      <symbol id="sm-537">
         <name>_ConfigureTMXAnalogTrim</name>
         <value>0x96f7</value>
         <object_component_ref idref="oc-23d"/>
      </symbol>
      <symbol id="sm-539">
         <name>_CsmUnlock</name>
         <value>0x9638</value>
         <object_component_ref idref="oc-23d"/>
      </symbol>
      <symbol id="sm-53b">
         <name>_SysIntOsc1Sel</name>
         <value>0x9659</value>
         <object_component_ref idref="oc-23d"/>
      </symbol>
      <symbol id="sm-53d">
         <name>_ServiceDog</name>
         <value>0x933e</value>
         <object_component_ref idref="oc-23d"/>
      </symbol>
      <symbol id="sm-53f">
         <name>_HIB</name>
         <value>0x96da</value>
         <object_component_ref idref="oc-23d"/>
      </symbol>
      <symbol id="sm-541">
         <name>_AuxAuxClkSel</name>
         <value>0x96a3</value>
         <object_component_ref idref="oc-23d"/>
      </symbol>
      <symbol id="sm-543">
         <name>_AuxIntOsc2Sel</name>
         <value>0x968d</value>
         <object_component_ref idref="oc-23d"/>
      </symbol>
      <symbol id="sm-545">
         <name>_InitAuxPll</name>
         <value>0x9549</value>
         <object_component_ref idref="oc-23d"/>
      </symbol>
      <symbol id="sm-547">
         <name>_InitSysCtrl</name>
         <value>0x9269</value>
         <object_component_ref idref="oc-23d"/>
      </symbol>
      <symbol id="sm-549">
         <name>_STANDBY</name>
         <value>0x96b6</value>
         <object_component_ref idref="oc-23d"/>
      </symbol>
      <symbol id="sm-54b">
         <name>_AuxXtalOscSel</name>
         <value>0x9697</value>
         <object_component_ref idref="oc-23d"/>
      </symbol>
      <symbol id="sm-558">
         <name>_F28x_usDelay</name>
         <value>0x123</value>
         <object_component_ref idref="oc-122"/>
      </symbol>
      <symbol id="sm-5e2">
         <name>_LED_3</name>
         <value>0x17f80</value>
         <object_component_ref idref="oc-223"/>
      </symbol>
      <symbol id="sm-5e3">
         <name>_LED_2</name>
         <value>0x17f67</value>
         <object_component_ref idref="oc-221"/>
      </symbol>
      <symbol id="sm-5e4">
         <name>_LED_1</name>
         <value>0x17f58</value>
         <object_component_ref idref="oc-21f"/>
      </symbol>
      <symbol id="sm-5e5">
         <name>_LED_0</name>
         <value>0x17f30</value>
         <object_component_ref idref="oc-21d"/>
      </symbol>
      <symbol id="sm-5e6">
         <name>_LED_7</name>
         <value>0x17fc0</value>
         <object_component_ref idref="oc-22b"/>
      </symbol>
      <symbol id="sm-5e7">
         <name>_LED_6</name>
         <value>0x17fad</value>
         <object_component_ref idref="oc-229"/>
      </symbol>
      <symbol id="sm-5e8">
         <name>_LED_5</name>
         <value>0x17f9e</value>
         <object_component_ref idref="oc-227"/>
      </symbol>
      <symbol id="sm-5e9">
         <name>_LED_4</name>
         <value>0x17f8f</value>
         <object_component_ref idref="oc-225"/>
      </symbol>
      <symbol id="sm-5ea">
         <name>_LED_9</name>
         <value>0x17fde</value>
         <object_component_ref idref="oc-22f"/>
      </symbol>
      <symbol id="sm-5eb">
         <name>_LED_8</name>
         <value>0x17fcf</value>
         <object_component_ref idref="oc-22d"/>
      </symbol>
      <symbol id="sm-5ec">
         <name>_LED_C</name>
         <value>0x1800f</value>
         <object_component_ref idref="oc-235"/>
      </symbol>
      <symbol id="sm-5ed">
         <name>_LED_B</name>
         <value>0x18000</value>
         <object_component_ref idref="oc-233"/>
      </symbol>
      <symbol id="sm-5ee">
         <name>_LED_A</name>
         <value>0x17fed</value>
         <object_component_ref idref="oc-231"/>
      </symbol>
      <symbol id="sm-5ef">
         <name>_LED_F</name>
         <value>0x18040</value>
         <object_component_ref idref="oc-23b"/>
      </symbol>
      <symbol id="sm-5f0">
         <name>_LED_E</name>
         <value>0x1802d</value>
         <object_component_ref idref="oc-239"/>
      </symbol>
      <symbol id="sm-5f1">
         <name>_LED_D</name>
         <value>0x1801e</value>
         <object_component_ref idref="oc-237"/>
      </symbol>
      <symbol id="sm-5f2">
         <name>_displayLEDletter</name>
         <value>0xa256</value>
         <object_component_ref idref="oc-215"/>
      </symbol>
      <symbol id="sm-5f4">
         <name>_setLEDLetter</name>
         <value>0xa1d0</value>
         <object_component_ref idref="oc-215"/>
      </symbol>
      <symbol id="sm-610">
         <name>_main</name>
         <value>0x9a50</value>
         <object_component_ref idref="oc-217"/>
      </symbol>
      <symbol id="sm-612">
         <name>_serialRXA</name>
         <value>0x9c8e</value>
         <object_component_ref idref="oc-217"/>
      </symbol>
      <symbol id="sm-614">
         <name>_cpu_timer2_isr</name>
         <value>0xa345</value>
         <object_component_ref idref="oc-12f"/>
      </symbol>
      <symbol id="sm-616">
         <name>_cpu_timer1_isr</name>
         <value>0xa333</value>
         <object_component_ref idref="oc-12f"/>
      </symbol>
      <symbol id="sm-618">
         <name>_UARTPrint</name>
         <value>0x17f76</value>
         <object_component_ref idref="oc-12e"/>
      </symbol>
      <symbol id="sm-619">
         <name>_cpu_timer0_isr</name>
         <value>0xa2e5</value>
         <object_component_ref idref="oc-12f"/>
      </symbol>
      <symbol id="sm-61b">
         <name>_numRXA</name>
         <value>0x17f7c</value>
         <object_component_ref idref="oc-12e"/>
      </symbol>
      <symbol id="sm-61c">
         <name>_LEDdisplaynum</name>
         <value>0x17f77</value>
         <object_component_ref idref="oc-12e"/>
      </symbol>
      <symbol id="sm-61d">
         <name>_numSWIcalls</name>
         <value>0x17f7a</value>
         <object_component_ref idref="oc-12e"/>
      </symbol>
      <symbol id="sm-61e">
         <name>_numTimer0calls</name>
         <value>0x17f78</value>
         <object_component_ref idref="oc-12e"/>
      </symbol>
      <symbol id="sm-61f">
         <name>_SWI_isr</name>
         <value>0xa2cb</value>
         <object_component_ref idref="oc-12f"/>
      </symbol>
      <symbol id="sm-631">
         <name>_Example_Fail</name>
         <value>0x18054</value>
         <object_component_ref idref="oc-137"/>
      </symbol>
      <symbol id="sm-632">
         <name>_Example_Result</name>
         <value>0x18050</value>
         <object_component_ref idref="oc-137"/>
      </symbol>
      <symbol id="sm-633">
         <name>_Example_PassCount</name>
         <value>0x18052</value>
         <object_component_ref idref="oc-137"/>
      </symbol>
      <symbol id="sm-642">
         <name>_SysCtl_delay</name>
         <value>0x127</value>
         <object_component_ref idref="oc-13e"/>
      </symbol>
      <symbol id="sm-650">
         <name>_vsprintf</name>
         <value>0xd000</value>
         <object_component_ref idref="oc-21b"/>
      </symbol>
      <symbol id="sm-66c">
         <name>_c_int00</name>
         <value>0xa736</value>
         <object_component_ref idref="oc-83"/>
      </symbol>
      <symbol id="sm-66d">
         <name>__stack</name>
         <value>0xb800</value>
         <object_component_ref idref="oc-149"/>
      </symbol>
      <symbol id="sm-67e">
         <name>FS$$DIV</name>
         <value>0xa555</value>
         <object_component_ref idref="oc-14f"/>
      </symbol>
      <symbol id="sm-68a">
         <name>U$$MOD</name>
         <value>0xd25b</value>
         <object_component_ref idref="oc-154"/>
      </symbol>
      <symbol id="sm-68b">
         <name>U$$DIV</name>
         <value>0xd256</value>
         <object_component_ref idref="oc-154"/>
      </symbol>
      <symbol id="sm-697">
         <name>UL$$MOD</name>
         <value>0xd07e</value>
         <object_component_ref idref="oc-159"/>
      </symbol>
      <symbol id="sm-698">
         <name>L$$MOD</name>
         <value>0xd069</value>
         <object_component_ref idref="oc-159"/>
      </symbol>
      <symbol id="sm-699">
         <name>L$$DIV</name>
         <value>0xd05a</value>
         <object_component_ref idref="oc-159"/>
      </symbol>
      <symbol id="sm-69a">
         <name>UL$$DIV</name>
         <value>0xd077</value>
         <object_component_ref idref="oc-159"/>
      </symbol>
      <symbol id="sm-6a9">
         <name>_copy_in</name>
         <value>0xd120</value>
         <object_component_ref idref="oc-210"/>
      </symbol>
      <symbol id="sm-6bb">
         <name>_memcpy</name>
         <value>0xd1bf</value>
         <object_component_ref idref="oc-216"/>
      </symbol>
      <symbol id="sm-6c8">
         <name>__system_pre_init</name>
         <value>0xd290</value>
         <object_component_ref idref="oc-20f"/>
      </symbol>
      <symbol id="sm-6d6">
         <name>__system_post_cinit</name>
         <value>0xa7ff</value>
         <object_component_ref idref="oc-211"/>
      </symbol>
      <symbol id="sm-6eb">
         <name>C$$EXIT</name>
         <value>0xd084</value>
         <object_component_ref idref="oc-213"/>
      </symbol>
      <symbol id="sm-6ec">
         <name>_exit</name>
         <value>0xd086</value>
         <object_component_ref idref="oc-213"/>
      </symbol>
      <symbol id="sm-6ee">
         <name>___TI_cleanup_ptr</name>
         <value>0x18058</value>
         <object_component_ref idref="oc-174"/>
      </symbol>
      <symbol id="sm-6ef">
         <name>___TI_enable_exit_profile_output</name>
         <value>0x18056</value>
         <object_component_ref idref="oc-174"/>
      </symbol>
      <symbol id="sm-6f0">
         <name>_abort</name>
         <value>0xd084</value>
         <object_component_ref idref="oc-213"/>
      </symbol>
      <symbol id="sm-6f2">
         <name>___TI_dtors_ptr</name>
         <value>0x1805a</value>
         <object_component_ref idref="oc-174"/>
      </symbol>
      <symbol id="sm-706">
         <name>__unlock</name>
         <value>0x17fbc</value>
         <object_component_ref idref="oc-245"/>
      </symbol>
      <symbol id="sm-707">
         <name>__lock</name>
         <value>0x17f7e</value>
         <object_component_ref idref="oc-218"/>
      </symbol>
      <symbol id="sm-708">
         <name>__register_lock</name>
         <value>0xd265</value>
         <object_component_ref idref="oc-241"/>
      </symbol>
      <symbol id="sm-70a">
         <name>__nop</name>
         <value>0xd269</value>
         <object_component_ref idref="oc-241"/>
      </symbol>
      <symbol id="sm-70c">
         <name>__register_unlock</name>
         <value>0xd261</value>
         <object_component_ref idref="oc-241"/>
      </symbol>
      <symbol id="sm-71c">
         <name>__args_main</name>
         <value>0xa7ed</value>
         <object_component_ref idref="oc-212"/>
      </symbol>
      <symbol id="sm-72a">
         <name>_strlen</name>
         <value>0xd27c</value>
         <object_component_ref idref="oc-21c"/>
      </symbol>
      <symbol id="sm-88b">
         <name>___TI_printfi</name>
         <value>0x8b53</value>
         <object_component_ref idref="oc-243"/>
      </symbol>
      <symbol id="sm-89c">
         <name>FD$$CMP</name>
         <value>0xd030</value>
         <object_component_ref idref="oc-18f"/>
      </symbol>
      <symbol id="sm-8ae">
         <name>FD$$MPY</name>
         <value>0xa5dd</value>
         <object_component_ref idref="oc-194"/>
      </symbol>
      <symbol id="sm-8bb">
         <name>FD$$NEG</name>
         <value>0xd26a</value>
         <object_component_ref idref="oc-199"/>
      </symbol>
      <symbol id="sm-8c7">
         <name>FD$$SUB</name>
         <value>0xd23c</value>
         <object_component_ref idref="oc-19e"/>
      </symbol>
      <symbol id="sm-8d6">
         <name>FD$$TOI</name>
         <value>0xd144</value>
         <object_component_ref idref="oc-1a3"/>
      </symbol>
      <symbol id="sm-8e5">
         <name>FD$$TOL</name>
         <value>0xd165</value>
         <object_component_ref idref="oc-1a8"/>
      </symbol>
      <symbol id="sm-8f1">
         <name>LL$$AND</name>
         <value>0xd214</value>
         <object_component_ref idref="oc-1ad"/>
      </symbol>
      <symbol id="sm-8f2">
         <name>LL$$OR</name>
         <value>0xd21c</value>
         <object_component_ref idref="oc-1ad"/>
      </symbol>
      <symbol id="sm-8f3">
         <name>LL$$XOR</name>
         <value>0xd224</value>
         <object_component_ref idref="oc-1ad"/>
      </symbol>
      <symbol id="sm-901">
         <name>ULL$$CMP</name>
         <value>0xd196</value>
         <object_component_ref idref="oc-1b2"/>
      </symbol>
      <symbol id="sm-902">
         <name>LL$$CMP</name>
         <value>0xd184</value>
         <object_component_ref idref="oc-1b2"/>
      </symbol>
      <symbol id="sm-92e">
         <name>ULL$$MOD</name>
         <value>0xa16e</value>
         <object_component_ref idref="oc-1b7"/>
      </symbol>
      <symbol id="sm-92f">
         <name>ULL$$DIV</name>
         <value>0xa13f</value>
         <object_component_ref idref="oc-1b7"/>
      </symbol>
      <symbol id="sm-930">
         <name>LL$$MOD</name>
         <value>0xa105</value>
         <object_component_ref idref="oc-1b7"/>
      </symbol>
      <symbol id="sm-931">
         <name>LL$$DIV</name>
         <value>0xa0c9</value>
         <object_component_ref idref="oc-1b7"/>
      </symbol>
      <symbol id="sm-941">
         <name>I$$TOFD</name>
         <value>0xd1a2</value>
         <object_component_ref idref="oc-1bc"/>
      </symbol>
      <symbol id="sm-951">
         <name>L$$TOFD</name>
         <value>0xd1f8</value>
         <object_component_ref idref="oc-1c1"/>
      </symbol>
      <symbol id="sm-961">
         <name>FS$$TOFD</name>
         <value>0xd1dc</value>
         <object_component_ref idref="oc-1c6"/>
      </symbol>
      <symbol id="sm-978">
         <name>FD$$DIV</name>
         <value>0xa4ca</value>
         <object_component_ref idref="oc-1cb"/>
      </symbol>
      <symbol id="sm-986">
         <name>___TI_ltoa</name>
         <value>0xa7bd</value>
         <object_component_ref idref="oc-247"/>
      </symbol>
      <symbol id="sm-99b">
         <name>_atoi</name>
         <value>0xa78c</value>
         <object_component_ref idref="oc-246"/>
      </symbol>
      <symbol id="sm-9a4">
         <name>__ctypes_</name>
         <value>0xa9c0</value>
         <object_component_ref idref="oc-24f"/>
      </symbol>
      <symbol id="sm-9b3">
         <name>_memccpy</name>
         <value>0xd22c</value>
         <object_component_ref idref="oc-24d"/>
      </symbol>
      <symbol id="sm-9c2">
         <name>_memset</name>
         <value>0xd284</value>
         <object_component_ref idref="oc-24b"/>
      </symbol>
      <symbol id="sm-9d2">
         <name>_strchr</name>
         <value>0xd24a</value>
         <object_component_ref idref="oc-24a"/>
      </symbol>
      <symbol id="sm-9e0">
         <name>_strcpy</name>
         <value>0xd28b</value>
         <object_component_ref idref="oc-24c"/>
      </symbol>
      <symbol id="sm-9f4">
         <name>_frexpl</name>
         <value>0xa6dc</value>
         <object_component_ref idref="oc-248"/>
      </symbol>
      <symbol id="sm-a13">
         <name>_scalbnl</name>
         <value>0xa380</value>
         <object_component_ref idref="oc-249"/>
      </symbol>
      <symbol id="sm-a15">
         <name>_ldexpl</name>
         <value>0xa380</value>
         <object_component_ref idref="oc-249"/>
      </symbol>
      <symbol id="sm-a23">
         <name>_wcslen</name>
         <value>0xd273</value>
         <object_component_ref idref="oc-24e"/>
      </symbol>
      <symbol id="sm-a31">
         <name>_copysignl</name>
         <value>0xd0fb</value>
         <object_component_ref idref="oc-250"/>
      </symbol>
      <symbol id="sm-a4d">
         <name>FD$$ADD</name>
         <value>0xa42e</value>
         <object_component_ref idref="oc-206"/>
      </symbol>
      <symbol id="sm-a57">
         <name>_errno</name>
         <value>0x17f3f</value>
         <object_component_ref idref="oc-20d"/>
      </symbol>
   </symbol_table>
   <title>Link successful</title>
</link_info>
