******************************************************************************
             TMS320C2000 Linker Unix v20.2.2                   
******************************************************************************
>> Linked Tue Apr 20 14:52:50 2021

OUTPUT FILE NAME:   <takehome.out>
ENTRY POINT SYMBOL: "_c_int00"  address: 0000d33a


MEMORY CONFIGURATION

         name            origin    length      used     unused   attr    fill
----------------------  --------  ---------  --------  --------  ----  --------
PAGE 0:
  BEGIN                 00000000   00000002  00000002  00000000  RWIX
  RAMM0                 00000123   000002dd  00000008  000002d5  RWIX
  RAMLS04               00008000   00002800  00002800  00000000  RWIX
  RAMD0                 0000b000   00000800  000001a8  00000658  RWIX
  RAMGS0108             0000d000   00008000  00000695  0000796b  RWIX
  RESET                 003fffc0   00000002  00000000  00000002  RWIX

PAGE 1:
  BOOT_RSVD             00000002   00000121  00000000  00000121  RWIX
  RAMM1                 00000400   000003f8  00000000  000003f8  RWIX
  ADCA_RESULT           00000b00   00000020  00000018  00000008  RWIX
  ADCB_RESULT           00000b20   00000020  00000018  00000008  RWIX
  ADCC_RESULT           00000b40   00000020  00000018  00000008  RWIX
  ADCD_RESULT           00000b60   00000020  00000018  00000008  RWIX
  CPU_TIMER0            00000c00   00000008  00000008  00000000  RWIX
  CPU_TIMER1            00000c08   00000008  00000008  00000000  RWIX
  CPU_TIMER2            00000c10   00000008  00000008  00000000  RWIX
  PIE_CTRL              00000ce0   00000020  0000001a  00000006  RWIX
  PIE_VECT              00000d00   00000200  000001c0  00000040  RWIX
  DMA                   00001000   00000200  000000e0  00000120  RWIX
  CLA1                  00001400   00000040  0000003e  00000002  RWIX
  EPWM1                 00004000   00000100  00000100  00000000  RWIX
  EPWM2                 00004100   00000100  00000100  00000000  RWIX
  EPWM3                 00004200   00000100  00000100  00000000  RWIX
  EPWM4                 00004300   00000100  00000100  00000000  RWIX
  EPWM5                 00004400   00000100  00000100  00000000  RWIX
  EPWM6                 00004500   00000100  00000100  00000000  RWIX
  EPWM7                 00004600   00000100  00000100  00000000  RWIX
  EPWM8                 00004700   00000100  00000100  00000000  RWIX
  EPWM9                 00004800   00000100  00000100  00000000  RWIX
  EPWM10                00004900   00000100  00000100  00000000  RWIX
  EPWM11                00004a00   00000100  00000100  00000000  RWIX
  EPWM12                00004b00   00000100  00000100  00000000  RWIX
  ECAP1                 00005000   00000020  00000020  00000000  RWIX
  ECAP2                 00005020   00000020  00000020  00000000  RWIX
  ECAP3                 00005040   00000020  00000020  00000000  RWIX
  ECAP4                 00005060   00000020  00000020  00000000  RWIX
  ECAP5                 00005080   00000020  00000020  00000000  RWIX
  ECAP6                 000050a0   00000020  00000020  00000000  RWIX
  EQEP1                 00005100   00000040  00000022  0000001e  RWIX
  EQEP2                 00005140   00000040  00000022  0000001e  RWIX
  EQEP3                 00005180   00000040  00000022  0000001e  RWIX
  DACA                  00005c00   00000010  00000008  00000008  RWIX
  DACB                  00005c10   00000010  00000008  00000008  RWIX
  DACC                  00005c20   00000010  00000008  00000008  RWIX
  CMPSS1                00005c80   00000020  00000020  00000000  RWIX
  CMPSS2                00005ca0   00000020  00000020  00000000  RWIX
  CMPSS3                00005cc0   00000020  00000020  00000000  RWIX
  CMPSS4                00005ce0   00000020  00000020  00000000  RWIX
  CMPSS5                00005d00   00000020  00000020  00000000  RWIX
  CMPSS6                00005d20   00000020  00000020  00000000  RWIX
  CMPSS7                00005d40   00000020  00000020  00000000  RWIX
  CMPSS8                00005d60   00000020  00000020  00000000  RWIX
  SDFM1                 00005e00   00000080  00000080  00000000  RWIX
  SDFM2                 00005e80   00000080  00000080  00000000  RWIX
  MCBSPA                00006000   00000040  00000024  0000001c  RWIX
  MCBSPB                00006040   00000040  00000024  0000001c  RWIX
  SPIA                  00006100   00000010  00000010  00000000  RWIX
  SPIB                  00006110   00000010  00000010  00000000  RWIX
  SPIC                  00006120   00000010  00000010  00000000  RWIX
  SPID                  00006130   00000010  00000000  00000010  RWIX
  UPP                   00006200   00000100  00000048  000000b8  RWIX
  WD                    00007000   00000040  0000002b  00000015  RWIX
  NMIINTRUPT            00007060   00000010  00000007  00000009  RWIX
  XINT                  00007070   00000010  0000000b  00000005  RWIX
  SCIA                  00007200   00000010  00000010  00000000  RWIX
  SCIB                  00007210   00000010  00000010  00000000  RWIX
  SCIC                  00007220   00000010  00000010  00000000  RWIX
  SCID                  00007230   00000010  00000010  00000000  RWIX
  I2CA                  00007300   00000040  00000022  0000001e  RWIX
  I2CB                  00007340   00000040  00000022  0000001e  RWIX
  ADCA                  00007400   00000080  00000080  00000000  RWIX
  ADCB                  00007480   00000080  00000080  00000000  RWIX
  ADCC                  00007500   00000080  00000080  00000000  RWIX
  ADCD                  00007580   00000080  00000080  00000000  RWIX
  INPUT_XBAR            00007900   00000020  00000020  00000000  RWIX
  XBAR                  00007920   00000020  00000020  00000000  RWIX
  SYNC_SOC              00007940   00000010  00000006  0000000a  RWIX
  DMACLASRCSEL          00007980   00000040  0000001a  00000026  RWIX
  EPWM_XBAR             00007a00   00000040  00000040  00000000  RWIX
  CLB_XBAR              00007a40   00000040  00000000  00000040  RWIX
  OUTPUT_XBAR           00007a80   00000040  00000040  00000000  RWIX
  GPIOCTRL              00007c00   00000180  00000180  00000000  RWIX
  GPIODAT               00007f00   00000030  00000030  00000000  RWIX
  RAMLS5                0000a800   00000800  0000039c  00000464  RWIX
  RAMD1                 0000b800   00000800  00000800  00000000  RWIX
  RAMGS0915             00015000   00006ff8  0000306d  00003f8b  RWIX
  CPU2TOCPU1RAM         0003f800   00000400  00000000  00000400  RWIX
  CPU1TOCPU2RAM         0003fc00   00000400  00000000  00000400  RWIX
  EMIF1                 00047000   00000800  00000070  00000790  RWIX
  EMIF2                 00047800   00000800  00000070  00000790  RWIX
  CANA                  00048000   00000800  00000164  0000069c  RWIX
  CANA_MSG_RAM          00049000   00000800  00000000  00000800  RWIX
  CANB                  0004a000   00000800  00000164  0000069c  RWIX
  CANB_MSG_RAM          0004b000   00000800  00000000  00000800  RWIX
  IPC                   00050000   00000024  00000024  00000000  RWIX
  FLASHPUMPSEMAPHORE    00050024   00000002  00000002  00000000  RWIX
  DEV_CFG               0005d000   00000180  0000012e  00000052  RWIX
  ANALOG_SUBSYS         0005d180   00000080  00000048  00000038  RWIX
  CLK_CFG               0005d200   00000100  00000032  000000ce  RWIX
  CPU_SYS               0005d300   00000100  00000082  0000007e  RWIX
  ROMPREFETCH           0005e608   00000002  00000002  00000000  RWIX
  DCSM_Z1               0005f000   00000030  00000024  0000000c  RWIX
  DCSM_Z2               0005f040   00000030  00000024  0000000c  RWIX
  DCSM_COMMON           0005f070   00000010  00000008  00000008  RWIX
  MEMCFG                0005f400   00000080  00000080  00000000  RWIX
  EMIF1CONFIG           0005f480   00000020  00000020  00000000  RWIX
  EMIF2CONFIG           0005f4a0   00000020  00000020  00000000  RWIX
  ACCESSPROTECTION      0005f4c0   00000040  00000040  00000000  RWIX
  MEMORYERROR           0005f500   00000040  00000040  00000000  RWIX
  ROMWAITSTATE          0005f540   00000002  00000002  00000000  RWIX
  FLASH0_CTRL           0005f800   00000300  00000182  0000017e  RWIX
  FLASH0_ECC            0005fb00   00000040  00000028  00000018  RWIX


SECTION ALLOCATION MAP

 output                                  attributes/
section   page    origin      length       input sections
--------  ----  ----------  ----------   ----------------
codestart 
*          0    00000000    00000002     
                  00000000    00000002     F2837xD_CodeStartBranch.obj (codestart)

.cinit     0    0000b000    000001a8     
                  0000b000    0000005b     takehome_main.obj (.cinit)
                  0000b05b    00000012     LEDPatterns.obj (.cinit:_LED_0)
                  0000b06d    00000012     LEDPatterns.obj (.cinit:_LED_1)
                  0000b07f    00000012     LEDPatterns.obj (.cinit:_LED_2)
                  0000b091    00000012     LEDPatterns.obj (.cinit:_LED_3)
                  0000b0a3    00000012     LEDPatterns.obj (.cinit:_LED_4)
                  0000b0b5    00000012     LEDPatterns.obj (.cinit:_LED_5)
                  0000b0c7    00000012     LEDPatterns.obj (.cinit:_LED_6)
                  0000b0d9    00000012     LEDPatterns.obj (.cinit:_LED_7)
                  0000b0eb    00000012     LEDPatterns.obj (.cinit:_LED_8)
                  0000b0fd    00000012     LEDPatterns.obj (.cinit:_LED_9)
                  0000b10f    00000012     LEDPatterns.obj (.cinit:_LED_A)
                  0000b121    00000012     LEDPatterns.obj (.cinit:_LED_B)
                  0000b133    00000012     LEDPatterns.obj (.cinit:_LED_C)
                  0000b145    00000012     LEDPatterns.obj (.cinit:_LED_D)
                  0000b157    00000012     LEDPatterns.obj (.cinit:_LED_E)
                  0000b169    00000012     LEDPatterns.obj (.cinit:_LED_F)
                  0000b17b    0000000f     device.obj (.cinit)
                  0000b18a    0000000e     rts2800_fpu32.lib : exit.c.obj (.cinit)
                  0000b198    00000005                       : _lock.c.obj (.cinit:__lock)
                  0000b19d    00000005                       : _lock.c.obj (.cinit:__unlock)
                  0000b1a2    00000004                       : errno.c.obj (.cinit)
                  0000b1a6    00000002     --HOLE-- [fill = 0]

.reset     0    003fffc0    00000002     DSECT
                  003fffc0    00000002     rts2800_fpu32.lib : boot28.asm.obj (.reset)

.stack     1    0000b800    00000800     UNINITIALIZED
                  0000b800    00000800     --HOLE--

.pinit     0    0000b000    00000000     UNINITIALIZED

.econst    1    0000a800    0000039c     
                  0000a800    000001c0     F2837xD_PieVect.obj (.econst:_PieVectTableInit)
                  0000a9c0    00000101     rts2800_fpu32.lib : ctype.c.obj (.econst:.string:__ctypes_)
                  0000aac1    00000001     --HOLE-- [fill = 0]
                  0000aac2    00000060     driverlib_coff.lib : sysctl.obj (.econst:.string)
                  0000ab22    00000026     rts2800_fpu32.lib : _printfi.c.obj (.econst:.string)
                  0000ab48    0000001c                       : _printfi.c.obj (.econst)
                  0000ab64    0000001c                       : s_scalbn.c.obj (.econst)
                  0000ab80    00000013     device.obj (.econst:.string)
                  0000ab93    00000001     --HOLE-- [fill = 0]
                  0000ab94    00000008     rts2800_fpu32.lib : s_frexp.c.obj (.econst)

.ebss      1    00015000    0000306d     UNINITIALIZED
                  00015000    00002f30     F28379dSerial.obj (.ebss)
                  00017f30    0000000f     LEDPatterns.obj (.ebss:_LED_0)
                  00017f3f    00000001     rts2800_fpu32.lib : errno.c.obj (.ebss)
                  00017f40    0000001a     takehome_main.obj (.ebss)
                  00017f5a    00000018     F2837xD_CpuTimers.obj (.ebss)
                  00017f72    00000006     device.obj (.ebss)
                  00017f78    00000006     rts2800_fpu32.lib : exit.c.obj (.ebss)
                  00017f7e    00000002                       : _lock.c.obj (.ebss:__lock)
                  00017f80    0000000f     LEDPatterns.obj (.ebss:_LED_1)
                  00017f8f    0000000f     LEDPatterns.obj (.ebss:_LED_2)
                  00017f9e    0000000f     LEDPatterns.obj (.ebss:_LED_3)
                  00017fad    0000000f     LEDPatterns.obj (.ebss:_LED_4)
                  00017fbc    00000002     rts2800_fpu32.lib : _lock.c.obj (.ebss:__unlock)
                  00017fbe    00000002     --HOLE--
                  00017fc0    0000000f     LEDPatterns.obj (.ebss:_LED_5)
                  00017fcf    0000000f     LEDPatterns.obj (.ebss:_LED_6)
                  00017fde    0000000f     LEDPatterns.obj (.ebss:_LED_7)
                  00017fed    0000000f     LEDPatterns.obj (.ebss:_LED_8)
                  00017ffc    00000004     --HOLE--
                  00018000    0000000f     LEDPatterns.obj (.ebss:_LED_9)
                  0001800f    0000000f     LEDPatterns.obj (.ebss:_LED_A)
                  0001801e    0000000f     LEDPatterns.obj (.ebss:_LED_B)
                  0001802d    0000000f     LEDPatterns.obj (.ebss:_LED_C)
                  0001803c    00000004     --HOLE--
                  00018040    0000000f     LEDPatterns.obj (.ebss:_LED_D)
                  0001804f    0000000f     LEDPatterns.obj (.ebss:_LED_E)
                  0001805e    0000000f     LEDPatterns.obj (.ebss:_LED_F)

.TI.ramfunc 
*          0    00000123    00000008     
                  00000123    00000004     F2837xD_usDelay.obj (.TI.ramfunc)
                  00000127    00000004     driverlib_coff.lib : sysctl.obj (.TI.ramfunc)

GETBUFFER 
*          0    0003f800    00000000     DSECT

GETWRITEIDX 
*          0    0003f800    00000000     DSECT

PUTREADIDX 
*          0    0003f800    00000000     DSECT

AdcaResultFile 
*          1    00000b00    00000018     UNINITIALIZED
                  00000b00    00000018     F2837xD_GlobalVariableDefs.obj (AdcaResultFile)

AdcbResultFile 
*          1    00000b20    00000018     UNINITIALIZED
                  00000b20    00000018     F2837xD_GlobalVariableDefs.obj (AdcbResultFile)

AdccResultFile 
*          1    00000b40    00000018     UNINITIALIZED
                  00000b40    00000018     F2837xD_GlobalVariableDefs.obj (AdccResultFile)

AdcdResultFile 
*          1    00000b60    00000018     UNINITIALIZED
                  00000b60    00000018     F2837xD_GlobalVariableDefs.obj (AdcdResultFile)

CpuTimer0RegsFile 
*          1    00000c00    00000008     UNINITIALIZED
                  00000c00    00000008     F2837xD_GlobalVariableDefs.obj (CpuTimer0RegsFile)

CpuTimer1RegsFile 
*          1    00000c08    00000008     UNINITIALIZED
                  00000c08    00000008     F2837xD_GlobalVariableDefs.obj (CpuTimer1RegsFile)

CpuTimer2RegsFile 
*          1    00000c10    00000008     UNINITIALIZED
                  00000c10    00000008     F2837xD_GlobalVariableDefs.obj (CpuTimer2RegsFile)

PieCtrlRegsFile 
*          1    00000ce0    0000001a     UNINITIALIZED
                  00000ce0    0000001a     F2837xD_GlobalVariableDefs.obj (PieCtrlRegsFile)

PieVectTableFile 
*          1    00000d00    000001c0     UNINITIALIZED
                  00000d00    000001c0     F2837xD_GlobalVariableDefs.obj (PieVectTableFile)

EmuBModeVar 
*          1    00000d00    00000001     UNINITIALIZED
                  00000d00    00000001     F2837xD_GlobalVariableDefs.obj (EmuBModeVar)

EmuBootPinsVar 
*          1    00000d01    00000001     UNINITIALIZED
                  00000d01    00000001     F2837xD_GlobalVariableDefs.obj (EmuBootPinsVar)

DmaRegsFile 
*          1    00001000    000000e0     UNINITIALIZED
                  00001000    000000e0     F2837xD_GlobalVariableDefs.obj (DmaRegsFile)

Cla1RegsFile 
*          1    00001400    0000003e     UNINITIALIZED
                  00001400    0000003e     F2837xD_GlobalVariableDefs.obj (Cla1RegsFile)

EPwm1RegsFile 
*          1    00004000    00000100     UNINITIALIZED
                  00004000    00000100     F2837xD_GlobalVariableDefs.obj (EPwm1RegsFile)

EPwm2RegsFile 
*          1    00004100    00000100     UNINITIALIZED
                  00004100    00000100     F2837xD_GlobalVariableDefs.obj (EPwm2RegsFile)

EPwm3RegsFile 
*          1    00004200    00000100     UNINITIALIZED
                  00004200    00000100     F2837xD_GlobalVariableDefs.obj (EPwm3RegsFile)

EPwm4RegsFile 
*          1    00004300    00000100     UNINITIALIZED
                  00004300    00000100     F2837xD_GlobalVariableDefs.obj (EPwm4RegsFile)

EPwm5RegsFile 
*          1    00004400    00000100     UNINITIALIZED
                  00004400    00000100     F2837xD_GlobalVariableDefs.obj (EPwm5RegsFile)

EPwm6RegsFile 
*          1    00004500    00000100     UNINITIALIZED
                  00004500    00000100     F2837xD_GlobalVariableDefs.obj (EPwm6RegsFile)

EPwm7RegsFile 
*          1    00004600    00000100     UNINITIALIZED
                  00004600    00000100     F2837xD_GlobalVariableDefs.obj (EPwm7RegsFile)

EPwm8RegsFile 
*          1    00004700    00000100     UNINITIALIZED
                  00004700    00000100     F2837xD_GlobalVariableDefs.obj (EPwm8RegsFile)

EPwm9RegsFile 
*          1    00004800    00000100     UNINITIALIZED
                  00004800    00000100     F2837xD_GlobalVariableDefs.obj (EPwm9RegsFile)

EPwm10RegsFile 
*          1    00004900    00000100     UNINITIALIZED
                  00004900    00000100     F2837xD_GlobalVariableDefs.obj (EPwm10RegsFile)

EPwm11RegsFile 
*          1    00004a00    00000100     UNINITIALIZED
                  00004a00    00000100     F2837xD_GlobalVariableDefs.obj (EPwm11RegsFile)

EPwm12RegsFile 
*          1    00004b00    00000100     UNINITIALIZED
                  00004b00    00000100     F2837xD_GlobalVariableDefs.obj (EPwm12RegsFile)

ECap1RegsFile 
*          1    00005000    00000020     UNINITIALIZED
                  00005000    00000020     F2837xD_GlobalVariableDefs.obj (ECap1RegsFile)

ECap2RegsFile 
*          1    00005020    00000020     UNINITIALIZED
                  00005020    00000020     F2837xD_GlobalVariableDefs.obj (ECap2RegsFile)

ECap3RegsFile 
*          1    00005040    00000020     UNINITIALIZED
                  00005040    00000020     F2837xD_GlobalVariableDefs.obj (ECap3RegsFile)

ECap4RegsFile 
*          1    00005060    00000020     UNINITIALIZED
                  00005060    00000020     F2837xD_GlobalVariableDefs.obj (ECap4RegsFile)

ECap5RegsFile 
*          1    00005080    00000020     UNINITIALIZED
                  00005080    00000020     F2837xD_GlobalVariableDefs.obj (ECap5RegsFile)

ECap6RegsFile 
*          1    000050a0    00000020     UNINITIALIZED
                  000050a0    00000020     F2837xD_GlobalVariableDefs.obj (ECap6RegsFile)

EQep1RegsFile 
*          1    00005100    00000022     UNINITIALIZED
                  00005100    00000022     F2837xD_GlobalVariableDefs.obj (EQep1RegsFile)

EQep2RegsFile 
*          1    00005140    00000022     UNINITIALIZED
                  00005140    00000022     F2837xD_GlobalVariableDefs.obj (EQep2RegsFile)

EQep3RegsFile 
*          1    00005180    00000022     UNINITIALIZED
                  00005180    00000022     F2837xD_GlobalVariableDefs.obj (EQep3RegsFile)

DacaRegsFile 
*          1    00005c00    00000008     UNINITIALIZED
                  00005c00    00000008     F2837xD_GlobalVariableDefs.obj (DacaRegsFile)

DacbRegsFile 
*          1    00005c10    00000008     UNINITIALIZED
                  00005c10    00000008     F2837xD_GlobalVariableDefs.obj (DacbRegsFile)

DaccRegsFile 
*          1    00005c20    00000008     UNINITIALIZED
                  00005c20    00000008     F2837xD_GlobalVariableDefs.obj (DaccRegsFile)

I2caRegsFile 
*          1    00007300    00000022     UNINITIALIZED
                  00007300    00000022     F2837xD_GlobalVariableDefs.obj (I2caRegsFile)

I2cbRegsFile 
*          1    00007340    00000022     UNINITIALIZED
                  00007340    00000022     F2837xD_GlobalVariableDefs.obj (I2cbRegsFile)

AdcaRegsFile 
*          1    00007400    00000080     UNINITIALIZED
                  00007400    00000080     F2837xD_GlobalVariableDefs.obj (AdcaRegsFile)

AdcbRegsFile 
*          1    00007480    00000080     UNINITIALIZED
                  00007480    00000080     F2837xD_GlobalVariableDefs.obj (AdcbRegsFile)

AdccRegsFile 
*          1    00007500    00000080     UNINITIALIZED
                  00007500    00000080     F2837xD_GlobalVariableDefs.obj (AdccRegsFile)

AdcdRegsFile 
*          1    00007580    00000080     UNINITIALIZED
                  00007580    00000080     F2837xD_GlobalVariableDefs.obj (AdcdRegsFile)

CanaRegsFile 
*          1    00048000    00000164     UNINITIALIZED
                  00048000    00000164     F2837xD_GlobalVariableDefs.obj (CanaRegsFile)

CanbRegsFile 
*          1    0004a000    00000164     UNINITIALIZED
                  0004a000    00000164     F2837xD_GlobalVariableDefs.obj (CanbRegsFile)

AnalogSubsysRegsFile 
*          1    0005d180    00000048     UNINITIALIZED
                  0005d180    00000048     F2837xD_GlobalVariableDefs.obj (AnalogSubsysRegsFile)

Cla1SoftIntRegsFile 
*          1    00000ce0    00000004     DSECT
                  00000ce0    00000004     F2837xD_GlobalVariableDefs.obj (Cla1SoftIntRegsFile)

Cmpss1RegsFile 
*          1    00005c80    00000020     UNINITIALIZED
                  00005c80    00000020     F2837xD_GlobalVariableDefs.obj (Cmpss1RegsFile)

Cmpss2RegsFile 
*          1    00005ca0    00000020     UNINITIALIZED
                  00005ca0    00000020     F2837xD_GlobalVariableDefs.obj (Cmpss2RegsFile)

Cmpss3RegsFile 
*          1    00005cc0    00000020     UNINITIALIZED
                  00005cc0    00000020     F2837xD_GlobalVariableDefs.obj (Cmpss3RegsFile)

Cmpss4RegsFile 
*          1    00005ce0    00000020     UNINITIALIZED
                  00005ce0    00000020     F2837xD_GlobalVariableDefs.obj (Cmpss4RegsFile)

Cmpss5RegsFile 
*          1    00005d00    00000020     UNINITIALIZED
                  00005d00    00000020     F2837xD_GlobalVariableDefs.obj (Cmpss5RegsFile)

Cmpss6RegsFile 
*          1    00005d20    00000020     UNINITIALIZED
                  00005d20    00000020     F2837xD_GlobalVariableDefs.obj (Cmpss6RegsFile)

Cmpss7RegsFile 
*          1    00005d40    00000020     UNINITIALIZED
                  00005d40    00000020     F2837xD_GlobalVariableDefs.obj (Cmpss7RegsFile)

Cmpss8RegsFile 
*          1    00005d60    00000020     UNINITIALIZED
                  00005d60    00000020     F2837xD_GlobalVariableDefs.obj (Cmpss8RegsFile)

Sdfm1RegsFile 
*          1    00005e00    00000080     UNINITIALIZED
                  00005e00    00000080     F2837xD_GlobalVariableDefs.obj (Sdfm1RegsFile)

Sdfm2RegsFile 
*          1    00005e80    00000080     UNINITIALIZED
                  00005e80    00000080     F2837xD_GlobalVariableDefs.obj (Sdfm2RegsFile)

McbspaRegsFile 
*          1    00006000    00000024     UNINITIALIZED
                  00006000    00000024     F2837xD_GlobalVariableDefs.obj (McbspaRegsFile)

McbspbRegsFile 
*          1    00006040    00000024     UNINITIALIZED
                  00006040    00000024     F2837xD_GlobalVariableDefs.obj (McbspbRegsFile)

SpiaRegsFile 
*          1    00006100    00000010     UNINITIALIZED
                  00006100    00000010     F2837xD_GlobalVariableDefs.obj (SpiaRegsFile)

SpibRegsFile 
*          1    00006110    00000010     UNINITIALIZED
                  00006110    00000010     F2837xD_GlobalVariableDefs.obj (SpibRegsFile)

SpicRegsFile 
*          1    00006120    00000010     UNINITIALIZED
                  00006120    00000010     F2837xD_GlobalVariableDefs.obj (SpicRegsFile)

UppRegsFile 
*          1    00006200    00000048     UNINITIALIZED
                  00006200    00000048     F2837xD_GlobalVariableDefs.obj (UppRegsFile)

WdRegsFile 
*          1    00007000    0000002b     UNINITIALIZED
                  00007000    0000002b     F2837xD_GlobalVariableDefs.obj (WdRegsFile)

NmiIntruptRegsFile 
*          1    00007060    00000007     UNINITIALIZED
                  00007060    00000007     F2837xD_GlobalVariableDefs.obj (NmiIntruptRegsFile)

XintRegsFile 
*          1    00007070    0000000b     UNINITIALIZED
                  00007070    0000000b     F2837xD_GlobalVariableDefs.obj (XintRegsFile)

SciaRegsFile 
*          1    00007200    00000010     UNINITIALIZED
                  00007200    00000010     F2837xD_GlobalVariableDefs.obj (SciaRegsFile)

ScibRegsFile 
*          1    00007210    00000010     UNINITIALIZED
                  00007210    00000010     F2837xD_GlobalVariableDefs.obj (ScibRegsFile)

ScicRegsFile 
*          1    00007220    00000010     UNINITIALIZED
                  00007220    00000010     F2837xD_GlobalVariableDefs.obj (ScicRegsFile)

ScidRegsFile 
*          1    00007230    00000010     UNINITIALIZED
                  00007230    00000010     F2837xD_GlobalVariableDefs.obj (ScidRegsFile)

InputXbarRegsFile 
*          1    00007900    00000020     UNINITIALIZED
                  00007900    00000020     F2837xD_GlobalVariableDefs.obj (InputXbarRegsFile)

XbarRegsFile 
*          1    00007920    00000020     UNINITIALIZED
                  00007920    00000020     F2837xD_GlobalVariableDefs.obj (XbarRegsFile)

SyncSocRegsFile 
*          1    00007940    00000006     UNINITIALIZED
                  00007940    00000006     F2837xD_GlobalVariableDefs.obj (SyncSocRegsFile)

DmaClaSrcSelRegsFile 
*          1    00007980    0000001a     UNINITIALIZED
                  00007980    0000001a     F2837xD_GlobalVariableDefs.obj (DmaClaSrcSelRegsFile)

EPwmXbarRegsFile 
*          1    00007a00    00000040     UNINITIALIZED
                  00007a00    00000040     F2837xD_GlobalVariableDefs.obj (EPwmXbarRegsFile)

OutputXbarRegsFile 
*          1    00007a80    00000040     UNINITIALIZED
                  00007a80    00000040     F2837xD_GlobalVariableDefs.obj (OutputXbarRegsFile)

GpioCtrlRegsFile 
*          1    00007c00    00000180     UNINITIALIZED
                  00007c00    00000180     F2837xD_GlobalVariableDefs.obj (GpioCtrlRegsFile)

GpioDataRegsFile 
*          1    00007f00    00000030     UNINITIALIZED
                  00007f00    00000030     F2837xD_GlobalVariableDefs.obj (GpioDataRegsFile)

Emif1RegsFile 
*          1    00047000    00000070     UNINITIALIZED
                  00047000    00000070     F2837xD_GlobalVariableDefs.obj (Emif1RegsFile)

Emif2RegsFile 
*          1    00047800    00000070     UNINITIALIZED
                  00047800    00000070     F2837xD_GlobalVariableDefs.obj (Emif2RegsFile)

IpcRegsFile 
*          1    00050000    00000024     UNINITIALIZED
                  00050000    00000024     F2837xD_GlobalVariableDefs.obj (IpcRegsFile)

FlashPumpSemaphoreRegsFile 
*          1    00050024    00000002     UNINITIALIZED
                  00050024    00000002     F2837xD_GlobalVariableDefs.obj (FlashPumpSemaphoreRegsFile)

RomPrefetchRegsFile 
*          1    0005e608    00000002     UNINITIALIZED
                  0005e608    00000002     F2837xD_GlobalVariableDefs.obj (RomPrefetchRegsFile)

DcsmZ1RegsFile 
*          1    0005f000    00000024     UNINITIALIZED
                  0005f000    00000024     F2837xD_GlobalVariableDefs.obj (DcsmZ1RegsFile)

DcsmZ2RegsFile 
*          1    0005f040    00000024     UNINITIALIZED
                  0005f040    00000024     F2837xD_GlobalVariableDefs.obj (DcsmZ2RegsFile)

DcsmCommonRegsFile 
*          1    0005f070    00000008     UNINITIALIZED
                  0005f070    00000008     F2837xD_GlobalVariableDefs.obj (DcsmCommonRegsFile)

MemCfgRegsFile 
*          1    0005f400    00000080     UNINITIALIZED
                  0005f400    00000080     F2837xD_GlobalVariableDefs.obj (MemCfgRegsFile)

Emif1ConfigRegsFile 
*          1    0005f480    00000020     UNINITIALIZED
                  0005f480    00000020     F2837xD_GlobalVariableDefs.obj (Emif1ConfigRegsFile)

Emif2ConfigRegsFile 
*          1    0005f4a0    00000020     UNINITIALIZED
                  0005f4a0    00000020     F2837xD_GlobalVariableDefs.obj (Emif2ConfigRegsFile)

AccessProtectionRegsFile 
*          1    0005f4c0    00000040     UNINITIALIZED
                  0005f4c0    00000040     F2837xD_GlobalVariableDefs.obj (AccessProtectionRegsFile)

MemoryErrorRegsFile 
*          1    0005f500    00000040     UNINITIALIZED
                  0005f500    00000040     F2837xD_GlobalVariableDefs.obj (MemoryErrorRegsFile)

RomWaitStateRegsFile 
*          1    0005f540    00000002     UNINITIALIZED
                  0005f540    00000002     F2837xD_GlobalVariableDefs.obj (RomWaitStateRegsFile)

Flash0CtrlRegsFile 
*          1    0005f800    00000182     UNINITIALIZED
                  0005f800    00000182     F2837xD_GlobalVariableDefs.obj (Flash0CtrlRegsFile)

Flash0EccRegsFile 
*          1    0005fb00    00000028     UNINITIALIZED
                  0005fb00    00000028     F2837xD_GlobalVariableDefs.obj (Flash0EccRegsFile)

DevCfgRegsFile 
*          1    0005d000    0000012e     UNINITIALIZED
                  0005d000    0000012e     F2837xD_GlobalVariableDefs.obj (DevCfgRegsFile)

ClkCfgRegsFile 
*          1    0005d200    00000032     UNINITIALIZED
                  0005d200    00000032     F2837xD_GlobalVariableDefs.obj (ClkCfgRegsFile)

CpuSysRegsFile 
*          1    0005d300    00000082     UNINITIALIZED
                  0005d300    00000082     F2837xD_GlobalVariableDefs.obj (CpuSysRegsFile)

.text.1    0    00008000    00002800     
                  00008000    00000ce4     rts2800_fpu32.lib : _printfi.c.obj (.text)
                  00008ce4    00000608     takehome_main.obj (.text)
                  000092ec    00000585     F2837xD_DefaultISR.obj (.text:retain)
                  00009871    000004ab     F2837xD_SysCtrl.obj (.text)
                  00009d1c    0000033c     F28379dSerial.obj (.text)
                  0000a058    00000244     F2837xD_Gpio.obj (.text)
                  0000a29c    000001e0     F28379dSerial.obj (.text:retain)
                  0000a47c    00000107     rts2800_fpu32.lib : ll_div28.asm.obj (.text)
                  0000a583    00000105     takehome_main.obj (.text:retain)
                  0000a688    000000fb     LEDPatterns.obj (.text)
                  0000a783    0000007c     F2837xD_CpuTimers.obj (.text)
                  0000a7ff    00000001     rts2800_fpu32.lib : startup.c.obj (.text)

.text.2    0    0000d000    00000695     
                  0000d000    000000ae     rts2800_fpu32.lib : s_scalbn.c.obj (.text)
                  0000d0ae    0000009c                       : fd_add28.asm.obj (.text)
                  0000d14a    0000008b                       : fd_div28.asm.obj (.text)
                  0000d1d5    00000088                       : fs_div28.asm.obj (.text)
                  0000d25d    00000083                       : fd_mpy28.asm.obj (.text)
                  0000d2e0    0000005a                       : s_frexp.c.obj (.text)
                  0000d33a    00000056                       : boot28.asm.obj (.text)
                  0000d390    00000031                       : atoi.c.obj (.text)
                  0000d3c1    00000030                       : _ltoa.c.obj (.text)
                  0000d3f1    00000030                       : vsprintf.c.obj (.text)
                  0000d421    0000002a                       : fd_cmp28.asm.obj (.text)
                  0000d44b    0000002a                       : l_div28.asm.obj (.text)
                  0000d475    00000029                       : exit.c.obj (.text)
                  0000d49e    00000028     F2837xD_PieCtrl.obj (.text)
                  0000d4c6    00000026     F2837xD_PieVect.obj (.text)
                  0000d4ec    00000025     rts2800_fpu32.lib : s_copysign.c.obj (.text)
                  0000d511    00000024                       : cpy_tbl.c.obj (.text)
                  0000d535    00000021                       : fd_toi28.asm.obj (.text)
                  0000d556    0000001f                       : fd_tol28.asm.obj (.text)
                  0000d575    0000001e                       : ll_cmp28.asm.obj (.text)
                  0000d593    0000001d                       : i_tofd28.asm.obj (.text)
                  0000d5b0    0000001d                       : memcpy.c.obj (.text)
                  0000d5cd    0000001c                       : fs_tofdfpu32.asm.obj (.text)
                  0000d5e9    0000001c                       : l_tofd28.asm.obj (.text)
                  0000d605    00000018                       : ll_aox28.asm.obj (.text)
                  0000d61d    00000012                       : args_main.c.obj (.text)
                  0000d62f    00000010                       : memccpy.c.obj (.text)
                  0000d63f    0000000e                       : fd_sub28.asm.obj (.text)
                  0000d64d    0000000c                       : strchr.c.obj (.text)
                  0000d659    0000000b                       : u_div28.asm.obj (.text)
                  0000d664    00000009                       : _lock.c.obj (.text)
                  0000d66d    00000009                       : fd_neg28.asm.obj (.text)
                  0000d676    00000009                       : wcslen.c.obj (.text)
                  0000d67f    00000008                       : strlen.c.obj (.text)
                  0000d687    00000007                       : memset.c.obj (.text)
                  0000d68e    00000005                       : strcpy.c.obj (.text)
                  0000d693    00000002                       : pre_init.c.obj (.text)

MODULE SUMMARY

       Module                           code    initialized data   uninitialized data
       ------                           ----    ----------------   ------------------
    ./
       F28379dSerial.obj                1308    0                  12080             
       F2837xD_GlobalVariableDefs.obj   0       0                  8695              
       takehome_main.obj                1805    91                 26                
       F2837xD_DefaultISR.obj           1413    0                  0                 
       F2837xD_SysCtrl.obj              1195    0                  0                 
       LEDPatterns.obj                  251     288                240               
       F2837xD_Gpio.obj                 580     0                  0                 
       F2837xD_PieVect.obj              38      448                0                 
       F2837xD_CpuTimers.obj            124     0                  24                
       F2837xD_PieCtrl.obj              40      0                  0                 
       F2837xD_usDelay.obj              4       0                  0                 
       F2837xD_CodeStartBranch.obj      2       0                  0                 
    +--+--------------------------------+-------+------------------+--------------------+
       Total:                           6760    827                21065             
                                                                                     
    ./device/
       device.obj                       0       34                 6                 
    +--+--------------------------------+-------+------------------+--------------------+
       Total:                           0       34                 6                 
                                                                                     
    /Applications/ti/ccs1020/ccs/tools/compiler/ti-cgt-c2000_20.2.2.LTS/lib/rts2800_fpu32.lib
       _printfi.c.obj                   3300    66                 0                 
       ll_div28.asm.obj                 263     0                  0                 
       ctype.c.obj                      0       257                0                 
       s_scalbn.c.obj                   174     28                 0                 
       fd_add28.asm.obj                 156     0                  0                 
       fd_div28.asm.obj                 139     0                  0                 
       fs_div28.asm.obj                 136     0                  0                 
       fd_mpy28.asm.obj                 131     0                  0                 
       s_frexp.c.obj                    90      8                  0                 
       boot28.asm.obj                   86      0                  0                 
       exit.c.obj                       41      14                 6                 
       atoi.c.obj                       49      0                  0                 
       _ltoa.c.obj                      48      0                  0                 
       vsprintf.c.obj                   48      0                  0                 
       fd_cmp28.asm.obj                 42      0                  0                 
       l_div28.asm.obj                  42      0                  0                 
       s_copysign.c.obj                 37      0                  0                 
       cpy_tbl.c.obj                    36      0                  0                 
       fd_toi28.asm.obj                 33      0                  0                 
       fd_tol28.asm.obj                 31      0                  0                 
       ll_cmp28.asm.obj                 30      0                  0                 
       i_tofd28.asm.obj                 29      0                  0                 
       memcpy.c.obj                     29      0                  0                 
       fs_tofdfpu32.asm.obj             28      0                  0                 
       l_tofd28.asm.obj                 28      0                  0                 
       ll_aox28.asm.obj                 24      0                  0                 
       _lock.c.obj                      9       10                 4                 
       args_main.c.obj                  18      0                  0                 
       memccpy.c.obj                    16      0                  0                 
       fd_sub28.asm.obj                 14      0                  0                 
       strchr.c.obj                     12      0                  0                 
       u_div28.asm.obj                  11      0                  0                 
       fd_neg28.asm.obj                 9       0                  0                 
       wcslen.c.obj                     9       0                  0                 
       strlen.c.obj                     8       0                  0                 
       memset.c.obj                     7       0                  0                 
       errno.c.obj                      0       4                  1                 
       strcpy.c.obj                     5       0                  0                 
       pre_init.c.obj                   2       0                  0                 
       startup.c.obj                    1       0                  0                 
    +--+--------------------------------+-------+------------------+--------------------+
       Total:                           5171    387                11                
                                                                                     
    /Users/pranjalsinha/Desktop/SE423/pranjal5/C2000Ware_3_02_00_00_F28379D/driverlib/f2837xd/driverlib/ccs/Debug/driverlib_coff.lib
       sysctl.obj                       4       96                 0                 
    +--+--------------------------------+-------+------------------+--------------------+
       Total:                           4       96                 0                 
                                                                                     
       Stack:                           0       0                  2048              
    +--+--------------------------------+-------+------------------+--------------------+
       Grand Total:                     11935   1344               23130             


GLOBAL DATA SYMBOLS: SORTED BY DATA PAGE

address     data page           name
--------    ----------------    ----
00000b00      2c (00000b00)     _AdcaResultRegs
00000b20      2c (00000b00)     _AdcbResultRegs

00000b40      2d (00000b40)     _AdccResultRegs
00000b60      2d (00000b40)     _AdcdResultRegs

00000c00      30 (00000c00)     _CpuTimer0Regs
00000c08      30 (00000c00)     _CpuTimer1Regs
00000c10      30 (00000c00)     _CpuTimer2Regs

00000ce0      33 (00000cc0)     _Cla1SoftIntRegs
00000ce0      33 (00000cc0)     _PieCtrlRegs

00000d00      34 (00000d00)     _EmuBMode
00000d00      34 (00000d00)     _PieVectTable
00000d01      34 (00000d00)     _EmuBootPins

00001000      40 (00001000)     _DmaRegs

00001400      50 (00001400)     _Cla1Regs

00004000     100 (00004000)     _EPwm1Regs

00004100     104 (00004100)     _EPwm2Regs

00004200     108 (00004200)     _EPwm3Regs

00004300     10c (00004300)     _EPwm4Regs

00004400     110 (00004400)     _EPwm5Regs

00004500     114 (00004500)     _EPwm6Regs

00004600     118 (00004600)     _EPwm7Regs

00004700     11c (00004700)     _EPwm8Regs

00004800     120 (00004800)     _EPwm9Regs

00004900     124 (00004900)     _EPwm10Regs

00004a00     128 (00004a00)     _EPwm11Regs

00004b00     12c (00004b00)     _EPwm12Regs

00005000     140 (00005000)     _ECap1Regs
00005020     140 (00005000)     _ECap2Regs

00005040     141 (00005040)     _ECap3Regs
00005060     141 (00005040)     _ECap4Regs

00005080     142 (00005080)     _ECap5Regs
000050a0     142 (00005080)     _ECap6Regs

00005100     144 (00005100)     _EQep1Regs

00005140     145 (00005140)     _EQep2Regs

00005180     146 (00005180)     _EQep3Regs

00005c00     170 (00005c00)     _DacaRegs
00005c10     170 (00005c00)     _DacbRegs
00005c20     170 (00005c00)     _DaccRegs

00005c80     172 (00005c80)     _Cmpss1Regs
00005ca0     172 (00005c80)     _Cmpss2Regs

00005cc0     173 (00005cc0)     _Cmpss3Regs
00005ce0     173 (00005cc0)     _Cmpss4Regs

00005d00     174 (00005d00)     _Cmpss5Regs
00005d20     174 (00005d00)     _Cmpss6Regs

00005d40     175 (00005d40)     _Cmpss7Regs
00005d60     175 (00005d40)     _Cmpss8Regs

00005e00     178 (00005e00)     _Sdfm1Regs

00005e80     17a (00005e80)     _Sdfm2Regs

00006000     180 (00006000)     _McbspaRegs

00006040     181 (00006040)     _McbspbRegs

00006100     184 (00006100)     _SpiaRegs
00006110     184 (00006100)     _SpibRegs
00006120     184 (00006100)     _SpicRegs

00006200     188 (00006200)     _UppRegs

00007000     1c0 (00007000)     _WdRegs

00007060     1c1 (00007040)     _NmiIntruptRegs
00007070     1c1 (00007040)     _XintRegs

00007200     1c8 (00007200)     _SciaRegs
00007210     1c8 (00007200)     _ScibRegs
00007220     1c8 (00007200)     _ScicRegs
00007230     1c8 (00007200)     _ScidRegs

00007300     1cc (00007300)     _I2caRegs

00007340     1cd (00007340)     _I2cbRegs

00007400     1d0 (00007400)     _AdcaRegs

00007480     1d2 (00007480)     _AdcbRegs

00007500     1d4 (00007500)     _AdccRegs

00007580     1d6 (00007580)     _AdcdRegs

00007900     1e4 (00007900)     _InputXbarRegs
00007920     1e4 (00007900)     _XbarRegs

00007940     1e5 (00007940)     _SyncSocRegs

00007980     1e6 (00007980)     _DmaClaSrcSelRegs

00007a00     1e8 (00007a00)     _EPwmXbarRegs

00007a80     1ea (00007a80)     _OutputXbarRegs

00007c00     1f0 (00007c00)     _GpioCtrlRegs

00007f00     1fc (00007f00)     _GpioDataRegs

0000a800     2a0 (0000a800)     _PieVectTableInit

0000a9c0     2a7 (0000a9c0)     __ctypes_

0000b800     2e0 (0000b800)     __stack

00015000     540 (00015000)     _SerialA

00015fc0     57f (00015fc0)     _SerialC

00016f80     5be (00016f80)     _SerialD

00017f30     5fc (00017f00)     _LED_0
00017f3f     5fc (00017f00)     _errno

00017f40     5fd (00017f40)     _UARTPrint
00017f41     5fd (00017f40)     _LEDdisplaynum
00017f42     5fd (00017f40)     _RC1
00017f43     5fd (00017f40)     _RC2
00017f44     5fd (00017f40)     _ADC1
00017f45     5fd (00017f40)     _ADC2
00017f46     5fd (00017f40)     _DanRC1
00017f47     5fd (00017f40)     _DanRC2
00017f48     5fd (00017f40)     _DanADC1
00017f49     5fd (00017f40)     _DanADC2
00017f4a     5fd (00017f40)     _DanSec
00017f4b     5fd (00017f40)     _DanMin
00017f4c     5fd (00017f40)     _DanHour
00017f4d     5fd (00017f40)     _DanDay
00017f4e     5fd (00017f40)     _DanDate
00017f4f     5fd (00017f40)     _DanMonth
00017f50     5fd (00017f40)     _DanYear
00017f51     5fd (00017f40)     _ReadI2CB
00017f52     5fd (00017f40)     _spivalue1
00017f54     5fd (00017f40)     _numTimer0calls
00017f56     5fd (00017f40)     _numSWIcalls
00017f58     5fd (00017f40)     _numRXA
00017f5a     5fd (00017f40)     _CpuTimer0
00017f62     5fd (00017f40)     _CpuTimer1
00017f6a     5fd (00017f40)     _CpuTimer2
00017f72     5fd (00017f40)     _Example_Result
00017f74     5fd (00017f40)     _Example_PassCount
00017f76     5fd (00017f40)     _Example_Fail
00017f78     5fd (00017f40)     ___TI_enable_exit_profile_output
00017f7a     5fd (00017f40)     ___TI_cleanup_ptr
00017f7c     5fd (00017f40)     ___TI_dtors_ptr
00017f7e     5fd (00017f40)     __lock

00017f80     5fe (00017f80)     _LED_1
00017f8f     5fe (00017f80)     _LED_2
00017f9e     5fe (00017f80)     _LED_3
00017fad     5fe (00017f80)     _LED_4
00017fbc     5fe (00017f80)     __unlock

00017fc0     5ff (00017fc0)     _LED_5
00017fcf     5ff (00017fc0)     _LED_6
00017fde     5ff (00017fc0)     _LED_7
00017fed     5ff (00017fc0)     _LED_8

00018000     600 (00018000)     _LED_9
0001800f     600 (00018000)     _LED_A
0001801e     600 (00018000)     _LED_B
0001802d     600 (00018000)     _LED_C

00018040     601 (00018040)     _LED_D
0001804f     601 (00018040)     _LED_E
0001805e     601 (00018040)     _LED_F

00047000    11c0 (00047000)     _Emif1Regs

00047800    11e0 (00047800)     _Emif2Regs

00048000    1200 (00048000)     _CanaRegs

0004a000    1280 (0004a000)     _CanbRegs

00050000    1400 (00050000)     _IpcRegs
00050024    1400 (00050000)     _FlashPumpSemaphoreRegs

0005d000    1740 (0005d000)     _DevCfgRegs

0005d180    1746 (0005d180)     _AnalogSubsysRegs

0005d200    1748 (0005d200)     _ClkCfgRegs

0005d300    174c (0005d300)     _CpuSysRegs

0005e608    1798 (0005e600)     _RomPrefetchRegs

0005f000    17c0 (0005f000)     _DcsmZ1Regs

0005f040    17c1 (0005f040)     _DcsmZ2Regs
0005f070    17c1 (0005f040)     _DcsmCommonRegs

0005f400    17d0 (0005f400)     _MemCfgRegs

0005f480    17d2 (0005f480)     _Emif1ConfigRegs
0005f4a0    17d2 (0005f480)     _Emif2ConfigRegs

0005f4c0    17d3 (0005f4c0)     _AccessProtectionRegs

0005f500    17d4 (0005f500)     _MemoryErrorRegs

0005f540    17d5 (0005f540)     _RomWaitStateRegs

0005f800    17e0 (0005f800)     _Flash0CtrlRegs

0005fb00    17ec (0005fb00)     _Flash0EccRegs


GLOBAL SYMBOLS: SORTED ALPHABETICALLY BY Name 

page  address   name                                  
----  -------   ----                                  
abs   ffffffff  .text                                 
0     0000d475  C$$EXIT                               
0     0000d0ae  FD$$ADD                               
0     0000d421  FD$$CMP                               
0     0000d14a  FD$$DIV                               
0     0000d25d  FD$$MPY                               
0     0000d66d  FD$$NEG                               
0     0000d63f  FD$$SUB                               
0     0000d535  FD$$TOI                               
0     0000d556  FD$$TOL                               
0     0000d1d5  FS$$DIV                               
0     0000d5cd  FS$$TOFD                              
0     0000d593  I$$TOFD                               
0     0000d44b  L$$DIV                                
0     0000d45a  L$$MOD                                
0     0000d5e9  L$$TOFD                               
0     0000d605  LL$$AND                               
0     0000d575  LL$$CMP                               
0     0000a47c  LL$$DIV                               
0     0000a4b8  LL$$MOD                               
0     0000d60d  LL$$OR                                
0     0000d615  LL$$XOR                               
0     0000d659  U$$DIV                                
0     0000d65e  U$$MOD                                
0     0000d468  UL$$DIV                               
0     0000d46f  UL$$MOD                               
0     0000d587  ULL$$CMP                              
0     0000a4f2  ULL$$DIV                              
0     0000a521  ULL$$MOD                              
1     00017f44  _ADC1                                 
1     00017f45  _ADC2                                 
0     000093aa  _ADCA1_ISR                            
0     0000962a  _ADCA2_ISR                            
0     00009634  _ADCA3_ISR                            
0     0000963e  _ADCA4_ISR                            
0     00009620  _ADCA_EVT_ISR                         
0     000093b4  _ADCB1_ISR                            
0     00009652  _ADCB2_ISR                            
0     0000965c  _ADCB3_ISR                            
0     00009666  _ADCB4_ISR                            
0     00009648  _ADCB_EVT_ISR                         
0     000093be  _ADCC1_ISR                            
0     000097ba  _ADCC2_ISR                            
0     000097c4  _ADCC3_ISR                            
0     000097ce  _ADCC4_ISR                            
0     000097b0  _ADCC_EVT_ISR                         
0     000093dc  _ADCD1_ISR                            
0     000097e2  _ADCD2_ISR                            
0     000097ec  _ADCD3_ISR                            
0     000097f6  _ADCD4_ISR                            
0     000097d8  _ADCD_EVT_ISR                         
0     00009832  _AUX_PLL_SLIP_ISR                     
1     0005f4c0  _AccessProtectionRegs                 
1     00007400  _AdcaRegs                             
1     00000b00  _AdcaResultRegs                       
1     00007480  _AdcbRegs                             
1     00000b20  _AdcbResultRegs                       
1     00007500  _AdccRegs                             
1     00000b40  _AdccResultRegs                       
1     00007580  _AdcdRegs                             
1     00000b60  _AdcdResultRegs                       
1     0005d180  _AnalogSubsysRegs                     
0     00009cab  _AuxAuxClkSel                         
0     00009c95  _AuxIntOsc2Sel                        
0     00009c9f  _AuxXtalOscSel                        
0     000095f8  _CANA0_ISR                            
0     00009602  _CANA1_ISR                            
0     0000960c  _CANB0_ISR                            
0     00009616  _CANB1_ISR                            
0     00009670  _CLA1_1_ISR                           
0     0000967a  _CLA1_2_ISR                           
0     00009684  _CLA1_3_ISR                           
0     0000968e  _CLA1_4_ISR                           
0     00009698  _CLA1_5_ISR                           
0     000096a2  _CLA1_6_ISR                           
0     000096ac  _CLA1_7_ISR                           
0     000096b6  _CLA1_8_ISR                           
0     0000983c  _CLA_OVERFLOW_ISR                     
0     00009846  _CLA_UNDERFLOW_ISR                    
1     00048000  _CanaRegs                             
1     0004a000  _CanbRegs                             
1     00001400  _Cla1Regs                             
0     00000ce0  _Cla1SoftIntRegs                      
1     0005d200  _ClkCfgRegs                           
1     00005c80  _Cmpss1Regs                           
1     00005ca0  _Cmpss2Regs                           
1     00005cc0  _Cmpss3Regs                           
1     00005ce0  _Cmpss4Regs                           
1     00005d00  _Cmpss5Regs                           
1     00005d20  _Cmpss6Regs                           
1     00005d40  _Cmpss7Regs                           
1     00005d60  _Cmpss8Regs                           
0     0000a7c4  _ConfigCpuTimer                       
0     00009cff  _ConfigureTMXAnalogTrim               
1     0005d300  _CpuSysRegs                           
1     00017f5a  _CpuTimer0                            
1     00000c00  _CpuTimer0Regs                        
1     00017f62  _CpuTimer1                            
1     00000c08  _CpuTimer1Regs                        
1     00017f6a  _CpuTimer2                            
1     00000c10  _CpuTimer2Regs                        
0     00009c40  _CsmUnlock                            
0     00009300  _DATALOG_ISR                          
0     00009544  _DMA_CH1_ISR                          
0     0000954e  _DMA_CH2_ISR                          
0     00009558  _DMA_CH3_ISR                          
0     00009562  _DMA_CH4_ISR                          
0     0000956c  _DMA_CH5_ISR                          
0     00009576  _DMA_CH6_ISR                          
1     00005c00  _DacaRegs                             
1     00005c10  _DacbRegs                             
1     00005c20  _DaccRegs                             
1     00017f48  _DanADC1                              
1     00017f49  _DanADC2                              
1     00017f4e  _DanDate                              
1     00017f4d  _DanDay                               
1     00017f4c  _DanHour                              
1     00017f4b  _DanMin                               
1     00017f4f  _DanMonth                             
1     00017f46  _DanRC1                               
1     00017f47  _DanRC2                               
1     00017f4a  _DanSec                               
1     00017f50  _DanYear                              
1     0005f070  _DcsmCommonRegs                       
1     0005f000  _DcsmZ1Regs                           
1     0005f040  _DcsmZ2Regs                           
1     0005d000  _DevCfgRegs                           
0     00009954  _DisableDog                           
0     00009915  _DisablePeripheralClocks              
1     00007980  _DmaClaSrcSelRegs                     
1     00001000  _DmaRegs                              
0     0000949a  _ECAP1_ISR                            
0     000094a4  _ECAP2_ISR                            
0     000094ae  _ECAP3_ISR                            
0     000094b8  _ECAP4_ISR                            
0     000094c2  _ECAP5_ISR                            
0     000094cc  _ECAP6_ISR                            
1     00005000  _ECap1Regs                            
1     00005020  _ECap2Regs                            
1     00005040  _ECap3Regs                            
1     00005060  _ECap4Regs                            
1     00005080  _ECap5Regs                            
1     000050a0  _ECap6Regs                            
0     00009800  _EMIF_ERROR_ISR                       
0     0000985a  _EMPTY_ISR                            
0     00009314  _EMU_ISR                              
0     00009756  _EPWM10_ISR                           
0     0000972e  _EPWM10_TZ_ISR                        
0     00009760  _EPWM11_ISR                           
0     00009738  _EPWM11_TZ_ISR                        
0     0000976a  _EPWM12_ISR                           
0     00009742  _EPWM12_TZ_ISR                        
0     0000944a  _EPWM1_ISR                            
0     000093fa  _EPWM1_TZ_ISR                         
0     00009454  _EPWM2_ISR                            
0     00009404  _EPWM2_TZ_ISR                         
0     0000945e  _EPWM3_ISR                            
0     0000940e  _EPWM3_TZ_ISR                         
0     00009468  _EPWM4_ISR                            
0     00009418  _EPWM4_TZ_ISR                         
0     00009472  _EPWM5_ISR                            
0     00009422  _EPWM5_TZ_ISR                         
0     0000947c  _EPWM6_ISR                            
0     0000942c  _EPWM6_TZ_ISR                         
0     00009486  _EPWM7_ISR                            
0     00009436  _EPWM7_TZ_ISR                         
0     00009490  _EPWM8_ISR                            
0     00009440  _EPWM8_TZ_ISR                         
0     0000974c  _EPWM9_ISR                            
0     00009724  _EPWM9_TZ_ISR                         
1     00004900  _EPwm10Regs                           
1     00004a00  _EPwm11Regs                           
1     00004b00  _EPwm12Regs                           
1     00004000  _EPwm1Regs                            
1     00004100  _EPwm2Regs                            
1     00004200  _EPwm3Regs                            
1     00004300  _EPwm4Regs                            
1     00004400  _EPwm5Regs                            
1     00004500  _EPwm6Regs                            
1     00004600  _EPwm7Regs                            
1     00004700  _EPwm8Regs                            
1     00004800  _EPwm9Regs                            
1     00007a00  _EPwmXbarRegs                         
0     000094d6  _EQEP1_ISR                            
0     000094e0  _EQEP2_ISR                            
0     000094ea  _EQEP3_ISR                            
1     00005100  _EQep1Regs                            
1     00005140  _EQep2Regs                            
1     00005180  _EQep3Regs                            
1     0005f480  _Emif1ConfigRegs                      
1     00047000  _Emif1Regs                            
1     0005f4a0  _Emif2ConfigRegs                      
1     00047800  _Emif2Regs                            
1     00000d00  _EmuBMode                             
1     00000d01  _EmuBootPins                          
0     0000d4bd  _EnableInterrupts                     
1     00017f76  _Example_Fail                         
1     00017f74  _Example_PassCount                    
1     00017f72  _Example_Result                       
0     00000123  _F28x_usDelay                         
0     00009814  _FLASH_CORRECTABLE_ERROR_ISR          
0     000096e8  _FPU_OVERFLOW_ISR                     
0     000096f2  _FPU_UNDERFLOW_ISR                    
1     0005f800  _Flash0CtrlRegs                       
1     0005fb00  _Flash0EccRegs                        
1     00050024  _FlashPumpSemaphoreRegs               
0     0000a251  _GPIO_EnableUnbondedIOPullups         
0     0000a22c  _GPIO_EnableUnbondedIOPullupsFor100Pin
0     0000a213  _GPIO_EnableUnbondedIOPullupsFor176Pin
0     0000a267  _GPIO_ReadPin                         
0     0000a1b8  _GPIO_SetupLock                       
0     0000a098  _GPIO_SetupPinMux                     
0     0000a124  _GPIO_SetupPinOptions                 
0     0000a1e1  _GPIO_SetupXINT1Gpio                  
0     0000a1eb  _GPIO_SetupXINT2Gpio                  
0     0000a1f5  _GPIO_SetupXINT3Gpio                  
0     0000a1ff  _GPIO_SetupXINT4Gpio                  
0     0000a209  _GPIO_SetupXINT5Gpio                  
0     0000a27e  _GPIO_WritePin                        
1     00007c00  _GpioCtrlRegs                         
1     00007f00  _GpioDataRegs                         
0     00009cc9  _HALT                                 
0     00009ce2  _HIB                                  
0     0000958a  _I2CA_FIFO_ISR                        
0     00009580  _I2CA_ISR                             
0     0000959e  _I2CB_FIFO_ISR                        
0     00009594  _I2CB_ISR                             
0     000091f4  _I2CB_Init                            
1     00007300  _I2caRegs                             
1     00007340  _I2cbRegs                             
0     00009cb5  _IDLE                                 
0     00009328  _ILLEGAL_ISR                          
0     000096fc  _IPC0_ISR                             
0     00009706  _IPC1_ISR                             
0     00009710  _IPC2_ISR                             
0     0000971a  _IPC3_ISR                             
0     00009b51  _InitAuxPll                           
0     0000a783  _InitCpuTimers                        
0     0000a058  _InitGpio                             
0     00009891  _InitPeripheralClocks                 
0     0000d49e  _InitPieCtrl                          
0     0000d4c6  _InitPieVectTable                     
0     00009871  _InitSysCtrl                          
0     00009962  _InitSysPll                           
1     00007900  _InputXbarRegs                        
1     00050000  _IpcRegs                              
1     00017f30  _LED_0                                
1     00017f80  _LED_1                                
1     00017f8f  _LED_2                                
1     00017f9e  _LED_3                                
1     00017fad  _LED_4                                
1     00017fc0  _LED_5                                
1     00017fcf  _LED_6                                
1     00017fde  _LED_7                                
1     00017fed  _LED_8                                
1     00018000  _LED_9                                
1     0001800f  _LED_A                                
1     0001801e  _LED_B                                
1     0001802d  _LED_C                                
1     00018040  _LED_D                                
1     0001804f  _LED_E                                
1     0001805e  _LED_F                                
1     00017f41  _LEDdisplaynum                        
0     0000951c  _MCBSPA_RX_ISR                        
0     00009526  _MCBSPA_TX_ISR                        
0     00009530  _MCBSPB_RX_ISR                        
0     0000953a  _MCBSPB_TX_ISR                        
1     00006000  _McbspaRegs                           
1     00006040  _McbspbRegs                           
1     0005f400  _MemCfgRegs                           
1     0005f500  _MemoryErrorRegs                      
0     0000931e  _NMI_ISR                              
0     00009867  _NOTUSED_ISR                          
1     00007060  _NmiIntruptRegs                       
1     00007a80  _OutputXbarRegs                       
0     00009850  _PIE_RESERVED_ISR                     
1     00000ce0  _PieCtrlRegs                          
1     00000d00  _PieVectTable                         
1     0000a800  _PieVectTableInit                     
0     0000981e  _RAM_ACCESS_VIOLATION_ISR             
0     0000980a  _RAM_CORRECTABLE_ERROR_ISR            
1     00017f42  _RC1                                  
1     00017f43  _RC2                                  
0     0000930a  _RTOS_ISR                             
0     0000a3d7  _RXAINT_recv_ready                    
0     0000a40e  _RXCINT_recv_ready                    
0     0000a445  _RXDINT_recv_ready                    
n/a   UNDEFED   _ReadBQ32000                          
0     0000927f  _ReadDAN28027ADC                      
1     00017f51  _ReadI2CB                             
0     0000993c  _ReleaseFlashPump                     
1     0005e608  _RomPrefetchRegs                      
1     0005f540  _RomWaitStateRegs                     
0     000095d0  _SCIA_RX_ISR                          
0     000095da  _SCIA_TX_ISR                          
0     000095e4  _SCIB_RX_ISR                          
0     000095ee  _SCIB_TX_ISR                          
0     000095a8  _SCIC_RX_ISR                          
0     000095b2  _SCIC_TX_ISR                          
0     000095bc  _SCID_RX_ISR                          
0     000095c6  _SCID_TX_ISR                          
0     00009774  _SD1_ISR                              
0     0000977e  _SD2_ISR                              
0     000094f4  _SPIA_RX_ISR                          
0     000094fe  _SPIA_TX_ISR                          
0     00009508  _SPIB_RX_ISR                          
0     00009512  _SPIB_TX_ISR                          
0     0000a65b  _SPIB_isr                             
0     00009788  _SPIC_RX_ISR                          
0     00009792  _SPIC_TX_ISR                          
0     00009cbe  _STANDBY                              
0     0000a583  _SWI_isr                              
0     00009828  _SYS_PLL_SLIP_ISR                     
1     00007200  _SciaRegs                             
1     00007210  _ScibRegs                             
1     00007220  _ScicRegs                             
1     00007230  _ScidRegs                             
1     00005e00  _Sdfm1Regs                            
1     00005e80  _Sdfm2Regs                            
0     0000992d  _SeizeFlashPump                       
1     00015000  _SerialA                              
1     00015fc0  _SerialC                              
1     00016f80  _SerialD                              
0     00009946  _ServiceDog                           
1     00006100  _SpiaRegs                             
1     00006110  _SpibRegs                             
1     00006120  _SpicRegs                             
1     00007940  _SyncSocRegs                          
0     00000127  _SysCtl_delay                         
0     00009c61  _SysIntOsc1Sel                        
0     00009c71  _SysIntOsc2Sel                        
0     00009c85  _SysXtalOscSel                        
0     000093e6  _TIMER0_ISR                           
0     000092ec  _TIMER1_ISR                           
0     000092f6  _TIMER2_ISR                           
0     0000a29c  _TXAINT_data_sent                     
0     0000a305  _TXCINT_data_sent                     
0     0000a36e  _TXDINT_data_sent                     
1     00017f40  _UARTPrint                            
0     0000a04b  _UART_printfLine                      
0     00009ff5  _UART_vprintfLine                     
0     0000979c  _UPPA_ISR                             
0     000097a6  _USBA_ISR                             
0     0000938c  _USER10_ISR                           
0     00009396  _USER11_ISR                           
0     000093a0  _USER12_ISR                           
0     00009332  _USER1_ISR                            
0     0000933c  _USER2_ISR                            
0     00009346  _USER3_ISR                            
0     00009350  _USER4_ISR                            
0     0000935a  _USER5_ISR                            
0     00009364  _USER6_ISR                            
0     0000936e  _USER7_ISR                            
0     00009378  _USER8_ISR                            
0     00009382  _USER9_ISR                            
1     00006200  _UppRegs                              
0     000096de  _VCU_ISR                              
0     000093f0  _WAKE_ISR                             
1     00007000  _WdRegs                               
0     00009224  _WriteDAN28027RCServo                 
0     000093c8  _XINT1_ISR                            
0     000093d2  _XINT2_ISR                            
0     000096c0  _XINT3_ISR                            
0     000096ca  _XINT4_ISR                            
0     000096d4  _XINT5_ISR                            
1     00007920  _XbarRegs                             
1     00007070  _XintRegs                             
1     0000c000  __STACK_END                           
abs   00000800  __STACK_SIZE                          
1     00017f7a  ___TI_cleanup_ptr                     
1     00017f7c  ___TI_dtors_ptr                       
1     00017f78  ___TI_enable_exit_profile_output      
0     0000d3c1  ___TI_ltoa                            
abs   ffffffff  ___TI_pprof_out_hndl                  
0     00008b53  ___TI_printfi                         
abs   ffffffff  ___TI_prof_data_size                  
abs   ffffffff  ___TI_prof_data_start                 
abs   ffffffff  ___binit__                            
abs   ffffffff  ___c_args__                           
0     0000b000  ___cinit__                            
abs   ffffffff  ___etext__                            
abs   ffffffff  ___pinit__                            
abs   ffffffff  ___text__                             
0     0000d61d  __args_main                           
1     0000a9c0  __ctypes_                             
1     00017f7e  __lock                                
0     0000d66c  __nop                                 
0     0000d668  __register_lock                       
0     0000d664  __register_unlock                     
1     0000b800  __stack                               
0     0000a7ff  __system_post_cinit                   
0     0000d693  __system_pre_init                     
1     00017fbc  __unlock                              
0     0000d475  _abort                                
0     0000d390  _atoi                                 
0     0000d33a  _c_int00                              
0     0000d511  _copy_in                              
0     0000d4ec  _copysignl                            
0     0000a59d  _cpu_timer0_isr                       
0     0000a633  _cpu_timer1_isr                       
0     0000a649  _cpu_timer2_isr                       
0     0000a70e  _displayLEDletter                     
1     00017f3f  _errno                                
0     0000d477  _exit                                 
0     0000d2e0  _frexpl                               
0     00009e01  _init_serial                          
0     0000d000  _ldexpl                               
0     00008ce4  _main                                 
0     0000d62f  _memccpy                              
0     0000d5b0  _memcpy                               
0     0000d687  _memset                               
1     00017f58  _numRXA                               
1     00017f56  _numSWIcalls                          
1     00017f54  _numTimer0calls                       
0     0000d000  _scalbnl                              
0     00008fbb  _serialRXA                            
0     00009fd1  _serial_printf                        
0     00009f9a  _serial_send                          
0     0000a688  _setLEDLetter                         
0     00008fc5  _setupSPIB                            
1     00017f52  _spivalue1                            
0     0000d64d  _strchr                               
0     0000d68e  _strcpy                               
0     0000d67f  _strlen                               
0     00009f57  _uninit_serial                        
0     0000d3f1  _vsprintf                             
0     0000d676  _wcslen                               
abs   ffffffff  binit                                 
0     0000b000  cinit                                 
0     00000000  code_start                            
abs   ffffffff  etext                                 
abs   ffffffff  pinit                                 


GLOBAL SYMBOLS: SORTED BY Symbol Address 

page  address   name                                  
----  -------   ----                                  
0     00000000  code_start                            
0     00000123  _F28x_usDelay                         
0     00000127  _SysCtl_delay                         
0     00000ce0  _Cla1SoftIntRegs                      
0     00008b53  ___TI_printfi                         
0     00008ce4  _main                                 
0     00008fbb  _serialRXA                            
0     00008fc5  _setupSPIB                            
0     000091f4  _I2CB_Init                            
0     00009224  _WriteDAN28027RCServo                 
0     0000927f  _ReadDAN28027ADC                      
0     000092ec  _TIMER1_ISR                           
0     000092f6  _TIMER2_ISR                           
0     00009300  _DATALOG_ISR                          
0     0000930a  _RTOS_ISR                             
0     00009314  _EMU_ISR                              
0     0000931e  _NMI_ISR                              
0     00009328  _ILLEGAL_ISR                          
0     00009332  _USER1_ISR                            
0     0000933c  _USER2_ISR                            
0     00009346  _USER3_ISR                            
0     00009350  _USER4_ISR                            
0     0000935a  _USER5_ISR                            
0     00009364  _USER6_ISR                            
0     0000936e  _USER7_ISR                            
0     00009378  _USER8_ISR                            
0     00009382  _USER9_ISR                            
0     0000938c  _USER10_ISR                           
0     00009396  _USER11_ISR                           
0     000093a0  _USER12_ISR                           
0     000093aa  _ADCA1_ISR                            
0     000093b4  _ADCB1_ISR                            
0     000093be  _ADCC1_ISR                            
0     000093c8  _XINT1_ISR                            
0     000093d2  _XINT2_ISR                            
0     000093dc  _ADCD1_ISR                            
0     000093e6  _TIMER0_ISR                           
0     000093f0  _WAKE_ISR                             
0     000093fa  _EPWM1_TZ_ISR                         
0     00009404  _EPWM2_TZ_ISR                         
0     0000940e  _EPWM3_TZ_ISR                         
0     00009418  _EPWM4_TZ_ISR                         
0     00009422  _EPWM5_TZ_ISR                         
0     0000942c  _EPWM6_TZ_ISR                         
0     00009436  _EPWM7_TZ_ISR                         
0     00009440  _EPWM8_TZ_ISR                         
0     0000944a  _EPWM1_ISR                            
0     00009454  _EPWM2_ISR                            
0     0000945e  _EPWM3_ISR                            
0     00009468  _EPWM4_ISR                            
0     00009472  _EPWM5_ISR                            
0     0000947c  _EPWM6_ISR                            
0     00009486  _EPWM7_ISR                            
0     00009490  _EPWM8_ISR                            
0     0000949a  _ECAP1_ISR                            
0     000094a4  _ECAP2_ISR                            
0     000094ae  _ECAP3_ISR                            
0     000094b8  _ECAP4_ISR                            
0     000094c2  _ECAP5_ISR                            
0     000094cc  _ECAP6_ISR                            
0     000094d6  _EQEP1_ISR                            
0     000094e0  _EQEP2_ISR                            
0     000094ea  _EQEP3_ISR                            
0     000094f4  _SPIA_RX_ISR                          
0     000094fe  _SPIA_TX_ISR                          
0     00009508  _SPIB_RX_ISR                          
0     00009512  _SPIB_TX_ISR                          
0     0000951c  _MCBSPA_RX_ISR                        
0     00009526  _MCBSPA_TX_ISR                        
0     00009530  _MCBSPB_RX_ISR                        
0     0000953a  _MCBSPB_TX_ISR                        
0     00009544  _DMA_CH1_ISR                          
0     0000954e  _DMA_CH2_ISR                          
0     00009558  _DMA_CH3_ISR                          
0     00009562  _DMA_CH4_ISR                          
0     0000956c  _DMA_CH5_ISR                          
0     00009576  _DMA_CH6_ISR                          
0     00009580  _I2CA_ISR                             
0     0000958a  _I2CA_FIFO_ISR                        
0     00009594  _I2CB_ISR                             
0     0000959e  _I2CB_FIFO_ISR                        
0     000095a8  _SCIC_RX_ISR                          
0     000095b2  _SCIC_TX_ISR                          
0     000095bc  _SCID_RX_ISR                          
0     000095c6  _SCID_TX_ISR                          
0     000095d0  _SCIA_RX_ISR                          
0     000095da  _SCIA_TX_ISR                          
0     000095e4  _SCIB_RX_ISR                          
0     000095ee  _SCIB_TX_ISR                          
0     000095f8  _CANA0_ISR                            
0     00009602  _CANA1_ISR                            
0     0000960c  _CANB0_ISR                            
0     00009616  _CANB1_ISR                            
0     00009620  _ADCA_EVT_ISR                         
0     0000962a  _ADCA2_ISR                            
0     00009634  _ADCA3_ISR                            
0     0000963e  _ADCA4_ISR                            
0     00009648  _ADCB_EVT_ISR                         
0     00009652  _ADCB2_ISR                            
0     0000965c  _ADCB3_ISR                            
0     00009666  _ADCB4_ISR                            
0     00009670  _CLA1_1_ISR                           
0     0000967a  _CLA1_2_ISR                           
0     00009684  _CLA1_3_ISR                           
0     0000968e  _CLA1_4_ISR                           
0     00009698  _CLA1_5_ISR                           
0     000096a2  _CLA1_6_ISR                           
0     000096ac  _CLA1_7_ISR                           
0     000096b6  _CLA1_8_ISR                           
0     000096c0  _XINT3_ISR                            
0     000096ca  _XINT4_ISR                            
0     000096d4  _XINT5_ISR                            
0     000096de  _VCU_ISR                              
0     000096e8  _FPU_OVERFLOW_ISR                     
0     000096f2  _FPU_UNDERFLOW_ISR                    
0     000096fc  _IPC0_ISR                             
0     00009706  _IPC1_ISR                             
0     00009710  _IPC2_ISR                             
0     0000971a  _IPC3_ISR                             
0     00009724  _EPWM9_TZ_ISR                         
0     0000972e  _EPWM10_TZ_ISR                        
0     00009738  _EPWM11_TZ_ISR                        
0     00009742  _EPWM12_TZ_ISR                        
0     0000974c  _EPWM9_ISR                            
0     00009756  _EPWM10_ISR                           
0     00009760  _EPWM11_ISR                           
0     0000976a  _EPWM12_ISR                           
0     00009774  _SD1_ISR                              
0     0000977e  _SD2_ISR                              
0     00009788  _SPIC_RX_ISR                          
0     00009792  _SPIC_TX_ISR                          
0     0000979c  _UPPA_ISR                             
0     000097a6  _USBA_ISR                             
0     000097b0  _ADCC_EVT_ISR                         
0     000097ba  _ADCC2_ISR                            
0     000097c4  _ADCC3_ISR                            
0     000097ce  _ADCC4_ISR                            
0     000097d8  _ADCD_EVT_ISR                         
0     000097e2  _ADCD2_ISR                            
0     000097ec  _ADCD3_ISR                            
0     000097f6  _ADCD4_ISR                            
0     00009800  _EMIF_ERROR_ISR                       
0     0000980a  _RAM_CORRECTABLE_ERROR_ISR            
0     00009814  _FLASH_CORRECTABLE_ERROR_ISR          
0     0000981e  _RAM_ACCESS_VIOLATION_ISR             
0     00009828  _SYS_PLL_SLIP_ISR                     
0     00009832  _AUX_PLL_SLIP_ISR                     
0     0000983c  _CLA_OVERFLOW_ISR                     
0     00009846  _CLA_UNDERFLOW_ISR                    
0     00009850  _PIE_RESERVED_ISR                     
0     0000985a  _EMPTY_ISR                            
0     00009867  _NOTUSED_ISR                          
0     00009871  _InitSysCtrl                          
0     00009891  _InitPeripheralClocks                 
0     00009915  _DisablePeripheralClocks              
0     0000992d  _SeizeFlashPump                       
0     0000993c  _ReleaseFlashPump                     
0     00009946  _ServiceDog                           
0     00009954  _DisableDog                           
0     00009962  _InitSysPll                           
0     00009b51  _InitAuxPll                           
0     00009c40  _CsmUnlock                            
0     00009c61  _SysIntOsc1Sel                        
0     00009c71  _SysIntOsc2Sel                        
0     00009c85  _SysXtalOscSel                        
0     00009c95  _AuxIntOsc2Sel                        
0     00009c9f  _AuxXtalOscSel                        
0     00009cab  _AuxAuxClkSel                         
0     00009cb5  _IDLE                                 
0     00009cbe  _STANDBY                              
0     00009cc9  _HALT                                 
0     00009ce2  _HIB                                  
0     00009cff  _ConfigureTMXAnalogTrim               
0     00009e01  _init_serial                          
0     00009f57  _uninit_serial                        
0     00009f9a  _serial_send                          
0     00009fd1  _serial_printf                        
0     00009ff5  _UART_vprintfLine                     
0     0000a04b  _UART_printfLine                      
0     0000a058  _InitGpio                             
0     0000a098  _GPIO_SetupPinMux                     
0     0000a124  _GPIO_SetupPinOptions                 
0     0000a1b8  _GPIO_SetupLock                       
0     0000a1e1  _GPIO_SetupXINT1Gpio                  
0     0000a1eb  _GPIO_SetupXINT2Gpio                  
0     0000a1f5  _GPIO_SetupXINT3Gpio                  
0     0000a1ff  _GPIO_SetupXINT4Gpio                  
0     0000a209  _GPIO_SetupXINT5Gpio                  
0     0000a213  _GPIO_EnableUnbondedIOPullupsFor176Pin
0     0000a22c  _GPIO_EnableUnbondedIOPullupsFor100Pin
0     0000a251  _GPIO_EnableUnbondedIOPullups         
0     0000a267  _GPIO_ReadPin                         
0     0000a27e  _GPIO_WritePin                        
0     0000a29c  _TXAINT_data_sent                     
0     0000a305  _TXCINT_data_sent                     
0     0000a36e  _TXDINT_data_sent                     
0     0000a3d7  _RXAINT_recv_ready                    
0     0000a40e  _RXCINT_recv_ready                    
0     0000a445  _RXDINT_recv_ready                    
0     0000a47c  LL$$DIV                               
0     0000a4b8  LL$$MOD                               
0     0000a4f2  ULL$$DIV                              
0     0000a521  ULL$$MOD                              
0     0000a583  _SWI_isr                              
0     0000a59d  _cpu_timer0_isr                       
0     0000a633  _cpu_timer1_isr                       
0     0000a649  _cpu_timer2_isr                       
0     0000a65b  _SPIB_isr                             
0     0000a688  _setLEDLetter                         
0     0000a70e  _displayLEDletter                     
0     0000a783  _InitCpuTimers                        
0     0000a7c4  _ConfigCpuTimer                       
0     0000a7ff  __system_post_cinit                   
0     0000b000  ___cinit__                            
0     0000b000  cinit                                 
0     0000d000  _ldexpl                               
0     0000d000  _scalbnl                              
0     0000d0ae  FD$$ADD                               
0     0000d14a  FD$$DIV                               
0     0000d1d5  FS$$DIV                               
0     0000d25d  FD$$MPY                               
0     0000d2e0  _frexpl                               
0     0000d33a  _c_int00                              
0     0000d390  _atoi                                 
0     0000d3c1  ___TI_ltoa                            
0     0000d3f1  _vsprintf                             
0     0000d421  FD$$CMP                               
0     0000d44b  L$$DIV                                
0     0000d45a  L$$MOD                                
0     0000d468  UL$$DIV                               
0     0000d46f  UL$$MOD                               
0     0000d475  C$$EXIT                               
0     0000d475  _abort                                
0     0000d477  _exit                                 
0     0000d49e  _InitPieCtrl                          
0     0000d4bd  _EnableInterrupts                     
0     0000d4c6  _InitPieVectTable                     
0     0000d4ec  _copysignl                            
0     0000d511  _copy_in                              
0     0000d535  FD$$TOI                               
0     0000d556  FD$$TOL                               
0     0000d575  LL$$CMP                               
0     0000d587  ULL$$CMP                              
0     0000d593  I$$TOFD                               
0     0000d5b0  _memcpy                               
0     0000d5cd  FS$$TOFD                              
0     0000d5e9  L$$TOFD                               
0     0000d605  LL$$AND                               
0     0000d60d  LL$$OR                                
0     0000d615  LL$$XOR                               
0     0000d61d  __args_main                           
0     0000d62f  _memccpy                              
0     0000d63f  FD$$SUB                               
0     0000d64d  _strchr                               
0     0000d659  U$$DIV                                
0     0000d65e  U$$MOD                                
0     0000d664  __register_unlock                     
0     0000d668  __register_lock                       
0     0000d66c  __nop                                 
0     0000d66d  FD$$NEG                               
0     0000d676  _wcslen                               
0     0000d67f  _strlen                               
0     0000d687  _memset                               
0     0000d68e  _strcpy                               
0     0000d693  __system_pre_init                     
1     00000b00  _AdcaResultRegs                       
1     00000b20  _AdcbResultRegs                       
1     00000b40  _AdccResultRegs                       
1     00000b60  _AdcdResultRegs                       
1     00000c00  _CpuTimer0Regs                        
1     00000c08  _CpuTimer1Regs                        
1     00000c10  _CpuTimer2Regs                        
1     00000ce0  _PieCtrlRegs                          
1     00000d00  _EmuBMode                             
1     00000d00  _PieVectTable                         
1     00000d01  _EmuBootPins                          
1     00001000  _DmaRegs                              
1     00001400  _Cla1Regs                             
1     00004000  _EPwm1Regs                            
1     00004100  _EPwm2Regs                            
1     00004200  _EPwm3Regs                            
1     00004300  _EPwm4Regs                            
1     00004400  _EPwm5Regs                            
1     00004500  _EPwm6Regs                            
1     00004600  _EPwm7Regs                            
1     00004700  _EPwm8Regs                            
1     00004800  _EPwm9Regs                            
1     00004900  _EPwm10Regs                           
1     00004a00  _EPwm11Regs                           
1     00004b00  _EPwm12Regs                           
1     00005000  _ECap1Regs                            
1     00005020  _ECap2Regs                            
1     00005040  _ECap3Regs                            
1     00005060  _ECap4Regs                            
1     00005080  _ECap5Regs                            
1     000050a0  _ECap6Regs                            
1     00005100  _EQep1Regs                            
1     00005140  _EQep2Regs                            
1     00005180  _EQep3Regs                            
1     00005c00  _DacaRegs                             
1     00005c10  _DacbRegs                             
1     00005c20  _DaccRegs                             
1     00005c80  _Cmpss1Regs                           
1     00005ca0  _Cmpss2Regs                           
1     00005cc0  _Cmpss3Regs                           
1     00005ce0  _Cmpss4Regs                           
1     00005d00  _Cmpss5Regs                           
1     00005d20  _Cmpss6Regs                           
1     00005d40  _Cmpss7Regs                           
1     00005d60  _Cmpss8Regs                           
1     00005e00  _Sdfm1Regs                            
1     00005e80  _Sdfm2Regs                            
1     00006000  _McbspaRegs                           
1     00006040  _McbspbRegs                           
1     00006100  _SpiaRegs                             
1     00006110  _SpibRegs                             
1     00006120  _SpicRegs                             
1     00006200  _UppRegs                              
1     00007000  _WdRegs                               
1     00007060  _NmiIntruptRegs                       
1     00007070  _XintRegs                             
1     00007200  _SciaRegs                             
1     00007210  _ScibRegs                             
1     00007220  _ScicRegs                             
1     00007230  _ScidRegs                             
1     00007300  _I2caRegs                             
1     00007340  _I2cbRegs                             
1     00007400  _AdcaRegs                             
1     00007480  _AdcbRegs                             
1     00007500  _AdccRegs                             
1     00007580  _AdcdRegs                             
1     00007900  _InputXbarRegs                        
1     00007920  _XbarRegs                             
1     00007940  _SyncSocRegs                          
1     00007980  _DmaClaSrcSelRegs                     
1     00007a00  _EPwmXbarRegs                         
1     00007a80  _OutputXbarRegs                       
1     00007c00  _GpioCtrlRegs                         
1     00007f00  _GpioDataRegs                         
1     0000a800  _PieVectTableInit                     
1     0000a9c0  __ctypes_                             
1     0000b800  __stack                               
1     0000c000  __STACK_END                           
1     00015000  _SerialA                              
1     00015fc0  _SerialC                              
1     00016f80  _SerialD                              
1     00017f30  _LED_0                                
1     00017f3f  _errno                                
1     00017f40  _UARTPrint                            
1     00017f41  _LEDdisplaynum                        
1     00017f42  _RC1                                  
1     00017f43  _RC2                                  
1     00017f44  _ADC1                                 
1     00017f45  _ADC2                                 
1     00017f46  _DanRC1                               
1     00017f47  _DanRC2                               
1     00017f48  _DanADC1                              
1     00017f49  _DanADC2                              
1     00017f4a  _DanSec                               
1     00017f4b  _DanMin                               
1     00017f4c  _DanHour                              
1     00017f4d  _DanDay                               
1     00017f4e  _DanDate                              
1     00017f4f  _DanMonth                             
1     00017f50  _DanYear                              
1     00017f51  _ReadI2CB                             
1     00017f52  _spivalue1                            
1     00017f54  _numTimer0calls                       
1     00017f56  _numSWIcalls                          
1     00017f58  _numRXA                               
1     00017f5a  _CpuTimer0                            
1     00017f62  _CpuTimer1                            
1     00017f6a  _CpuTimer2                            
1     00017f72  _Example_Result                       
1     00017f74  _Example_PassCount                    
1     00017f76  _Example_Fail                         
1     00017f78  ___TI_enable_exit_profile_output      
1     00017f7a  ___TI_cleanup_ptr                     
1     00017f7c  ___TI_dtors_ptr                       
1     00017f7e  __lock                                
1     00017f80  _LED_1                                
1     00017f8f  _LED_2                                
1     00017f9e  _LED_3                                
1     00017fad  _LED_4                                
1     00017fbc  __unlock                              
1     00017fc0  _LED_5                                
1     00017fcf  _LED_6                                
1     00017fde  _LED_7                                
1     00017fed  _LED_8                                
1     00018000  _LED_9                                
1     0001800f  _LED_A                                
1     0001801e  _LED_B                                
1     0001802d  _LED_C                                
1     00018040  _LED_D                                
1     0001804f  _LED_E                                
1     0001805e  _LED_F                                
1     00047000  _Emif1Regs                            
1     00047800  _Emif2Regs                            
1     00048000  _CanaRegs                             
1     0004a000  _CanbRegs                             
1     00050000  _IpcRegs                              
1     00050024  _FlashPumpSemaphoreRegs               
1     0005d000  _DevCfgRegs                           
1     0005d180  _AnalogSubsysRegs                     
1     0005d200  _ClkCfgRegs                           
1     0005d300  _CpuSysRegs                           
1     0005e608  _RomPrefetchRegs                      
1     0005f000  _DcsmZ1Regs                           
1     0005f040  _DcsmZ2Regs                           
1     0005f070  _DcsmCommonRegs                       
1     0005f400  _MemCfgRegs                           
1     0005f480  _Emif1ConfigRegs                      
1     0005f4a0  _Emif2ConfigRegs                      
1     0005f4c0  _AccessProtectionRegs                 
1     0005f500  _MemoryErrorRegs                      
1     0005f540  _RomWaitStateRegs                     
1     0005f800  _Flash0CtrlRegs                       
1     0005fb00  _Flash0EccRegs                        
abs   00000800  __STACK_SIZE                          
abs   ffffffff  .text                                 
abs   ffffffff  ___TI_pprof_out_hndl                  
abs   ffffffff  ___TI_prof_data_size                  
abs   ffffffff  ___TI_prof_data_start                 
abs   ffffffff  ___binit__                            
abs   ffffffff  ___c_args__                           
abs   ffffffff  ___etext__                            
abs   ffffffff  ___pinit__                            
abs   ffffffff  ___text__                             
abs   ffffffff  binit                                 
abs   ffffffff  etext                                 
abs   ffffffff  pinit                                 
n/a   UNDEFED   _ReadBQ32000                          

[432 symbols]
