<?xml version="1.0" encoding="ISO-8859-1" ?>
<link_info>
   <banner>TMS320C2000 Linker Unix v20.2.2.LTS</banner>
   <copyright>Copyright (c) 1996-2018 Texas Instruments Incorporated</copyright>
   <link_time>0x607f3112</link_time>
   <link_errors>0x1</link_errors>
   <output_file>takehome.out</output_file>
   <entry_point>
      <name>_c_int00</name>
      <address>0xd33a</address>
   </entry_point>
   <input_file_list>
      <input_file id="fl-2">
         <path>./</path>
         <kind>object</kind>
         <file>F28379dSerial.obj</file>
         <name>F28379dSerial.obj</name>
      </input_file>
      <input_file id="fl-3">
         <path>./</path>
         <kind>object</kind>
         <file>F2837xD_Adc.obj</file>
         <name>F2837xD_Adc.obj</name>
      </input_file>
      <input_file id="fl-4">
         <path>./</path>
         <kind>object</kind>
         <file>F2837xD_CodeStartBranch.obj</file>
         <name>F2837xD_CodeStartBranch.obj</name>
      </input_file>
      <input_file id="fl-5">
         <path>./</path>
         <kind>object</kind>
         <file>F2837xD_CpuTimers.obj</file>
         <name>F2837xD_CpuTimers.obj</name>
      </input_file>
      <input_file id="fl-6">
         <path>./</path>
         <kind>object</kind>
         <file>F2837xD_DefaultISR.obj</file>
         <name>F2837xD_DefaultISR.obj</name>
      </input_file>
      <input_file id="fl-7">
         <path>./</path>
         <kind>object</kind>
         <file>F2837xD_EPwm.obj</file>
         <name>F2837xD_EPwm.obj</name>
      </input_file>
      <input_file id="fl-8">
         <path>./</path>
         <kind>object</kind>
         <file>F2837xD_GlobalVariableDefs.obj</file>
         <name>F2837xD_GlobalVariableDefs.obj</name>
      </input_file>
      <input_file id="fl-9">
         <path>./</path>
         <kind>object</kind>
         <file>F2837xD_Gpio.obj</file>
         <name>F2837xD_Gpio.obj</name>
      </input_file>
      <input_file id="fl-a">
         <path>./</path>
         <kind>object</kind>
         <file>F2837xD_PieCtrl.obj</file>
         <name>F2837xD_PieCtrl.obj</name>
      </input_file>
      <input_file id="fl-b">
         <path>./</path>
         <kind>object</kind>
         <file>F2837xD_PieVect.obj</file>
         <name>F2837xD_PieVect.obj</name>
      </input_file>
      <input_file id="fl-c">
         <path>./</path>
         <kind>object</kind>
         <file>F2837xD_Spi.obj</file>
         <name>F2837xD_Spi.obj</name>
      </input_file>
      <input_file id="fl-d">
         <path>./</path>
         <kind>object</kind>
         <file>F2837xD_SysCtrl.obj</file>
         <name>F2837xD_SysCtrl.obj</name>
      </input_file>
      <input_file id="fl-e">
         <path>./</path>
         <kind>object</kind>
         <file>F2837xD_usDelay.obj</file>
         <name>F2837xD_usDelay.obj</name>
      </input_file>
      <input_file id="fl-f">
         <path>./</path>
         <kind>object</kind>
         <file>LEDPatterns.obj</file>
         <name>LEDPatterns.obj</name>
      </input_file>
      <input_file id="fl-10">
         <path>./</path>
         <kind>object</kind>
         <file>takehome_main.obj</file>
         <name>takehome_main.obj</name>
      </input_file>
      <input_file id="fl-11">
         <path>./device/</path>
         <kind>object</kind>
         <file>device.obj</file>
         <name>device.obj</name>
      </input_file>
      <input_file id="fl-18">
         <kind>object</kind>
         <file>&lt;internal&gt;</file>
         <name>&lt;internal&gt;</name>
      </input_file>
      <input_file id="fl-1f">
         <path>/Users/pranjalsinha/Desktop/SE423/pranjal5/C2000Ware_3_02_00_00_F28379D/driverlib/f2837xd/driverlib/ccs/Debug/</path>
         <kind>archive</kind>
         <file>driverlib_coff.lib</file>
         <name>sysctl.obj</name>
      </input_file>
      <input_file id="fl-2b">
         <path>/Applications/ti/ccs1020/ccs/tools/compiler/ti-cgt-c2000_20.2.2.LTS/lib/</path>
         <kind>archive</kind>
         <file>rts2800_fpu32.lib</file>
         <name>vsprintf.c.obj</name>
      </input_file>
      <input_file id="fl-2c">
         <path>/Applications/ti/ccs1020/ccs/tools/compiler/ti-cgt-c2000_20.2.2.LTS/lib/</path>
         <kind>archive</kind>
         <file>rts2800_fpu32.lib</file>
         <name>boot28.asm.obj</name>
      </input_file>
      <input_file id="fl-2d">
         <path>/Applications/ti/ccs1020/ccs/tools/compiler/ti-cgt-c2000_20.2.2.LTS/lib/</path>
         <kind>archive</kind>
         <file>rts2800_fpu32.lib</file>
         <name>fs_div28.asm.obj</name>
      </input_file>
      <input_file id="fl-2e">
         <path>/Applications/ti/ccs1020/ccs/tools/compiler/ti-cgt-c2000_20.2.2.LTS/lib/</path>
         <kind>archive</kind>
         <file>rts2800_fpu32.lib</file>
         <name>u_div28.asm.obj</name>
      </input_file>
      <input_file id="fl-2f">
         <path>/Applications/ti/ccs1020/ccs/tools/compiler/ti-cgt-c2000_20.2.2.LTS/lib/</path>
         <kind>archive</kind>
         <file>rts2800_fpu32.lib</file>
         <name>l_div28.asm.obj</name>
      </input_file>
      <input_file id="fl-30">
         <path>/Applications/ti/ccs1020/ccs/tools/compiler/ti-cgt-c2000_20.2.2.LTS/lib/</path>
         <kind>archive</kind>
         <file>rts2800_fpu32.lib</file>
         <name>cpy_tbl.c.obj</name>
      </input_file>
      <input_file id="fl-31">
         <path>/Applications/ti/ccs1020/ccs/tools/compiler/ti-cgt-c2000_20.2.2.LTS/lib/</path>
         <kind>archive</kind>
         <file>rts2800_fpu32.lib</file>
         <name>memcpy.c.obj</name>
      </input_file>
      <input_file id="fl-32">
         <path>/Applications/ti/ccs1020/ccs/tools/compiler/ti-cgt-c2000_20.2.2.LTS/lib/</path>
         <kind>archive</kind>
         <file>rts2800_fpu32.lib</file>
         <name>pre_init.c.obj</name>
      </input_file>
      <input_file id="fl-33">
         <path>/Applications/ti/ccs1020/ccs/tools/compiler/ti-cgt-c2000_20.2.2.LTS/lib/</path>
         <kind>archive</kind>
         <file>rts2800_fpu32.lib</file>
         <name>startup.c.obj</name>
      </input_file>
      <input_file id="fl-34">
         <path>/Applications/ti/ccs1020/ccs/tools/compiler/ti-cgt-c2000_20.2.2.LTS/lib/</path>
         <kind>archive</kind>
         <file>rts2800_fpu32.lib</file>
         <name>exit.c.obj</name>
      </input_file>
      <input_file id="fl-35">
         <path>/Applications/ti/ccs1020/ccs/tools/compiler/ti-cgt-c2000_20.2.2.LTS/lib/</path>
         <kind>archive</kind>
         <file>rts2800_fpu32.lib</file>
         <name>_lock.c.obj</name>
      </input_file>
      <input_file id="fl-36">
         <path>/Applications/ti/ccs1020/ccs/tools/compiler/ti-cgt-c2000_20.2.2.LTS/lib/</path>
         <kind>archive</kind>
         <file>rts2800_fpu32.lib</file>
         <name>args_main.c.obj</name>
      </input_file>
      <input_file id="fl-37">
         <path>/Applications/ti/ccs1020/ccs/tools/compiler/ti-cgt-c2000_20.2.2.LTS/lib/</path>
         <kind>archive</kind>
         <file>rts2800_fpu32.lib</file>
         <name>strlen.c.obj</name>
      </input_file>
      <input_file id="fl-38">
         <path>/Applications/ti/ccs1020/ccs/tools/compiler/ti-cgt-c2000_20.2.2.LTS/lib/</path>
         <kind>archive</kind>
         <file>rts2800_fpu32.lib</file>
         <name>_printfi.c.obj</name>
      </input_file>
      <input_file id="fl-39">
         <path>/Applications/ti/ccs1020/ccs/tools/compiler/ti-cgt-c2000_20.2.2.LTS/lib/</path>
         <kind>archive</kind>
         <file>rts2800_fpu32.lib</file>
         <name>fd_cmp28.asm.obj</name>
      </input_file>
      <input_file id="fl-3a">
         <path>/Applications/ti/ccs1020/ccs/tools/compiler/ti-cgt-c2000_20.2.2.LTS/lib/</path>
         <kind>archive</kind>
         <file>rts2800_fpu32.lib</file>
         <name>fd_mpy28.asm.obj</name>
      </input_file>
      <input_file id="fl-3b">
         <path>/Applications/ti/ccs1020/ccs/tools/compiler/ti-cgt-c2000_20.2.2.LTS/lib/</path>
         <kind>archive</kind>
         <file>rts2800_fpu32.lib</file>
         <name>fd_neg28.asm.obj</name>
      </input_file>
      <input_file id="fl-3c">
         <path>/Applications/ti/ccs1020/ccs/tools/compiler/ti-cgt-c2000_20.2.2.LTS/lib/</path>
         <kind>archive</kind>
         <file>rts2800_fpu32.lib</file>
         <name>fd_sub28.asm.obj</name>
      </input_file>
      <input_file id="fl-3d">
         <path>/Applications/ti/ccs1020/ccs/tools/compiler/ti-cgt-c2000_20.2.2.LTS/lib/</path>
         <kind>archive</kind>
         <file>rts2800_fpu32.lib</file>
         <name>fd_toi28.asm.obj</name>
      </input_file>
      <input_file id="fl-3e">
         <path>/Applications/ti/ccs1020/ccs/tools/compiler/ti-cgt-c2000_20.2.2.LTS/lib/</path>
         <kind>archive</kind>
         <file>rts2800_fpu32.lib</file>
         <name>fd_tol28.asm.obj</name>
      </input_file>
      <input_file id="fl-3f">
         <path>/Applications/ti/ccs1020/ccs/tools/compiler/ti-cgt-c2000_20.2.2.LTS/lib/</path>
         <kind>archive</kind>
         <file>rts2800_fpu32.lib</file>
         <name>ll_aox28.asm.obj</name>
      </input_file>
      <input_file id="fl-40">
         <path>/Applications/ti/ccs1020/ccs/tools/compiler/ti-cgt-c2000_20.2.2.LTS/lib/</path>
         <kind>archive</kind>
         <file>rts2800_fpu32.lib</file>
         <name>ll_cmp28.asm.obj</name>
      </input_file>
      <input_file id="fl-41">
         <path>/Applications/ti/ccs1020/ccs/tools/compiler/ti-cgt-c2000_20.2.2.LTS/lib/</path>
         <kind>archive</kind>
         <file>rts2800_fpu32.lib</file>
         <name>ll_div28.asm.obj</name>
      </input_file>
      <input_file id="fl-42">
         <path>/Applications/ti/ccs1020/ccs/tools/compiler/ti-cgt-c2000_20.2.2.LTS/lib/</path>
         <kind>archive</kind>
         <file>rts2800_fpu32.lib</file>
         <name>i_tofd28.asm.obj</name>
      </input_file>
      <input_file id="fl-43">
         <path>/Applications/ti/ccs1020/ccs/tools/compiler/ti-cgt-c2000_20.2.2.LTS/lib/</path>
         <kind>archive</kind>
         <file>rts2800_fpu32.lib</file>
         <name>l_tofd28.asm.obj</name>
      </input_file>
      <input_file id="fl-44">
         <path>/Applications/ti/ccs1020/ccs/tools/compiler/ti-cgt-c2000_20.2.2.LTS/lib/</path>
         <kind>archive</kind>
         <file>rts2800_fpu32.lib</file>
         <name>fs_tofdfpu32.asm.obj</name>
      </input_file>
      <input_file id="fl-45">
         <path>/Applications/ti/ccs1020/ccs/tools/compiler/ti-cgt-c2000_20.2.2.LTS/lib/</path>
         <kind>archive</kind>
         <file>rts2800_fpu32.lib</file>
         <name>fd_div28.asm.obj</name>
      </input_file>
      <input_file id="fl-46">
         <path>/Applications/ti/ccs1020/ccs/tools/compiler/ti-cgt-c2000_20.2.2.LTS/lib/</path>
         <kind>archive</kind>
         <file>rts2800_fpu32.lib</file>
         <name>_ltoa.c.obj</name>
      </input_file>
      <input_file id="fl-47">
         <path>/Applications/ti/ccs1020/ccs/tools/compiler/ti-cgt-c2000_20.2.2.LTS/lib/</path>
         <kind>archive</kind>
         <file>rts2800_fpu32.lib</file>
         <name>atoi.c.obj</name>
      </input_file>
      <input_file id="fl-48">
         <path>/Applications/ti/ccs1020/ccs/tools/compiler/ti-cgt-c2000_20.2.2.LTS/lib/</path>
         <kind>archive</kind>
         <file>rts2800_fpu32.lib</file>
         <name>ctype.c.obj</name>
      </input_file>
      <input_file id="fl-49">
         <path>/Applications/ti/ccs1020/ccs/tools/compiler/ti-cgt-c2000_20.2.2.LTS/lib/</path>
         <kind>archive</kind>
         <file>rts2800_fpu32.lib</file>
         <name>memccpy.c.obj</name>
      </input_file>
      <input_file id="fl-4a">
         <path>/Applications/ti/ccs1020/ccs/tools/compiler/ti-cgt-c2000_20.2.2.LTS/lib/</path>
         <kind>archive</kind>
         <file>rts2800_fpu32.lib</file>
         <name>memset.c.obj</name>
      </input_file>
      <input_file id="fl-4b">
         <path>/Applications/ti/ccs1020/ccs/tools/compiler/ti-cgt-c2000_20.2.2.LTS/lib/</path>
         <kind>archive</kind>
         <file>rts2800_fpu32.lib</file>
         <name>strchr.c.obj</name>
      </input_file>
      <input_file id="fl-4c">
         <path>/Applications/ti/ccs1020/ccs/tools/compiler/ti-cgt-c2000_20.2.2.LTS/lib/</path>
         <kind>archive</kind>
         <file>rts2800_fpu32.lib</file>
         <name>strcpy.c.obj</name>
      </input_file>
      <input_file id="fl-4d">
         <path>/Applications/ti/ccs1020/ccs/tools/compiler/ti-cgt-c2000_20.2.2.LTS/lib/</path>
         <kind>archive</kind>
         <file>rts2800_fpu32.lib</file>
         <name>s_frexp.c.obj</name>
      </input_file>
      <input_file id="fl-4e">
         <path>/Applications/ti/ccs1020/ccs/tools/compiler/ti-cgt-c2000_20.2.2.LTS/lib/</path>
         <kind>archive</kind>
         <file>rts2800_fpu32.lib</file>
         <name>s_scalbn.c.obj</name>
      </input_file>
      <input_file id="fl-4f">
         <path>/Applications/ti/ccs1020/ccs/tools/compiler/ti-cgt-c2000_20.2.2.LTS/lib/</path>
         <kind>archive</kind>
         <file>rts2800_fpu32.lib</file>
         <name>wcslen.c.obj</name>
      </input_file>
      <input_file id="fl-50">
         <path>/Applications/ti/ccs1020/ccs/tools/compiler/ti-cgt-c2000_20.2.2.LTS/lib/</path>
         <kind>archive</kind>
         <file>rts2800_fpu32.lib</file>
         <name>s_copysign.c.obj</name>
      </input_file>
      <input_file id="fl-51">
         <path>/Applications/ti/ccs1020/ccs/tools/compiler/ti-cgt-c2000_20.2.2.LTS/lib/</path>
         <kind>archive</kind>
         <file>rts2800_fpu32.lib</file>
         <name>fd_add28.asm.obj</name>
      </input_file>
      <input_file id="fl-52">
         <path>/Applications/ti/ccs1020/ccs/tools/compiler/ti-cgt-c2000_20.2.2.LTS/lib/</path>
         <kind>archive</kind>
         <file>rts2800_fpu32.lib</file>
         <name>errno.c.obj</name>
      </input_file>
   </input_file_list>
   <object_component_list>
      <object_component id="oc-90">
         <name>codestart</name>
         <load_address>0x0</load_address>
         <run_address>0x0</run_address>
         <size>0x2</size>
         <input_file_ref idref="fl-4"/>
      </object_component>
      <object_component id="oc-242">
         <name>.text</name>
         <load_address>0x8000</load_address>
         <run_address>0x8000</run_address>
         <size>0xce4</size>
         <input_file_ref idref="fl-38"/>
      </object_component>
      <object_component id="oc-216">
         <name>.text</name>
         <load_address>0x8ce4</load_address>
         <run_address>0x8ce4</run_address>
         <size>0x608</size>
         <input_file_ref idref="fl-10"/>
      </object_component>
      <object_component id="oc-9c">
         <name>.text:retain</name>
         <load_address>0x92ec</load_address>
         <run_address>0x92ec</run_address>
         <size>0x585</size>
         <input_file_ref idref="fl-6"/>
      </object_component>
      <object_component id="oc-23c">
         <name>.text</name>
         <load_address>0x9871</load_address>
         <run_address>0x9871</run_address>
         <size>0x4ab</size>
         <input_file_ref idref="fl-d"/>
      </object_component>
      <object_component id="oc-213">
         <name>.text</name>
         <load_address>0x9d1c</load_address>
         <run_address>0x9d1c</run_address>
         <size>0x33c</size>
         <input_file_ref idref="fl-2"/>
      </object_component>
      <object_component id="oc-219">
         <name>.text</name>
         <load_address>0xa058</load_address>
         <run_address>0xa058</run_address>
         <size>0x244</size>
         <input_file_ref idref="fl-9"/>
      </object_component>
      <object_component id="oc-86">
         <name>.text:retain</name>
         <load_address>0xa29c</load_address>
         <run_address>0xa29c</run_address>
         <size>0x1e0</size>
         <input_file_ref idref="fl-2"/>
      </object_component>
      <object_component id="oc-1b6">
         <name>.text</name>
         <load_address>0xa47c</load_address>
         <run_address>0xa47c</run_address>
         <size>0x107</size>
         <input_file_ref idref="fl-41"/>
      </object_component>
      <object_component id="oc-12f">
         <name>.text:retain</name>
         <load_address>0xa583</load_address>
         <run_address>0xa583</run_address>
         <size>0x105</size>
         <input_file_ref idref="fl-10"/>
      </object_component>
      <object_component id="oc-214">
         <name>.text</name>
         <load_address>0xa688</load_address>
         <run_address>0xa688</run_address>
         <size>0xfb</size>
         <input_file_ref idref="fl-f"/>
      </object_component>
      <object_component id="oc-23f">
         <name>.text</name>
         <load_address>0xa783</load_address>
         <run_address>0xa783</run_address>
         <size>0x7c</size>
         <input_file_ref idref="fl-5"/>
      </object_component>
      <object_component id="oc-210">
         <name>.text</name>
         <load_address>0xa7ff</load_address>
         <run_address>0xa7ff</run_address>
         <size>0x1</size>
         <input_file_ref idref="fl-33"/>
      </object_component>
      <object_component id="oc-248">
         <name>.text</name>
         <load_address>0xd000</load_address>
         <run_address>0xd000</run_address>
         <size>0xae</size>
         <input_file_ref idref="fl-4e"/>
      </object_component>
      <object_component id="oc-205">
         <name>.text</name>
         <load_address>0xd0ae</load_address>
         <run_address>0xd0ae</run_address>
         <size>0x9c</size>
         <input_file_ref idref="fl-51"/>
      </object_component>
      <object_component id="oc-1ca">
         <name>.text</name>
         <load_address>0xd14a</load_address>
         <run_address>0xd14a</run_address>
         <size>0x8b</size>
         <input_file_ref idref="fl-45"/>
      </object_component>
      <object_component id="oc-14e">
         <name>.text</name>
         <load_address>0xd1d5</load_address>
         <run_address>0xd1d5</run_address>
         <size>0x88</size>
         <input_file_ref idref="fl-2d"/>
      </object_component>
      <object_component id="oc-193">
         <name>.text</name>
         <load_address>0xd25d</load_address>
         <run_address>0xd25d</run_address>
         <size>0x83</size>
         <input_file_ref idref="fl-3a"/>
      </object_component>
      <object_component id="oc-247">
         <name>.text</name>
         <load_address>0xd2e0</load_address>
         <run_address>0xd2e0</run_address>
         <size>0x5a</size>
         <input_file_ref idref="fl-4d"/>
      </object_component>
      <object_component id="oc-83">
         <name>.text</name>
         <load_address>0xd33a</load_address>
         <run_address>0xd33a</run_address>
         <size>0x56</size>
         <input_file_ref idref="fl-2c"/>
      </object_component>
      <object_component id="oc-245">
         <name>.text</name>
         <load_address>0xd390</load_address>
         <run_address>0xd390</run_address>
         <size>0x31</size>
         <input_file_ref idref="fl-47"/>
      </object_component>
      <object_component id="oc-246">
         <name>.text</name>
         <load_address>0xd3c1</load_address>
         <run_address>0xd3c1</run_address>
         <size>0x30</size>
         <input_file_ref idref="fl-46"/>
      </object_component>
      <object_component id="oc-21a">
         <name>.text</name>
         <load_address>0xd3f1</load_address>
         <run_address>0xd3f1</run_address>
         <size>0x30</size>
         <input_file_ref idref="fl-2b"/>
      </object_component>
      <object_component id="oc-18e">
         <name>.text</name>
         <load_address>0xd421</load_address>
         <run_address>0xd421</run_address>
         <size>0x2a</size>
         <input_file_ref idref="fl-39"/>
      </object_component>
      <object_component id="oc-158">
         <name>.text</name>
         <load_address>0xd44b</load_address>
         <run_address>0xd44b</run_address>
         <size>0x2a</size>
         <input_file_ref idref="fl-2f"/>
      </object_component>
      <object_component id="oc-212">
         <name>.text</name>
         <load_address>0xd475</load_address>
         <run_address>0xd475</run_address>
         <size>0x29</size>
         <input_file_ref idref="fl-34"/>
      </object_component>
      <object_component id="oc-23d">
         <name>.text</name>
         <load_address>0xd49e</load_address>
         <run_address>0xd49e</run_address>
         <size>0x28</size>
         <input_file_ref idref="fl-a"/>
      </object_component>
      <object_component id="oc-23e">
         <name>.text</name>
         <load_address>0xd4c6</load_address>
         <run_address>0xd4c6</run_address>
         <size>0x26</size>
         <input_file_ref idref="fl-b"/>
      </object_component>
      <object_component id="oc-24f">
         <name>.text</name>
         <load_address>0xd4ec</load_address>
         <run_address>0xd4ec</run_address>
         <size>0x25</size>
         <input_file_ref idref="fl-50"/>
      </object_component>
      <object_component id="oc-20f">
         <name>.text</name>
         <load_address>0xd511</load_address>
         <run_address>0xd511</run_address>
         <size>0x24</size>
         <input_file_ref idref="fl-30"/>
      </object_component>
      <object_component id="oc-1a2">
         <name>.text</name>
         <load_address>0xd535</load_address>
         <run_address>0xd535</run_address>
         <size>0x21</size>
         <input_file_ref idref="fl-3d"/>
      </object_component>
      <object_component id="oc-1a7">
         <name>.text</name>
         <load_address>0xd556</load_address>
         <run_address>0xd556</run_address>
         <size>0x1f</size>
         <input_file_ref idref="fl-3e"/>
      </object_component>
      <object_component id="oc-1b1">
         <name>.text</name>
         <load_address>0xd575</load_address>
         <run_address>0xd575</run_address>
         <size>0x1e</size>
         <input_file_ref idref="fl-40"/>
      </object_component>
      <object_component id="oc-1bb">
         <name>.text</name>
         <load_address>0xd593</load_address>
         <run_address>0xd593</run_address>
         <size>0x1d</size>
         <input_file_ref idref="fl-42"/>
      </object_component>
      <object_component id="oc-215">
         <name>.text</name>
         <load_address>0xd5b0</load_address>
         <run_address>0xd5b0</run_address>
         <size>0x1d</size>
         <input_file_ref idref="fl-31"/>
      </object_component>
      <object_component id="oc-1c5">
         <name>.text</name>
         <load_address>0xd5cd</load_address>
         <run_address>0xd5cd</run_address>
         <size>0x1c</size>
         <input_file_ref idref="fl-44"/>
      </object_component>
      <object_component id="oc-1c0">
         <name>.text</name>
         <load_address>0xd5e9</load_address>
         <run_address>0xd5e9</run_address>
         <size>0x1c</size>
         <input_file_ref idref="fl-43"/>
      </object_component>
      <object_component id="oc-1ac">
         <name>.text</name>
         <load_address>0xd605</load_address>
         <run_address>0xd605</run_address>
         <size>0x18</size>
         <input_file_ref idref="fl-3f"/>
      </object_component>
      <object_component id="oc-211">
         <name>.text</name>
         <load_address>0xd61d</load_address>
         <run_address>0xd61d</run_address>
         <size>0x12</size>
         <input_file_ref idref="fl-36"/>
      </object_component>
      <object_component id="oc-24c">
         <name>.text</name>
         <load_address>0xd62f</load_address>
         <run_address>0xd62f</run_address>
         <size>0x10</size>
         <input_file_ref idref="fl-49"/>
      </object_component>
      <object_component id="oc-19d">
         <name>.text</name>
         <load_address>0xd63f</load_address>
         <run_address>0xd63f</run_address>
         <size>0xe</size>
         <input_file_ref idref="fl-3c"/>
      </object_component>
      <object_component id="oc-249">
         <name>.text</name>
         <load_address>0xd64d</load_address>
         <run_address>0xd64d</run_address>
         <size>0xc</size>
         <input_file_ref idref="fl-4b"/>
      </object_component>
      <object_component id="oc-153">
         <name>.text</name>
         <load_address>0xd659</load_address>
         <run_address>0xd659</run_address>
         <size>0xb</size>
         <input_file_ref idref="fl-2e"/>
      </object_component>
      <object_component id="oc-240">
         <name>.text</name>
         <load_address>0xd664</load_address>
         <run_address>0xd664</run_address>
         <size>0x9</size>
         <input_file_ref idref="fl-35"/>
      </object_component>
      <object_component id="oc-198">
         <name>.text</name>
         <load_address>0xd66d</load_address>
         <run_address>0xd66d</run_address>
         <size>0x9</size>
         <input_file_ref idref="fl-3b"/>
      </object_component>
      <object_component id="oc-24d">
         <name>.text</name>
         <load_address>0xd676</load_address>
         <run_address>0xd676</run_address>
         <size>0x9</size>
         <input_file_ref idref="fl-4f"/>
      </object_component>
      <object_component id="oc-21b">
         <name>.text</name>
         <load_address>0xd67f</load_address>
         <run_address>0xd67f</run_address>
         <size>0x8</size>
         <input_file_ref idref="fl-37"/>
      </object_component>
      <object_component id="oc-24a">
         <name>.text</name>
         <load_address>0xd687</load_address>
         <run_address>0xd687</run_address>
         <size>0x7</size>
         <input_file_ref idref="fl-4a"/>
      </object_component>
      <object_component id="oc-24b">
         <name>.text</name>
         <load_address>0xd68e</load_address>
         <run_address>0xd68e</run_address>
         <size>0x5</size>
         <input_file_ref idref="fl-4c"/>
      </object_component>
      <object_component id="oc-20e">
         <name>.text</name>
         <load_address>0xd693</load_address>
         <run_address>0xd693</run_address>
         <size>0x2</size>
         <input_file_ref idref="fl-32"/>
      </object_component>
      <object_component id="oc-12d">
         <name>.cinit</name>
         <load_address>0xb000</load_address>
         <run_address>0xb000</run_address>
         <size>0x5b</size>
         <input_file_ref idref="fl-10"/>
      </object_component>
      <object_component id="oc-21d">
         <name>.cinit:_LED_0</name>
         <load_address>0xb05b</load_address>
         <run_address>0xb05b</run_address>
         <size>0x12</size>
         <input_file_ref idref="fl-f"/>
      </object_component>
      <object_component id="oc-21f">
         <name>.cinit:_LED_1</name>
         <load_address>0xb06d</load_address>
         <run_address>0xb06d</run_address>
         <size>0x12</size>
         <input_file_ref idref="fl-f"/>
      </object_component>
      <object_component id="oc-221">
         <name>.cinit:_LED_2</name>
         <load_address>0xb07f</load_address>
         <run_address>0xb07f</run_address>
         <size>0x12</size>
         <input_file_ref idref="fl-f"/>
      </object_component>
      <object_component id="oc-223">
         <name>.cinit:_LED_3</name>
         <load_address>0xb091</load_address>
         <run_address>0xb091</run_address>
         <size>0x12</size>
         <input_file_ref idref="fl-f"/>
      </object_component>
      <object_component id="oc-225">
         <name>.cinit:_LED_4</name>
         <load_address>0xb0a3</load_address>
         <run_address>0xb0a3</run_address>
         <size>0x12</size>
         <input_file_ref idref="fl-f"/>
      </object_component>
      <object_component id="oc-227">
         <name>.cinit:_LED_5</name>
         <load_address>0xb0b5</load_address>
         <run_address>0xb0b5</run_address>
         <size>0x12</size>
         <input_file_ref idref="fl-f"/>
      </object_component>
      <object_component id="oc-229">
         <name>.cinit:_LED_6</name>
         <load_address>0xb0c7</load_address>
         <run_address>0xb0c7</run_address>
         <size>0x12</size>
         <input_file_ref idref="fl-f"/>
      </object_component>
      <object_component id="oc-22b">
         <name>.cinit:_LED_7</name>
         <load_address>0xb0d9</load_address>
         <run_address>0xb0d9</run_address>
         <size>0x12</size>
         <input_file_ref idref="fl-f"/>
      </object_component>
      <object_component id="oc-22d">
         <name>.cinit:_LED_8</name>
         <load_address>0xb0eb</load_address>
         <run_address>0xb0eb</run_address>
         <size>0x12</size>
         <input_file_ref idref="fl-f"/>
      </object_component>
      <object_component id="oc-22f">
         <name>.cinit:_LED_9</name>
         <load_address>0xb0fd</load_address>
         <run_address>0xb0fd</run_address>
         <size>0x12</size>
         <input_file_ref idref="fl-f"/>
      </object_component>
      <object_component id="oc-231">
         <name>.cinit:_LED_A</name>
         <load_address>0xb10f</load_address>
         <run_address>0xb10f</run_address>
         <size>0x12</size>
         <input_file_ref idref="fl-f"/>
      </object_component>
      <object_component id="oc-233">
         <name>.cinit:_LED_B</name>
         <load_address>0xb121</load_address>
         <run_address>0xb121</run_address>
         <size>0x12</size>
         <input_file_ref idref="fl-f"/>
      </object_component>
      <object_component id="oc-235">
         <name>.cinit:_LED_C</name>
         <load_address>0xb133</load_address>
         <run_address>0xb133</run_address>
         <size>0x12</size>
         <input_file_ref idref="fl-f"/>
      </object_component>
      <object_component id="oc-237">
         <name>.cinit:_LED_D</name>
         <load_address>0xb145</load_address>
         <run_address>0xb145</run_address>
         <size>0x12</size>
         <input_file_ref idref="fl-f"/>
      </object_component>
      <object_component id="oc-239">
         <name>.cinit:_LED_E</name>
         <load_address>0xb157</load_address>
         <run_address>0xb157</run_address>
         <size>0x12</size>
         <input_file_ref idref="fl-f"/>
      </object_component>
      <object_component id="oc-23b">
         <name>.cinit:_LED_F</name>
         <load_address>0xb169</load_address>
         <run_address>0xb169</run_address>
         <size>0x12</size>
         <input_file_ref idref="fl-f"/>
      </object_component>
      <object_component id="oc-135">
         <name>.cinit</name>
         <load_address>0xb17b</load_address>
         <run_address>0xb17b</run_address>
         <size>0xf</size>
         <input_file_ref idref="fl-11"/>
      </object_component>
      <object_component id="oc-172">
         <name>.cinit</name>
         <load_address>0xb18a</load_address>
         <run_address>0xb18a</run_address>
         <size>0xe</size>
         <input_file_ref idref="fl-34"/>
      </object_component>
      <object_component id="oc-218">
         <name>.cinit:__lock</name>
         <load_address>0xb198</load_address>
         <run_address>0xb198</run_address>
         <size>0x5</size>
         <input_file_ref idref="fl-35"/>
      </object_component>
      <object_component id="oc-241">
         <name>.cinit:__unlock</name>
         <load_address>0xb19d</load_address>
         <run_address>0xb19d</run_address>
         <size>0x5</size>
         <input_file_ref idref="fl-35"/>
      </object_component>
      <object_component id="oc-20b">
         <name>.cinit</name>
         <load_address>0xb1a2</load_address>
         <run_address>0xb1a2</run_address>
         <size>0x4</size>
         <input_file_ref idref="fl-52"/>
      </object_component>
      <object_component id="oc-149">
         <name>.reset</name>
         <load_address>0x3fffc0</load_address>
         <run_address>0x3fffc0</run_address>
         <size>0x2</size>
         <input_file_ref idref="fl-2c"/>
      </object_component>
      <object_component id="oc-148">
         <name>.stack</name>
         <uninitialized>true</uninitialized>
         <run_address>0xb800</run_address>
         <size>0x0</size>
         <input_file_ref idref="fl-2c"/>
      </object_component>
      <object_component id="oc-2d8">
         <name>.stack</name>
         <uninitialized>true</uninitialized>
         <run_address>0xb800</run_address>
         <size>0x0</size>
      </object_component>
      <object_component id="oc-85">
         <name>.ebss</name>
         <uninitialized>true</uninitialized>
         <run_address>0x15000</run_address>
         <size>0x2f30</size>
         <input_file_ref idref="fl-2"/>
      </object_component>
      <object_component id="oc-96">
         <name>.ebss</name>
         <uninitialized>true</uninitialized>
         <run_address>0x17f5a</run_address>
         <size>0x18</size>
         <input_file_ref idref="fl-5"/>
      </object_component>
      <object_component id="oc-21c">
         <name>.ebss:_LED_0</name>
         <uninitialized>true</uninitialized>
         <run_address>0x17f30</run_address>
         <size>0xf</size>
         <input_file_ref idref="fl-f"/>
      </object_component>
      <object_component id="oc-21e">
         <name>.ebss:_LED_1</name>
         <uninitialized>true</uninitialized>
         <run_address>0x17f80</run_address>
         <size>0xf</size>
         <input_file_ref idref="fl-f"/>
      </object_component>
      <object_component id="oc-220">
         <name>.ebss:_LED_2</name>
         <uninitialized>true</uninitialized>
         <run_address>0x17f8f</run_address>
         <size>0xf</size>
         <input_file_ref idref="fl-f"/>
      </object_component>
      <object_component id="oc-222">
         <name>.ebss:_LED_3</name>
         <uninitialized>true</uninitialized>
         <run_address>0x17f9e</run_address>
         <size>0xf</size>
         <input_file_ref idref="fl-f"/>
      </object_component>
      <object_component id="oc-224">
         <name>.ebss:_LED_4</name>
         <uninitialized>true</uninitialized>
         <run_address>0x17fad</run_address>
         <size>0xf</size>
         <input_file_ref idref="fl-f"/>
      </object_component>
      <object_component id="oc-226">
         <name>.ebss:_LED_5</name>
         <uninitialized>true</uninitialized>
         <run_address>0x17fc0</run_address>
         <size>0xf</size>
         <input_file_ref idref="fl-f"/>
      </object_component>
      <object_component id="oc-228">
         <name>.ebss:_LED_6</name>
         <uninitialized>true</uninitialized>
         <run_address>0x17fcf</run_address>
         <size>0xf</size>
         <input_file_ref idref="fl-f"/>
      </object_component>
      <object_component id="oc-22a">
         <name>.ebss:_LED_7</name>
         <uninitialized>true</uninitialized>
         <run_address>0x17fde</run_address>
         <size>0xf</size>
         <input_file_ref idref="fl-f"/>
      </object_component>
      <object_component id="oc-22c">
         <name>.ebss:_LED_8</name>
         <uninitialized>true</uninitialized>
         <run_address>0x17fed</run_address>
         <size>0xf</size>
         <input_file_ref idref="fl-f"/>
      </object_component>
      <object_component id="oc-22e">
         <name>.ebss:_LED_9</name>
         <uninitialized>true</uninitialized>
         <run_address>0x18000</run_address>
         <size>0xf</size>
         <input_file_ref idref="fl-f"/>
      </object_component>
      <object_component id="oc-230">
         <name>.ebss:_LED_A</name>
         <uninitialized>true</uninitialized>
         <run_address>0x1800f</run_address>
         <size>0xf</size>
         <input_file_ref idref="fl-f"/>
      </object_component>
      <object_component id="oc-232">
         <name>.ebss:_LED_B</name>
         <uninitialized>true</uninitialized>
         <run_address>0x1801e</run_address>
         <size>0xf</size>
         <input_file_ref idref="fl-f"/>
      </object_component>
      <object_component id="oc-234">
         <name>.ebss:_LED_C</name>
         <uninitialized>true</uninitialized>
         <run_address>0x1802d</run_address>
         <size>0xf</size>
         <input_file_ref idref="fl-f"/>
      </object_component>
      <object_component id="oc-236">
         <name>.ebss:_LED_D</name>
         <uninitialized>true</uninitialized>
         <run_address>0x18040</run_address>
         <size>0xf</size>
         <input_file_ref idref="fl-f"/>
      </object_component>
      <object_component id="oc-238">
         <name>.ebss:_LED_E</name>
         <uninitialized>true</uninitialized>
         <run_address>0x1804f</run_address>
         <size>0xf</size>
         <input_file_ref idref="fl-f"/>
      </object_component>
      <object_component id="oc-23a">
         <name>.ebss:_LED_F</name>
         <uninitialized>true</uninitialized>
         <run_address>0x1805e</run_address>
         <size>0xf</size>
         <input_file_ref idref="fl-f"/>
      </object_component>
      <object_component id="oc-12e">
         <name>.ebss</name>
         <uninitialized>true</uninitialized>
         <run_address>0x17f40</run_address>
         <size>0x1a</size>
         <input_file_ref idref="fl-10"/>
      </object_component>
      <object_component id="oc-136">
         <name>.ebss</name>
         <uninitialized>true</uninitialized>
         <run_address>0x17f72</run_address>
         <size>0x6</size>
         <input_file_ref idref="fl-11"/>
      </object_component>
      <object_component id="oc-173">
         <name>.ebss</name>
         <uninitialized>true</uninitialized>
         <run_address>0x17f78</run_address>
         <size>0x6</size>
         <input_file_ref idref="fl-34"/>
      </object_component>
      <object_component id="oc-217">
         <name>.ebss:__lock</name>
         <uninitialized>true</uninitialized>
         <run_address>0x17f7e</run_address>
         <size>0x2</size>
         <input_file_ref idref="fl-35"/>
      </object_component>
      <object_component id="oc-244">
         <name>.ebss:__unlock</name>
         <uninitialized>true</uninitialized>
         <run_address>0x17fbc</run_address>
         <size>0x2</size>
         <input_file_ref idref="fl-35"/>
      </object_component>
      <object_component id="oc-20c">
         <name>.ebss</name>
         <uninitialized>true</uninitialized>
         <run_address>0x17f3f</run_address>
         <size>0x1</size>
         <input_file_ref idref="fl-52"/>
      </object_component>
      <object_component id="oc-243">
         <name>.econst:_PieVectTableInit</name>
         <load_address>0xa800</load_address>
         <run_address>0xa800</run_address>
         <size>0x1c0</size>
         <input_file_ref idref="fl-b"/>
      </object_component>
      <object_component id="oc-24e">
         <name>.econst:.string:__ctypes_</name>
         <load_address>0xa9c0</load_address>
         <run_address>0xa9c0</run_address>
         <size>0x101</size>
         <input_file_ref idref="fl-48"/>
      </object_component>
      <object_component id="oc-13e">
         <name>.econst:.string</name>
         <load_address>0xaac2</load_address>
         <run_address>0xaac2</run_address>
         <size>0x60</size>
         <input_file_ref idref="fl-1f"/>
      </object_component>
      <object_component id="oc-189">
         <name>.econst:.string</name>
         <load_address>0xab22</load_address>
         <run_address>0xab22</run_address>
         <size>0x26</size>
         <input_file_ref idref="fl-38"/>
      </object_component>
      <object_component id="oc-188">
         <name>.econst</name>
         <load_address>0xab48</load_address>
         <run_address>0xab48</run_address>
         <size>0x1c</size>
         <input_file_ref idref="fl-38"/>
      </object_component>
      <object_component id="oc-1f6">
         <name>.econst</name>
         <load_address>0xab64</load_address>
         <run_address>0xab64</run_address>
         <size>0x1c</size>
         <input_file_ref idref="fl-4e"/>
      </object_component>
      <object_component id="oc-137">
         <name>.econst:.string</name>
         <load_address>0xab80</load_address>
         <run_address>0xab80</run_address>
         <size>0x13</size>
         <input_file_ref idref="fl-11"/>
      </object_component>
      <object_component id="oc-1f0">
         <name>.econst</name>
         <load_address>0xab94</load_address>
         <run_address>0xab94</run_address>
         <size>0x8</size>
         <input_file_ref idref="fl-4d"/>
      </object_component>
      <object_component id="oc-122">
         <name>.TI.ramfunc</name>
         <load_address>0x123</load_address>
         <run_address>0x123</run_address>
         <size>0x4</size>
         <input_file_ref idref="fl-e"/>
      </object_component>
      <object_component id="oc-13d">
         <name>.TI.ramfunc</name>
         <load_address>0x127</load_address>
         <run_address>0x127</run_address>
         <size>0x4</size>
         <input_file_ref idref="fl-1f"/>
      </object_component>
      <object_component id="oc-107">
         <name>PieVectTableFile</name>
         <uninitialized>true</uninitialized>
         <run_address>0xd00</run_address>
         <size>0x1c0</size>
         <input_file_ref idref="fl-8"/>
      </object_component>
      <object_component id="oc-a7">
         <name>EmuBModeVar</name>
         <uninitialized>true</uninitialized>
         <run_address>0xd00</run_address>
         <size>0x1</size>
         <input_file_ref idref="fl-8"/>
      </object_component>
      <object_component id="oc-a8">
         <name>EmuBootPinsVar</name>
         <uninitialized>true</uninitialized>
         <run_address>0xd01</run_address>
         <size>0x1</size>
         <input_file_ref idref="fl-8"/>
      </object_component>
      <object_component id="oc-be">
         <name>AdcaResultFile</name>
         <uninitialized>true</uninitialized>
         <run_address>0xb00</run_address>
         <size>0x18</size>
         <input_file_ref idref="fl-8"/>
      </object_component>
      <object_component id="oc-bf">
         <name>AdcbResultFile</name>
         <uninitialized>true</uninitialized>
         <run_address>0xb20</run_address>
         <size>0x18</size>
         <input_file_ref idref="fl-8"/>
      </object_component>
      <object_component id="oc-c0">
         <name>AdccResultFile</name>
         <uninitialized>true</uninitialized>
         <run_address>0xb40</run_address>
         <size>0x18</size>
         <input_file_ref idref="fl-8"/>
      </object_component>
      <object_component id="oc-c1">
         <name>AdcdResultFile</name>
         <uninitialized>true</uninitialized>
         <run_address>0xb60</run_address>
         <size>0x18</size>
         <input_file_ref idref="fl-8"/>
      </object_component>
      <object_component id="oc-ed">
         <name>AdcaRegsFile</name>
         <uninitialized>true</uninitialized>
         <run_address>0x7400</run_address>
         <size>0x80</size>
         <input_file_ref idref="fl-8"/>
      </object_component>
      <object_component id="oc-ee">
         <name>AdcbRegsFile</name>
         <uninitialized>true</uninitialized>
         <run_address>0x7480</run_address>
         <size>0x80</size>
         <input_file_ref idref="fl-8"/>
      </object_component>
      <object_component id="oc-ef">
         <name>AdccRegsFile</name>
         <uninitialized>true</uninitialized>
         <run_address>0x7500</run_address>
         <size>0x80</size>
         <input_file_ref idref="fl-8"/>
      </object_component>
      <object_component id="oc-f0">
         <name>AdcdRegsFile</name>
         <uninitialized>true</uninitialized>
         <run_address>0x7580</run_address>
         <size>0x80</size>
         <input_file_ref idref="fl-8"/>
      </object_component>
      <object_component id="oc-e9">
         <name>AnalogSubsysRegsFile</name>
         <uninitialized>true</uninitialized>
         <run_address>0x5d180</run_address>
         <size>0x48</size>
         <input_file_ref idref="fl-8"/>
      </object_component>
      <object_component id="oc-103">
         <name>CanaRegsFile</name>
         <uninitialized>true</uninitialized>
         <run_address>0x48000</run_address>
         <size>0x164</size>
         <input_file_ref idref="fl-8"/>
      </object_component>
      <object_component id="oc-104">
         <name>CanbRegsFile</name>
         <uninitialized>true</uninitialized>
         <run_address>0x4a000</run_address>
         <size>0x164</size>
         <input_file_ref idref="fl-8"/>
      </object_component>
      <object_component id="oc-e4">
         <name>Cla1RegsFile</name>
         <uninitialized>true</uninitialized>
         <run_address>0x1400</run_address>
         <size>0x3e</size>
         <input_file_ref idref="fl-8"/>
      </object_component>
      <object_component id="oc-ac">
         <name>Cla1SoftIntRegsFile</name>
         <uninitialized>true</uninitialized>
         <run_address>0xce0</run_address>
         <size>0x4</size>
         <input_file_ref idref="fl-8"/>
      </object_component>
      <object_component id="oc-c4">
         <name>Cmpss1RegsFile</name>
         <uninitialized>true</uninitialized>
         <run_address>0x5c80</run_address>
         <size>0x20</size>
         <input_file_ref idref="fl-8"/>
      </object_component>
      <object_component id="oc-c5">
         <name>Cmpss2RegsFile</name>
         <uninitialized>true</uninitialized>
         <run_address>0x5ca0</run_address>
         <size>0x20</size>
         <input_file_ref idref="fl-8"/>
      </object_component>
      <object_component id="oc-c6">
         <name>Cmpss3RegsFile</name>
         <uninitialized>true</uninitialized>
         <run_address>0x5cc0</run_address>
         <size>0x20</size>
         <input_file_ref idref="fl-8"/>
      </object_component>
      <object_component id="oc-c7">
         <name>Cmpss4RegsFile</name>
         <uninitialized>true</uninitialized>
         <run_address>0x5ce0</run_address>
         <size>0x20</size>
         <input_file_ref idref="fl-8"/>
      </object_component>
      <object_component id="oc-c8">
         <name>Cmpss5RegsFile</name>
         <uninitialized>true</uninitialized>
         <run_address>0x5d00</run_address>
         <size>0x20</size>
         <input_file_ref idref="fl-8"/>
      </object_component>
      <object_component id="oc-c9">
         <name>Cmpss6RegsFile</name>
         <uninitialized>true</uninitialized>
         <run_address>0x5d20</run_address>
         <size>0x20</size>
         <input_file_ref idref="fl-8"/>
      </object_component>
      <object_component id="oc-ca">
         <name>Cmpss7RegsFile</name>
         <uninitialized>true</uninitialized>
         <run_address>0x5d40</run_address>
         <size>0x20</size>
         <input_file_ref idref="fl-8"/>
      </object_component>
      <object_component id="oc-cb">
         <name>Cmpss8RegsFile</name>
         <uninitialized>true</uninitialized>
         <run_address>0x5d60</run_address>
         <size>0x20</size>
         <input_file_ref idref="fl-8"/>
      </object_component>
      <object_component id="oc-b2">
         <name>CpuTimer0RegsFile</name>
         <uninitialized>true</uninitialized>
         <run_address>0xc00</run_address>
         <size>0x8</size>
         <input_file_ref idref="fl-8"/>
      </object_component>
      <object_component id="oc-b3">
         <name>CpuTimer1RegsFile</name>
         <uninitialized>true</uninitialized>
         <run_address>0xc08</run_address>
         <size>0x8</size>
         <input_file_ref idref="fl-8"/>
      </object_component>
      <object_component id="oc-b4">
         <name>CpuTimer2RegsFile</name>
         <uninitialized>true</uninitialized>
         <run_address>0xc10</run_address>
         <size>0x8</size>
         <input_file_ref idref="fl-8"/>
      </object_component>
      <object_component id="oc-af">
         <name>DacaRegsFile</name>
         <uninitialized>true</uninitialized>
         <run_address>0x5c00</run_address>
         <size>0x8</size>
         <input_file_ref idref="fl-8"/>
      </object_component>
      <object_component id="oc-b0">
         <name>DacbRegsFile</name>
         <uninitialized>true</uninitialized>
         <run_address>0x5c10</run_address>
         <size>0x8</size>
         <input_file_ref idref="fl-8"/>
      </object_component>
      <object_component id="oc-b1">
         <name>DaccRegsFile</name>
         <uninitialized>true</uninitialized>
         <run_address>0x5c20</run_address>
         <size>0x8</size>
         <input_file_ref idref="fl-8"/>
      </object_component>
      <object_component id="oc-db">
         <name>DcsmZ1RegsFile</name>
         <uninitialized>true</uninitialized>
         <run_address>0x5f000</run_address>
         <size>0x24</size>
         <input_file_ref idref="fl-8"/>
      </object_component>
      <object_component id="oc-dc">
         <name>DcsmZ2RegsFile</name>
         <uninitialized>true</uninitialized>
         <run_address>0x5f040</run_address>
         <size>0x24</size>
         <input_file_ref idref="fl-8"/>
      </object_component>
      <object_component id="oc-b5">
         <name>DcsmCommonRegsFile</name>
         <uninitialized>true</uninitialized>
         <run_address>0x5f070</run_address>
         <size>0x8</size>
         <input_file_ref idref="fl-8"/>
      </object_component>
      <object_component id="oc-f5">
         <name>DmaRegsFile</name>
         <uninitialized>true</uninitialized>
         <run_address>0x1000</run_address>
         <size>0xe0</size>
         <input_file_ref idref="fl-8"/>
      </object_component>
      <object_component id="oc-c2">
         <name>DmaClaSrcSelRegsFile</name>
         <uninitialized>true</uninitialized>
         <run_address>0x7980</run_address>
         <size>0x1a</size>
         <input_file_ref idref="fl-8"/>
      </object_component>
      <object_component id="oc-cc">
         <name>ECap1RegsFile</name>
         <uninitialized>true</uninitialized>
         <run_address>0x5000</run_address>
         <size>0x20</size>
         <input_file_ref idref="fl-8"/>
      </object_component>
      <object_component id="oc-cd">
         <name>ECap2RegsFile</name>
         <uninitialized>true</uninitialized>
         <run_address>0x5020</run_address>
         <size>0x20</size>
         <input_file_ref idref="fl-8"/>
      </object_component>
      <object_component id="oc-ce">
         <name>ECap3RegsFile</name>
         <uninitialized>true</uninitialized>
         <run_address>0x5040</run_address>
         <size>0x20</size>
         <input_file_ref idref="fl-8"/>
      </object_component>
      <object_component id="oc-cf">
         <name>ECap4RegsFile</name>
         <uninitialized>true</uninitialized>
         <run_address>0x5060</run_address>
         <size>0x20</size>
         <input_file_ref idref="fl-8"/>
      </object_component>
      <object_component id="oc-d0">
         <name>ECap5RegsFile</name>
         <uninitialized>true</uninitialized>
         <run_address>0x5080</run_address>
         <size>0x20</size>
         <input_file_ref idref="fl-8"/>
      </object_component>
      <object_component id="oc-d1">
         <name>ECap6RegsFile</name>
         <uninitialized>true</uninitialized>
         <run_address>0x50a0</run_address>
         <size>0x20</size>
         <input_file_ref idref="fl-8"/>
      </object_component>
      <object_component id="oc-eb">
         <name>Emif1RegsFile</name>
         <uninitialized>true</uninitialized>
         <run_address>0x47000</run_address>
         <size>0x70</size>
         <input_file_ref idref="fl-8"/>
      </object_component>
      <object_component id="oc-ec">
         <name>Emif2RegsFile</name>
         <uninitialized>true</uninitialized>
         <run_address>0x47800</run_address>
         <size>0x70</size>
         <input_file_ref idref="fl-8"/>
      </object_component>
      <object_component id="oc-f6">
         <name>EPwm1RegsFile</name>
         <uninitialized>true</uninitialized>
         <run_address>0x4000</run_address>
         <size>0x100</size>
         <input_file_ref idref="fl-8"/>
      </object_component>
      <object_component id="oc-f7">
         <name>EPwm2RegsFile</name>
         <uninitialized>true</uninitialized>
         <run_address>0x4100</run_address>
         <size>0x100</size>
         <input_file_ref idref="fl-8"/>
      </object_component>
      <object_component id="oc-f8">
         <name>EPwm3RegsFile</name>
         <uninitialized>true</uninitialized>
         <run_address>0x4200</run_address>
         <size>0x100</size>
         <input_file_ref idref="fl-8"/>
      </object_component>
      <object_component id="oc-f9">
         <name>EPwm4RegsFile</name>
         <uninitialized>true</uninitialized>
         <run_address>0x4300</run_address>
         <size>0x100</size>
         <input_file_ref idref="fl-8"/>
      </object_component>
      <object_component id="oc-fa">
         <name>EPwm5RegsFile</name>
         <uninitialized>true</uninitialized>
         <run_address>0x4400</run_address>
         <size>0x100</size>
         <input_file_ref idref="fl-8"/>
      </object_component>
      <object_component id="oc-fb">
         <name>EPwm6RegsFile</name>
         <uninitialized>true</uninitialized>
         <run_address>0x4500</run_address>
         <size>0x100</size>
         <input_file_ref idref="fl-8"/>
      </object_component>
      <object_component id="oc-fc">
         <name>EPwm7RegsFile</name>
         <uninitialized>true</uninitialized>
         <run_address>0x4600</run_address>
         <size>0x100</size>
         <input_file_ref idref="fl-8"/>
      </object_component>
      <object_component id="oc-fd">
         <name>EPwm8RegsFile</name>
         <uninitialized>true</uninitialized>
         <run_address>0x4700</run_address>
         <size>0x100</size>
         <input_file_ref idref="fl-8"/>
      </object_component>
      <object_component id="oc-fe">
         <name>EPwm9RegsFile</name>
         <uninitialized>true</uninitialized>
         <run_address>0x4800</run_address>
         <size>0x100</size>
         <input_file_ref idref="fl-8"/>
      </object_component>
      <object_component id="oc-ff">
         <name>EPwm10RegsFile</name>
         <uninitialized>true</uninitialized>
         <run_address>0x4900</run_address>
         <size>0x100</size>
         <input_file_ref idref="fl-8"/>
      </object_component>
      <object_component id="oc-100">
         <name>EPwm11RegsFile</name>
         <uninitialized>true</uninitialized>
         <run_address>0x4a00</run_address>
         <size>0x100</size>
         <input_file_ref idref="fl-8"/>
      </object_component>
      <object_component id="oc-101">
         <name>EPwm12RegsFile</name>
         <uninitialized>true</uninitialized>
         <run_address>0x4b00</run_address>
         <size>0x100</size>
         <input_file_ref idref="fl-8"/>
      </object_component>
      <object_component id="oc-e5">
         <name>EPwmXbarRegsFile</name>
         <uninitialized>true</uninitialized>
         <run_address>0x7a00</run_address>
         <size>0x40</size>
         <input_file_ref idref="fl-8"/>
      </object_component>
      <object_component id="oc-d6">
         <name>EQep1RegsFile</name>
         <uninitialized>true</uninitialized>
         <run_address>0x5100</run_address>
         <size>0x22</size>
         <input_file_ref idref="fl-8"/>
      </object_component>
      <object_component id="oc-d7">
         <name>EQep2RegsFile</name>
         <uninitialized>true</uninitialized>
         <run_address>0x5140</run_address>
         <size>0x22</size>
         <input_file_ref idref="fl-8"/>
      </object_component>
      <object_component id="oc-d8">
         <name>EQep3RegsFile</name>
         <uninitialized>true</uninitialized>
         <run_address>0x5180</run_address>
         <size>0x22</size>
         <input_file_ref idref="fl-8"/>
      </object_component>
      <object_component id="oc-106">
         <name>Flash0CtrlRegsFile</name>
         <uninitialized>true</uninitialized>
         <run_address>0x5f800</run_address>
         <size>0x182</size>
         <input_file_ref idref="fl-8"/>
      </object_component>
      <object_component id="oc-e0">
         <name>Flash0EccRegsFile</name>
         <uninitialized>true</uninitialized>
         <run_address>0x5fb00</run_address>
         <size>0x28</size>
         <input_file_ref idref="fl-8"/>
      </object_component>
      <object_component id="oc-105">
         <name>GpioCtrlRegsFile</name>
         <uninitialized>true</uninitialized>
         <run_address>0x7c00</run_address>
         <size>0x180</size>
         <input_file_ref idref="fl-8"/>
      </object_component>
      <object_component id="oc-e2">
         <name>GpioDataRegsFile</name>
         <uninitialized>true</uninitialized>
         <run_address>0x7f00</run_address>
         <size>0x30</size>
         <input_file_ref idref="fl-8"/>
      </object_component>
      <object_component id="oc-e6">
         <name>OutputXbarRegsFile</name>
         <uninitialized>true</uninitialized>
         <run_address>0x7a80</run_address>
         <size>0x40</size>
         <input_file_ref idref="fl-8"/>
      </object_component>
      <object_component id="oc-d9">
         <name>I2caRegsFile</name>
         <uninitialized>true</uninitialized>
         <run_address>0x7300</run_address>
         <size>0x22</size>
         <input_file_ref idref="fl-8"/>
      </object_component>
      <object_component id="oc-da">
         <name>I2cbRegsFile</name>
         <uninitialized>true</uninitialized>
         <run_address>0x7340</run_address>
         <size>0x22</size>
         <input_file_ref idref="fl-8"/>
      </object_component>
      <object_component id="oc-d2">
         <name>InputXbarRegsFile</name>
         <uninitialized>true</uninitialized>
         <run_address>0x7900</run_address>
         <size>0x20</size>
         <input_file_ref idref="fl-8"/>
      </object_component>
      <object_component id="oc-d3">
         <name>XbarRegsFile</name>
         <uninitialized>true</uninitialized>
         <run_address>0x7920</run_address>
         <size>0x20</size>
         <input_file_ref idref="fl-8"/>
      </object_component>
      <object_component id="oc-dd">
         <name>IpcRegsFile</name>
         <uninitialized>true</uninitialized>
         <run_address>0x50000</run_address>
         <size>0x24</size>
         <input_file_ref idref="fl-8"/>
      </object_component>
      <object_component id="oc-a9">
         <name>FlashPumpSemaphoreRegsFile</name>
         <uninitialized>true</uninitialized>
         <run_address>0x50024</run_address>
         <size>0x2</size>
         <input_file_ref idref="fl-8"/>
      </object_component>
      <object_component id="oc-aa">
         <name>RomPrefetchRegsFile</name>
         <uninitialized>true</uninitialized>
         <run_address>0x5e608</run_address>
         <size>0x2</size>
         <input_file_ref idref="fl-8"/>
      </object_component>
      <object_component id="oc-f1">
         <name>MemCfgRegsFile</name>
         <uninitialized>true</uninitialized>
         <run_address>0x5f400</run_address>
         <size>0x80</size>
         <input_file_ref idref="fl-8"/>
      </object_component>
      <object_component id="oc-d4">
         <name>Emif1ConfigRegsFile</name>
         <uninitialized>true</uninitialized>
         <run_address>0x5f480</run_address>
         <size>0x20</size>
         <input_file_ref idref="fl-8"/>
      </object_component>
      <object_component id="oc-d5">
         <name>Emif2ConfigRegsFile</name>
         <uninitialized>true</uninitialized>
         <run_address>0x5f4a0</run_address>
         <size>0x20</size>
         <input_file_ref idref="fl-8"/>
      </object_component>
      <object_component id="oc-e7">
         <name>AccessProtectionRegsFile</name>
         <uninitialized>true</uninitialized>
         <run_address>0x5f4c0</run_address>
         <size>0x40</size>
         <input_file_ref idref="fl-8"/>
      </object_component>
      <object_component id="oc-e8">
         <name>MemoryErrorRegsFile</name>
         <uninitialized>true</uninitialized>
         <run_address>0x5f500</run_address>
         <size>0x40</size>
         <input_file_ref idref="fl-8"/>
      </object_component>
      <object_component id="oc-ab">
         <name>RomWaitStateRegsFile</name>
         <uninitialized>true</uninitialized>
         <run_address>0x5f540</run_address>
         <size>0x2</size>
         <input_file_ref idref="fl-8"/>
      </object_component>
      <object_component id="oc-de">
         <name>McbspaRegsFile</name>
         <uninitialized>true</uninitialized>
         <run_address>0x6000</run_address>
         <size>0x24</size>
         <input_file_ref idref="fl-8"/>
      </object_component>
      <object_component id="oc-df">
         <name>McbspbRegsFile</name>
         <uninitialized>true</uninitialized>
         <run_address>0x6040</run_address>
         <size>0x24</size>
         <input_file_ref idref="fl-8"/>
      </object_component>
      <object_component id="oc-ea">
         <name>UppRegsFile</name>
         <uninitialized>true</uninitialized>
         <run_address>0x6200</run_address>
         <size>0x48</size>
         <input_file_ref idref="fl-8"/>
      </object_component>
      <object_component id="oc-ae">
         <name>NmiIntruptRegsFile</name>
         <uninitialized>true</uninitialized>
         <run_address>0x7060</run_address>
         <size>0x7</size>
         <input_file_ref idref="fl-8"/>
      </object_component>
      <object_component id="oc-c3">
         <name>PieCtrlRegsFile</name>
         <uninitialized>true</uninitialized>
         <run_address>0xce0</run_address>
         <size>0x1a</size>
         <input_file_ref idref="fl-8"/>
      </object_component>
      <object_component id="oc-b7">
         <name>SciaRegsFile</name>
         <uninitialized>true</uninitialized>
         <run_address>0x7200</run_address>
         <size>0x10</size>
         <input_file_ref idref="fl-8"/>
      </object_component>
      <object_component id="oc-b8">
         <name>ScibRegsFile</name>
         <uninitialized>true</uninitialized>
         <run_address>0x7210</run_address>
         <size>0x10</size>
         <input_file_ref idref="fl-8"/>
      </object_component>
      <object_component id="oc-b9">
         <name>ScicRegsFile</name>
         <uninitialized>true</uninitialized>
         <run_address>0x7220</run_address>
         <size>0x10</size>
         <input_file_ref idref="fl-8"/>
      </object_component>
      <object_component id="oc-ba">
         <name>ScidRegsFile</name>
         <uninitialized>true</uninitialized>
         <run_address>0x7230</run_address>
         <size>0x10</size>
         <input_file_ref idref="fl-8"/>
      </object_component>
      <object_component id="oc-f2">
         <name>Sdfm1RegsFile</name>
         <uninitialized>true</uninitialized>
         <run_address>0x5e00</run_address>
         <size>0x80</size>
         <input_file_ref idref="fl-8"/>
      </object_component>
      <object_component id="oc-f3">
         <name>Sdfm2RegsFile</name>
         <uninitialized>true</uninitialized>
         <run_address>0x5e80</run_address>
         <size>0x80</size>
         <input_file_ref idref="fl-8"/>
      </object_component>
      <object_component id="oc-bb">
         <name>SpiaRegsFile</name>
         <uninitialized>true</uninitialized>
         <run_address>0x6100</run_address>
         <size>0x10</size>
         <input_file_ref idref="fl-8"/>
      </object_component>
      <object_component id="oc-bc">
         <name>SpibRegsFile</name>
         <uninitialized>true</uninitialized>
         <run_address>0x6110</run_address>
         <size>0x10</size>
         <input_file_ref idref="fl-8"/>
      </object_component>
      <object_component id="oc-bd">
         <name>SpicRegsFile</name>
         <uninitialized>true</uninitialized>
         <run_address>0x6120</run_address>
         <size>0x10</size>
         <input_file_ref idref="fl-8"/>
      </object_component>
      <object_component id="oc-102">
         <name>DevCfgRegsFile</name>
         <uninitialized>true</uninitialized>
         <run_address>0x5d000</run_address>
         <size>0x12e</size>
         <input_file_ref idref="fl-8"/>
      </object_component>
      <object_component id="oc-e3">
         <name>ClkCfgRegsFile</name>
         <uninitialized>true</uninitialized>
         <run_address>0x5d200</run_address>
         <size>0x32</size>
         <input_file_ref idref="fl-8"/>
      </object_component>
      <object_component id="oc-f4">
         <name>CpuSysRegsFile</name>
         <uninitialized>true</uninitialized>
         <run_address>0x5d300</run_address>
         <size>0x82</size>
         <input_file_ref idref="fl-8"/>
      </object_component>
      <object_component id="oc-ad">
         <name>SyncSocRegsFile</name>
         <uninitialized>true</uninitialized>
         <run_address>0x7940</run_address>
         <size>0x6</size>
         <input_file_ref idref="fl-8"/>
      </object_component>
      <object_component id="oc-e1">
         <name>WdRegsFile</name>
         <uninitialized>true</uninitialized>
         <run_address>0x7000</run_address>
         <size>0x2b</size>
         <input_file_ref idref="fl-8"/>
      </object_component>
      <object_component id="oc-b6">
         <name>XintRegsFile</name>
         <uninitialized>true</uninitialized>
         <run_address>0x7070</run_address>
         <size>0xb</size>
         <input_file_ref idref="fl-8"/>
      </object_component>
      <object_component id="oc-84">
         <name>.debug_info</name>
         <load_address>0x0</load_address>
         <run_address>0x0</run_address>
         <size>0x65ad</size>
         <input_file_ref idref="fl-2"/>
      </object_component>
      <object_component id="oc-8b">
         <name>.debug_info</name>
         <load_address>0x65ad</load_address>
         <run_address>0x65ad</run_address>
         <size>0x4684</size>
         <input_file_ref idref="fl-3"/>
      </object_component>
      <object_component id="oc-92">
         <name>.debug_info</name>
         <load_address>0xac31</load_address>
         <run_address>0xac31</run_address>
         <size>0x107</size>
         <input_file_ref idref="fl-4"/>
      </object_component>
      <object_component id="oc-95">
         <name>.debug_info</name>
         <load_address>0xad38</load_address>
         <run_address>0xad38</run_address>
         <size>0x98d</size>
         <input_file_ref idref="fl-5"/>
      </object_component>
      <object_component id="oc-9b">
         <name>.debug_info</name>
         <load_address>0xb6c5</load_address>
         <run_address>0xb6c5</run_address>
         <size>0x34ea</size>
         <input_file_ref idref="fl-6"/>
      </object_component>
      <object_component id="oc-a1">
         <name>.debug_info</name>
         <load_address>0xebaf</load_address>
         <run_address>0xebaf</run_address>
         <size>0xf3e0</size>
         <input_file_ref idref="fl-7"/>
      </object_component>
      <object_component id="oc-a6">
         <name>.debug_info</name>
         <load_address>0x1df8f</load_address>
         <run_address>0x1df8f</run_address>
         <size>0x50541</size>
         <input_file_ref idref="fl-8"/>
      </object_component>
      <object_component id="oc-109">
         <name>.debug_info</name>
         <load_address>0x6e4d0</load_address>
         <run_address>0x6e4d0</run_address>
         <size>0x19f71</size>
         <input_file_ref idref="fl-9"/>
      </object_component>
      <object_component id="oc-10e">
         <name>.debug_info</name>
         <load_address>0x88441</load_address>
         <run_address>0x88441</run_address>
         <size>0x355b</size>
         <input_file_ref idref="fl-a"/>
      </object_component>
      <object_component id="oc-113">
         <name>.debug_info</name>
         <load_address>0x8b99c</load_address>
         <run_address>0x8b99c</run_address>
         <size>0x6721</size>
         <input_file_ref idref="fl-b"/>
      </object_component>
      <object_component id="oc-118">
         <name>.debug_info</name>
         <load_address>0x920bd</load_address>
         <run_address>0x920bd</run_address>
         <size>0xfcc7</size>
         <input_file_ref idref="fl-c"/>
      </object_component>
      <object_component id="oc-11d">
         <name>.debug_info</name>
         <load_address>0xa1d84</load_address>
         <run_address>0xa1d84</run_address>
         <size>0xcba5</size>
         <input_file_ref idref="fl-d"/>
      </object_component>
      <object_component id="oc-124">
         <name>.debug_info</name>
         <load_address>0xae929</load_address>
         <run_address>0xae929</run_address>
         <size>0x102</size>
         <input_file_ref idref="fl-e"/>
      </object_component>
      <object_component id="oc-127">
         <name>.debug_info</name>
         <load_address>0xaea2b</load_address>
         <run_address>0xaea2b</run_address>
         <size>0x60cf</size>
         <input_file_ref idref="fl-f"/>
      </object_component>
      <object_component id="oc-12c">
         <name>.debug_info</name>
         <load_address>0xb4afa</load_address>
         <run_address>0xb4afa</run_address>
         <size>0x1de1a</size>
         <input_file_ref idref="fl-10"/>
      </object_component>
      <object_component id="oc-134">
         <name>.debug_info</name>
         <load_address>0xd2914</load_address>
         <run_address>0xd2914</run_address>
         <size>0xe27</size>
         <input_file_ref idref="fl-11"/>
      </object_component>
      <object_component id="oc-13c">
         <name>.debug_info</name>
         <load_address>0xd373b</load_address>
         <run_address>0xd373b</run_address>
         <size>0x502</size>
         <input_file_ref idref="fl-1f"/>
      </object_component>
      <object_component id="oc-143">
         <name>.debug_info</name>
         <load_address>0xd3c3d</load_address>
         <run_address>0xd3c3d</run_address>
         <size>0x67e</size>
         <input_file_ref idref="fl-2b"/>
      </object_component>
      <object_component id="oc-14a">
         <name>.debug_info</name>
         <load_address>0xd42bb</load_address>
         <run_address>0xd42bb</run_address>
         <size>0x173</size>
         <input_file_ref idref="fl-2c"/>
      </object_component>
      <object_component id="oc-14f">
         <name>.debug_info</name>
         <load_address>0xd442e</load_address>
         <run_address>0xd442e</run_address>
         <size>0x114</size>
         <input_file_ref idref="fl-2d"/>
      </object_component>
      <object_component id="oc-154">
         <name>.debug_info</name>
         <load_address>0xd4542</load_address>
         <run_address>0xd4542</run_address>
         <size>0x141</size>
         <input_file_ref idref="fl-2e"/>
      </object_component>
      <object_component id="oc-159">
         <name>.debug_info</name>
         <load_address>0xd4683</load_address>
         <run_address>0xd4683</run_address>
         <size>0x1a5</size>
         <input_file_ref idref="fl-2f"/>
      </object_component>
      <object_component id="oc-15d">
         <name>.debug_info</name>
         <load_address>0xd4828</load_address>
         <run_address>0xd4828</run_address>
         <size>0x561</size>
         <input_file_ref idref="fl-30"/>
      </object_component>
      <object_component id="oc-162">
         <name>.debug_info</name>
         <load_address>0xd4d89</load_address>
         <run_address>0xd4d89</run_address>
         <size>0x43a</size>
         <input_file_ref idref="fl-31"/>
      </object_component>
      <object_component id="oc-167">
         <name>.debug_info</name>
         <load_address>0xd51c3</load_address>
         <run_address>0xd51c3</run_address>
         <size>0x3ad</size>
         <input_file_ref idref="fl-32"/>
      </object_component>
      <object_component id="oc-16c">
         <name>.debug_info</name>
         <load_address>0xd5570</load_address>
         <run_address>0xd5570</run_address>
         <size>0x3aa</size>
         <input_file_ref idref="fl-33"/>
      </object_component>
      <object_component id="oc-171">
         <name>.debug_info</name>
         <load_address>0xd591a</load_address>
         <run_address>0xd591a</run_address>
         <size>0x544</size>
         <input_file_ref idref="fl-34"/>
      </object_component>
      <object_component id="oc-178">
         <name>.debug_info</name>
         <load_address>0xd5e5e</load_address>
         <run_address>0xd5e5e</run_address>
         <size>0x4cc</size>
         <input_file_ref idref="fl-35"/>
      </object_component>
      <object_component id="oc-17d">
         <name>.debug_info</name>
         <load_address>0xd632a</load_address>
         <run_address>0xd632a</run_address>
         <size>0x467</size>
         <input_file_ref idref="fl-36"/>
      </object_component>
      <object_component id="oc-182">
         <name>.debug_info</name>
         <load_address>0xd6791</load_address>
         <run_address>0xd6791</run_address>
         <size>0x4aa</size>
         <input_file_ref idref="fl-37"/>
      </object_component>
      <object_component id="oc-187">
         <name>.debug_info</name>
         <load_address>0xd6c3b</load_address>
         <run_address>0xd6c3b</run_address>
         <size>0x26e8</size>
         <input_file_ref idref="fl-38"/>
      </object_component>
      <object_component id="oc-18f">
         <name>.debug_info</name>
         <load_address>0xd9323</load_address>
         <run_address>0xd9323</run_address>
         <size>0x120</size>
         <input_file_ref idref="fl-39"/>
      </object_component>
      <object_component id="oc-194">
         <name>.debug_info</name>
         <load_address>0xd9443</load_address>
         <run_address>0xd9443</run_address>
         <size>0x114</size>
         <input_file_ref idref="fl-3a"/>
      </object_component>
      <object_component id="oc-199">
         <name>.debug_info</name>
         <load_address>0xd9557</load_address>
         <run_address>0xd9557</run_address>
         <size>0x114</size>
         <input_file_ref idref="fl-3b"/>
      </object_component>
      <object_component id="oc-19e">
         <name>.debug_info</name>
         <load_address>0xd966b</load_address>
         <run_address>0xd966b</run_address>
         <size>0x122</size>
         <input_file_ref idref="fl-3c"/>
      </object_component>
      <object_component id="oc-1a3">
         <name>.debug_info</name>
         <load_address>0xd978d</load_address>
         <run_address>0xd978d</run_address>
         <size>0x114</size>
         <input_file_ref idref="fl-3d"/>
      </object_component>
      <object_component id="oc-1a8">
         <name>.debug_info</name>
         <load_address>0xd98a1</load_address>
         <run_address>0xd98a1</run_address>
         <size>0x114</size>
         <input_file_ref idref="fl-3e"/>
      </object_component>
      <object_component id="oc-1ad">
         <name>.debug_info</name>
         <load_address>0xd99b5</load_address>
         <run_address>0xd99b5</run_address>
         <size>0x176</size>
         <input_file_ref idref="fl-3f"/>
      </object_component>
      <object_component id="oc-1b2">
         <name>.debug_info</name>
         <load_address>0xd9b2b</load_address>
         <run_address>0xd9b2b</run_address>
         <size>0x14e</size>
         <input_file_ref idref="fl-40"/>
      </object_component>
      <object_component id="oc-1b7">
         <name>.debug_info</name>
         <load_address>0xd9c79</load_address>
         <run_address>0xd9c79</run_address>
         <size>0x231</size>
         <input_file_ref idref="fl-41"/>
      </object_component>
      <object_component id="oc-1bc">
         <name>.debug_info</name>
         <load_address>0xd9eaa</load_address>
         <run_address>0xd9eaa</run_address>
         <size>0x118</size>
         <input_file_ref idref="fl-42"/>
      </object_component>
      <object_component id="oc-1c1">
         <name>.debug_info</name>
         <load_address>0xd9fc2</load_address>
         <run_address>0xd9fc2</run_address>
         <size>0x118</size>
         <input_file_ref idref="fl-43"/>
      </object_component>
      <object_component id="oc-1c6">
         <name>.debug_info</name>
         <load_address>0xda0da</load_address>
         <run_address>0xda0da</run_address>
         <size>0x11a</size>
         <input_file_ref idref="fl-44"/>
      </object_component>
      <object_component id="oc-1cb">
         <name>.debug_info</name>
         <load_address>0xda1f4</load_address>
         <run_address>0xda1f4</run_address>
         <size>0x114</size>
         <input_file_ref idref="fl-45"/>
      </object_component>
      <object_component id="oc-1cf">
         <name>.debug_info</name>
         <load_address>0xda308</load_address>
         <run_address>0xda308</run_address>
         <size>0x46c</size>
         <input_file_ref idref="fl-46"/>
      </object_component>
      <object_component id="oc-1d4">
         <name>.debug_info</name>
         <load_address>0xda774</load_address>
         <run_address>0xda774</run_address>
         <size>0x41f</size>
         <input_file_ref idref="fl-47"/>
      </object_component>
      <object_component id="oc-1d9">
         <name>.debug_info</name>
         <load_address>0xdab93</load_address>
         <run_address>0xdab93</run_address>
         <size>0x1e7</size>
         <input_file_ref idref="fl-48"/>
      </object_component>
      <object_component id="oc-1db">
         <name>.debug_info</name>
         <load_address>0xdad7a</load_address>
         <run_address>0xdad7a</run_address>
         <size>0x45e</size>
         <input_file_ref idref="fl-49"/>
      </object_component>
      <object_component id="oc-1e0">
         <name>.debug_info</name>
         <load_address>0xdb1d8</load_address>
         <run_address>0xdb1d8</run_address>
         <size>0x502</size>
         <input_file_ref idref="fl-4a"/>
      </object_component>
      <object_component id="oc-1e5">
         <name>.debug_info</name>
         <load_address>0xdb6da</load_address>
         <run_address>0xdb6da</run_address>
         <size>0x4f1</size>
         <input_file_ref idref="fl-4b"/>
      </object_component>
      <object_component id="oc-1ea">
         <name>.debug_info</name>
         <load_address>0xdbbcb</load_address>
         <run_address>0xdbbcb</run_address>
         <size>0x4e5</size>
         <input_file_ref idref="fl-4c"/>
      </object_component>
      <object_component id="oc-1ef">
         <name>.debug_info</name>
         <load_address>0xdc0b0</load_address>
         <run_address>0xdc0b0</run_address>
         <size>0x4a6</size>
         <input_file_ref idref="fl-4d"/>
      </object_component>
      <object_component id="oc-1f5">
         <name>.debug_info</name>
         <load_address>0xdc556</load_address>
         <run_address>0xdc556</run_address>
         <size>0x532</size>
         <input_file_ref idref="fl-4e"/>
      </object_component>
      <object_component id="oc-1fb">
         <name>.debug_info</name>
         <load_address>0xdca88</load_address>
         <run_address>0xdca88</run_address>
         <size>0x40c</size>
         <input_file_ref idref="fl-4f"/>
      </object_component>
      <object_component id="oc-200">
         <name>.debug_info</name>
         <load_address>0xdce94</load_address>
         <run_address>0xdce94</run_address>
         <size>0x423</size>
         <input_file_ref idref="fl-50"/>
      </object_component>
      <object_component id="oc-206">
[...]
      </symbol>
      <symbol id="sm-537">
         <name>_ConfigureTMXAnalogTrim</name>
         <value>0x9cff</value>
         <object_component_ref idref="oc-23c"/>
      </symbol>
      <symbol id="sm-539">
         <name>_CsmUnlock</name>
         <value>0x9c40</value>
         <object_component_ref idref="oc-23c"/>
      </symbol>
      <symbol id="sm-53b">
         <name>_SysIntOsc1Sel</name>
         <value>0x9c61</value>
         <object_component_ref idref="oc-23c"/>
      </symbol>
      <symbol id="sm-53d">
         <name>_ServiceDog</name>
         <value>0x9946</value>
         <object_component_ref idref="oc-23c"/>
      </symbol>
      <symbol id="sm-53f">
         <name>_HIB</name>
         <value>0x9ce2</value>
         <object_component_ref idref="oc-23c"/>
      </symbol>
      <symbol id="sm-541">
         <name>_AuxAuxClkSel</name>
         <value>0x9cab</value>
         <object_component_ref idref="oc-23c"/>
      </symbol>
      <symbol id="sm-543">
         <name>_AuxIntOsc2Sel</name>
         <value>0x9c95</value>
         <object_component_ref idref="oc-23c"/>
      </symbol>
      <symbol id="sm-545">
         <name>_InitAuxPll</name>
         <value>0x9b51</value>
         <object_component_ref idref="oc-23c"/>
      </symbol>
      <symbol id="sm-547">
         <name>_InitSysCtrl</name>
         <value>0x9871</value>
         <object_component_ref idref="oc-23c"/>
      </symbol>
      <symbol id="sm-549">
         <name>_STANDBY</name>
         <value>0x9cbe</value>
         <object_component_ref idref="oc-23c"/>
      </symbol>
      <symbol id="sm-54b">
         <name>_AuxXtalOscSel</name>
         <value>0x9c9f</value>
         <object_component_ref idref="oc-23c"/>
      </symbol>
      <symbol id="sm-558">
         <name>_F28x_usDelay</name>
         <value>0x123</value>
         <object_component_ref idref="oc-122"/>
      </symbol>
      <symbol id="sm-5e2">
         <name>_LED_3</name>
         <value>0x17f9e</value>
         <object_component_ref idref="oc-222"/>
      </symbol>
      <symbol id="sm-5e3">
         <name>_LED_2</name>
         <value>0x17f8f</value>
         <object_component_ref idref="oc-220"/>
      </symbol>
      <symbol id="sm-5e4">
         <name>_LED_1</name>
         <value>0x17f80</value>
         <object_component_ref idref="oc-21e"/>
      </symbol>
      <symbol id="sm-5e5">
         <name>_LED_0</name>
         <value>0x17f30</value>
         <object_component_ref idref="oc-21c"/>
      </symbol>
      <symbol id="sm-5e6">
         <name>_LED_7</name>
         <value>0x17fde</value>
         <object_component_ref idref="oc-22a"/>
      </symbol>
      <symbol id="sm-5e7">
         <name>_LED_6</name>
         <value>0x17fcf</value>
         <object_component_ref idref="oc-228"/>
      </symbol>
      <symbol id="sm-5e8">
         <name>_LED_5</name>
         <value>0x17fc0</value>
         <object_component_ref idref="oc-226"/>
      </symbol>
      <symbol id="sm-5e9">
         <name>_LED_4</name>
         <value>0x17fad</value>
         <object_component_ref idref="oc-224"/>
      </symbol>
      <symbol id="sm-5ea">
         <name>_LED_9</name>
         <value>0x18000</value>
         <object_component_ref idref="oc-22e"/>
      </symbol>
      <symbol id="sm-5eb">
         <name>_LED_8</name>
         <value>0x17fed</value>
         <object_component_ref idref="oc-22c"/>
      </symbol>
      <symbol id="sm-5ec">
         <name>_LED_C</name>
         <value>0x1802d</value>
         <object_component_ref idref="oc-234"/>
      </symbol>
      <symbol id="sm-5ed">
         <name>_LED_B</name>
         <value>0x1801e</value>
         <object_component_ref idref="oc-232"/>
      </symbol>
      <symbol id="sm-5ee">
         <name>_LED_A</name>
         <value>0x1800f</value>
         <object_component_ref idref="oc-230"/>
      </symbol>
      <symbol id="sm-5ef">
         <name>_LED_F</name>
         <value>0x1805e</value>
         <object_component_ref idref="oc-23a"/>
      </symbol>
      <symbol id="sm-5f0">
         <name>_LED_E</name>
         <value>0x1804f</value>
         <object_component_ref idref="oc-238"/>
      </symbol>
      <symbol id="sm-5f1">
         <name>_LED_D</name>
         <value>0x18040</value>
         <object_component_ref idref="oc-236"/>
      </symbol>
      <symbol id="sm-5f2">
         <name>_displayLEDletter</name>
         <value>0xa70e</value>
         <object_component_ref idref="oc-214"/>
      </symbol>
      <symbol id="sm-5f4">
         <name>_setLEDLetter</name>
         <value>0xa688</value>
         <object_component_ref idref="oc-214"/>
      </symbol>
      <symbol id="sm-62e">
         <name>_main</name>
         <value>0x8ce4</value>
         <object_component_ref idref="oc-216"/>
      </symbol>
      <symbol id="sm-630">
         <name>_serialRXA</name>
         <value>0x8fbb</value>
         <object_component_ref idref="oc-216"/>
      </symbol>
      <symbol id="sm-632">
         <name>_cpu_timer2_isr</name>
         <value>0xa649</value>
         <object_component_ref idref="oc-12f"/>
      </symbol>
      <symbol id="sm-634">
         <name>_SPIB_isr</name>
         <value>0xa65b</value>
         <object_component_ref idref="oc-12f"/>
      </symbol>
      <symbol id="sm-636">
         <name>_DanDate</name>
         <value>0x17f4e</value>
         <object_component_ref idref="oc-12e"/>
      </symbol>
      <symbol id="sm-637">
         <name>_RC2</name>
         <value>0x17f43</value>
         <object_component_ref idref="oc-12e"/>
      </symbol>
      <symbol id="sm-638">
         <name>_RC1</name>
         <value>0x17f42</value>
         <object_component_ref idref="oc-12e"/>
      </symbol>
      <symbol id="sm-639">
         <name>_WriteDAN28027RCServo</name>
         <value>0x9224</value>
         <object_component_ref idref="oc-216"/>
      </symbol>
      <symbol id="sm-63b">
         <name>_cpu_timer1_isr</name>
         <value>0xa633</value>
         <object_component_ref idref="oc-12f"/>
      </symbol>
      <symbol id="sm-63d">
         <name>_DanDay</name>
         <value>0x17f4d</value>
         <object_component_ref idref="oc-12e"/>
      </symbol>
      <symbol id="sm-63e">
         <name>_UARTPrint</name>
         <value>0x17f40</value>
         <object_component_ref idref="oc-12e"/>
      </symbol>
      <symbol id="sm-63f">
         <name>_cpu_timer0_isr</name>
         <value>0xa59d</value>
         <object_component_ref idref="oc-12f"/>
      </symbol>
      <symbol id="sm-641">
         <name>_DanRC1</name>
         <value>0x17f46</value>
         <object_component_ref idref="oc-12e"/>
      </symbol>
      <symbol id="sm-642">
         <name>_DanRC2</name>
         <value>0x17f47</value>
         <object_component_ref idref="oc-12e"/>
      </symbol>
      <symbol id="sm-643">
         <name>_setupSPIB</name>
         <value>0x8fc5</value>
         <object_component_ref idref="oc-216"/>
      </symbol>
      <symbol id="sm-645">
         <name>_DanMin</name>
         <value>0x17f4b</value>
         <object_component_ref idref="oc-12e"/>
      </symbol>
      <symbol id="sm-646">
         <name>_ReadI2CB</name>
         <value>0x17f51</value>
         <object_component_ref idref="oc-12e"/>
      </symbol>
      <symbol id="sm-647">
         <name>_numRXA</name>
         <value>0x17f58</value>
         <object_component_ref idref="oc-12e"/>
      </symbol>
      <symbol id="sm-648">
         <name>_DanSec</name>
         <value>0x17f4a</value>
         <object_component_ref idref="oc-12e"/>
      </symbol>
      <symbol id="sm-649">
         <name>_spivalue1</name>
         <value>0x17f52</value>
         <object_component_ref idref="oc-12e"/>
      </symbol>
      <symbol id="sm-64a">
         <name>_ReadDAN28027ADC</name>
         <value>0x927f</value>
         <object_component_ref idref="oc-216"/>
      </symbol>
      <symbol id="sm-64c">
         <name>_LEDdisplaynum</name>
         <value>0x17f41</value>
         <object_component_ref idref="oc-12e"/>
      </symbol>
      <symbol id="sm-64d">
         <name>_DanYear</name>
         <value>0x17f50</value>
         <object_component_ref idref="oc-12e"/>
      </symbol>
      <symbol id="sm-64e">
         <name>_DanADC1</name>
         <value>0x17f48</value>
         <object_component_ref idref="oc-12e"/>
      </symbol>
      <symbol id="sm-64f">
         <name>_DanADC2</name>
         <value>0x17f49</value>
         <object_component_ref idref="oc-12e"/>
      </symbol>
      <symbol id="sm-650">
         <name>_DanHour</name>
         <value>0x17f4c</value>
         <object_component_ref idref="oc-12e"/>
      </symbol>
      <symbol id="sm-651">
         <name>_numSWIcalls</name>
         <value>0x17f56</value>
         <object_component_ref idref="oc-12e"/>
      </symbol>
      <symbol id="sm-652">
         <name>_numTimer0calls</name>
         <value>0x17f54</value>
         <object_component_ref idref="oc-12e"/>
      </symbol>
      <symbol id="sm-653">
         <name>_I2CB_Init</name>
         <value>0x91f4</value>
         <object_component_ref idref="oc-216"/>
      </symbol>
      <symbol id="sm-655">
         <name>_ADC2</name>
         <value>0x17f45</value>
         <object_component_ref idref="oc-12e"/>
      </symbol>
      <symbol id="sm-656">
         <name>_ADC1</name>
         <value>0x17f44</value>
         <object_component_ref idref="oc-12e"/>
      </symbol>
      <symbol id="sm-657">
         <name>_SWI_isr</name>
         <value>0xa583</value>
         <object_component_ref idref="oc-12f"/>
      </symbol>
      <symbol id="sm-659">
         <name>_DanMonth</name>
         <value>0x17f4f</value>
         <object_component_ref idref="oc-12e"/>
      </symbol>
      <symbol id="sm-66a">
         <name>_Example_Fail</name>
         <value>0x17f76</value>
         <object_component_ref idref="oc-136"/>
      </symbol>
      <symbol id="sm-66b">
         <name>_Example_Result</name>
         <value>0x17f72</value>
         <object_component_ref idref="oc-136"/>
      </symbol>
      <symbol id="sm-66c">
         <name>_Example_PassCount</name>
         <value>0x17f74</value>
         <object_component_ref idref="oc-136"/>
      </symbol>
      <symbol id="sm-67b">
         <name>_SysCtl_delay</name>
         <value>0x127</value>
         <object_component_ref idref="oc-13d"/>
      </symbol>
      <symbol id="sm-689">
         <name>_vsprintf</name>
         <value>0xd3f1</value>
         <object_component_ref idref="oc-21a"/>
      </symbol>
      <symbol id="sm-6a5">
         <name>_c_int00</name>
         <value>0xd33a</value>
         <object_component_ref idref="oc-83"/>
      </symbol>
      <symbol id="sm-6a6">
         <name>__stack</name>
         <value>0xb800</value>
         <object_component_ref idref="oc-148"/>
      </symbol>
      <symbol id="sm-6b7">
         <name>FS$$DIV</name>
         <value>0xd1d5</value>
         <object_component_ref idref="oc-14e"/>
      </symbol>
      <symbol id="sm-6c3">
         <name>U$$MOD</name>
         <value>0xd65e</value>
         <object_component_ref idref="oc-153"/>
      </symbol>
      <symbol id="sm-6c4">
         <name>U$$DIV</name>
         <value>0xd659</value>
         <object_component_ref idref="oc-153"/>
      </symbol>
      <symbol id="sm-6d0">
         <name>UL$$MOD</name>
         <value>0xd46f</value>
         <object_component_ref idref="oc-158"/>
      </symbol>
      <symbol id="sm-6d1">
         <name>L$$MOD</name>
         <value>0xd45a</value>
         <object_component_ref idref="oc-158"/>
      </symbol>
      <symbol id="sm-6d2">
         <name>L$$DIV</name>
         <value>0xd44b</value>
         <object_component_ref idref="oc-158"/>
      </symbol>
      <symbol id="sm-6d3">
         <name>UL$$DIV</name>
         <value>0xd468</value>
         <object_component_ref idref="oc-158"/>
      </symbol>
      <symbol id="sm-6e2">
         <name>_copy_in</name>
         <value>0xd511</value>
         <object_component_ref idref="oc-20f"/>
      </symbol>
      <symbol id="sm-6f4">
         <name>_memcpy</name>
         <value>0xd5b0</value>
         <object_component_ref idref="oc-215"/>
      </symbol>
      <symbol id="sm-701">
         <name>__system_pre_init</name>
         <value>0xd693</value>
         <object_component_ref idref="oc-20e"/>
      </symbol>
      <symbol id="sm-70f">
         <name>__system_post_cinit</name>
         <value>0xa7ff</value>
         <object_component_ref idref="oc-210"/>
      </symbol>
      <symbol id="sm-724">
         <name>C$$EXIT</name>
         <value>0xd475</value>
         <object_component_ref idref="oc-212"/>
      </symbol>
      <symbol id="sm-725">
         <name>_exit</name>
         <value>0xd477</value>
         <object_component_ref idref="oc-212"/>
      </symbol>
      <symbol id="sm-727">
         <name>___TI_cleanup_ptr</name>
         <value>0x17f7a</value>
         <object_component_ref idref="oc-173"/>
      </symbol>
      <symbol id="sm-728">
         <name>___TI_enable_exit_profile_output</name>
         <value>0x17f78</value>
         <object_component_ref idref="oc-173"/>
      </symbol>
      <symbol id="sm-729">
         <name>_abort</name>
         <value>0xd475</value>
         <object_component_ref idref="oc-212"/>
      </symbol>
      <symbol id="sm-72b">
         <name>___TI_dtors_ptr</name>
         <value>0x17f7c</value>
         <object_component_ref idref="oc-173"/>
      </symbol>
      <symbol id="sm-73f">
         <name>__unlock</name>
         <value>0x17fbc</value>
         <object_component_ref idref="oc-244"/>
      </symbol>
      <symbol id="sm-740">
         <name>__lock</name>
         <value>0x17f7e</value>
         <object_component_ref idref="oc-217"/>
      </symbol>
      <symbol id="sm-741">
         <name>__register_lock</name>
         <value>0xd668</value>
         <object_component_ref idref="oc-240"/>
      </symbol>
      <symbol id="sm-743">
         <name>__nop</name>
         <value>0xd66c</value>
         <object_component_ref idref="oc-240"/>
      </symbol>
      <symbol id="sm-745">
         <name>__register_unlock</name>
         <value>0xd664</value>
         <object_component_ref idref="oc-240"/>
      </symbol>
      <symbol id="sm-755">
         <name>__args_main</name>
         <value>0xd61d</value>
         <object_component_ref idref="oc-211"/>
      </symbol>
      <symbol id="sm-763">
         <name>_strlen</name>
         <value>0xd67f</value>
         <object_component_ref idref="oc-21b"/>
      </symbol>
      <symbol id="sm-8c4">
         <name>___TI_printfi</name>
         <value>0x8b53</value>
         <object_component_ref idref="oc-242"/>
      </symbol>
      <symbol id="sm-8d5">
         <name>FD$$CMP</name>
         <value>0xd421</value>
         <object_component_ref idref="oc-18e"/>
      </symbol>
      <symbol id="sm-8e7">
         <name>FD$$MPY</name>
         <value>0xd25d</value>
         <object_component_ref idref="oc-193"/>
      </symbol>
      <symbol id="sm-8f4">
         <name>FD$$NEG</name>
         <value>0xd66d</value>
         <object_component_ref idref="oc-198"/>
      </symbol>
      <symbol id="sm-900">
         <name>FD$$SUB</name>
         <value>0xd63f</value>
         <object_component_ref idref="oc-19d"/>
      </symbol>
      <symbol id="sm-90f">
         <name>FD$$TOI</name>
         <value>0xd535</value>
         <object_component_ref idref="oc-1a2"/>
      </symbol>
      <symbol id="sm-91e">
         <name>FD$$TOL</name>
         <value>0xd556</value>
         <object_component_ref idref="oc-1a7"/>
      </symbol>
      <symbol id="sm-92a">
         <name>LL$$AND</name>
         <value>0xd605</value>
         <object_component_ref idref="oc-1ac"/>
      </symbol>
      <symbol id="sm-92b">
         <name>LL$$OR</name>
         <value>0xd60d</value>
         <object_component_ref idref="oc-1ac"/>
      </symbol>
      <symbol id="sm-92c">
         <name>LL$$XOR</name>
         <value>0xd615</value>
         <object_component_ref idref="oc-1ac"/>
      </symbol>
      <symbol id="sm-93a">
         <name>ULL$$CMP</name>
         <value>0xd587</value>
         <object_component_ref idref="oc-1b1"/>
      </symbol>
      <symbol id="sm-93b">
         <name>LL$$CMP</name>
         <value>0xd575</value>
         <object_component_ref idref="oc-1b1"/>
      </symbol>
      <symbol id="sm-967">
         <name>ULL$$MOD</name>
         <value>0xa521</value>
         <object_component_ref idref="oc-1b6"/>
      </symbol>
      <symbol id="sm-968">
         <name>ULL$$DIV</name>
         <value>0xa4f2</value>
         <object_component_ref idref="oc-1b6"/>
      </symbol>
      <symbol id="sm-969">
         <name>LL$$MOD</name>
         <value>0xa4b8</value>
         <object_component_ref idref="oc-1b6"/>
      </symbol>
      <symbol id="sm-96a">
         <name>LL$$DIV</name>
         <value>0xa47c</value>
         <object_component_ref idref="oc-1b6"/>
      </symbol>
      <symbol id="sm-97a">
         <name>I$$TOFD</name>
         <value>0xd593</value>
         <object_component_ref idref="oc-1bb"/>
      </symbol>
      <symbol id="sm-98a">
         <name>L$$TOFD</name>
         <value>0xd5e9</value>
         <object_component_ref idref="oc-1c0"/>
      </symbol>
      <symbol id="sm-99a">
         <name>FS$$TOFD</name>
         <value>0xd5cd</value>
         <object_component_ref idref="oc-1c5"/>
      </symbol>
      <symbol id="sm-9b1">
         <name>FD$$DIV</name>
         <value>0xd14a</value>
         <object_component_ref idref="oc-1ca"/>
      </symbol>
      <symbol id="sm-9bf">
         <name>___TI_ltoa</name>
         <value>0xd3c1</value>
         <object_component_ref idref="oc-246"/>
      </symbol>
      <symbol id="sm-9d4">
         <name>_atoi</name>
         <value>0xd390</value>
         <object_component_ref idref="oc-245"/>
      </symbol>
      <symbol id="sm-9dd">
         <name>__ctypes_</name>
         <value>0xa9c0</value>
         <object_component_ref idref="oc-24e"/>
      </symbol>
      <symbol id="sm-9ec">
         <name>_memccpy</name>
         <value>0xd62f</value>
         <object_component_ref idref="oc-24c"/>
      </symbol>
      <symbol id="sm-9fb">
         <name>_memset</name>
         <value>0xd687</value>
         <object_component_ref idref="oc-24a"/>
      </symbol>
      <symbol id="sm-a0b">
         <name>_strchr</name>
         <value>0xd64d</value>
         <object_component_ref idref="oc-249"/>
      </symbol>
      <symbol id="sm-a19">
         <name>_strcpy</name>
         <value>0xd68e</value>
         <object_component_ref idref="oc-24b"/>
      </symbol>
      <symbol id="sm-a2d">
         <name>_frexpl</name>
         <value>0xd2e0</value>
         <object_component_ref idref="oc-247"/>
      </symbol>
      <symbol id="sm-a4c">
         <name>_scalbnl</name>
         <value>0xd000</value>
         <object_component_ref idref="oc-248"/>
      </symbol>
      <symbol id="sm-a4e">
         <name>_ldexpl</name>
         <value>0xd000</value>
         <object_component_ref idref="oc-248"/>
      </symbol>
      <symbol id="sm-a5c">
         <name>_wcslen</name>
         <value>0xd676</value>
         <object_component_ref idref="oc-24d"/>
      </symbol>
      <symbol id="sm-a6a">
         <name>_copysignl</name>
         <value>0xd4ec</value>
         <object_component_ref idref="oc-24f"/>
      </symbol>
      <symbol id="sm-a86">
         <name>FD$$ADD</name>
         <value>0xd0ae</value>
         <object_component_ref idref="oc-205"/>
      </symbol>
      <symbol id="sm-a90">
         <name>_errno</name>
         <value>0x17f3f</value>
         <object_component_ref idref="oc-20c"/>
      </symbol>
      <symbol id="sm-a93">
         <name>_ReadBQ32000</name>
         <value>0x0</value>
      </symbol>
   </symbol_table>
   <title>Link errors: red sections failed placement</title>
</link_info>
