<?xml version="1.0" encoding="ISO-8859-1" ?>
<link_info>
   <banner>TMS320C2000 Linker Unix v20.2.2.LTS</banner>
   <copyright>Copyright (c) 1996-2018 Texas Instruments Incorporated</copyright>
   <link_time>0x6078c44d</link_time>
   <link_errors>0x0</link_errors>
   <output_file>lab6.out</output_file>
   <entry_point>
      <name>_c_int00</name>
      <address>0x82b0a</address>
   </entry_point>
   <input_file_list>
      <input_file id="fl-2">
         <path>./</path>
         <kind>object</kind>
         <file>F28379dSerial.obj</file>
         <name>F28379dSerial.obj</name>
      </input_file>
      <input_file id="fl-3">
         <path>./</path>
         <kind>object</kind>
         <file>F2837xD_Adc.obj</file>
         <name>F2837xD_Adc.obj</name>
      </input_file>
      <input_file id="fl-4">
         <path>./</path>
         <kind>object</kind>
         <file>F2837xD_CodeStartBranch.obj</file>
         <name>F2837xD_CodeStartBranch.obj</name>
      </input_file>
      <input_file id="fl-5">
         <path>./</path>
         <kind>object</kind>
         <file>F2837xD_CpuTimers.obj</file>
         <name>F2837xD_CpuTimers.obj</name>
      </input_file>
      <input_file id="fl-6">
         <path>./</path>
         <kind>object</kind>
         <file>F2837xD_DefaultISR.obj</file>
         <name>F2837xD_DefaultISR.obj</name>
      </input_file>
      <input_file id="fl-7">
         <path>./</path>
         <kind>object</kind>
         <file>F2837xD_EPwm.obj</file>
         <name>F2837xD_EPwm.obj</name>
      </input_file>
      <input_file id="fl-8">
         <path>./</path>
         <kind>object</kind>
         <file>F2837xD_GlobalVariableDefs.obj</file>
         <name>F2837xD_GlobalVariableDefs.obj</name>
      </input_file>
      <input_file id="fl-9">
         <path>./</path>
         <kind>object</kind>
         <file>F2837xD_Gpio.obj</file>
         <name>F2837xD_Gpio.obj</name>
      </input_file>
      <input_file id="fl-a">
         <path>./</path>
         <kind>object</kind>
         <file>F2837xD_PieCtrl.obj</file>
         <name>F2837xD_PieCtrl.obj</name>
      </input_file>
      <input_file id="fl-b">
         <path>./</path>
         <kind>object</kind>
         <file>F2837xD_PieVect.obj</file>
         <name>F2837xD_PieVect.obj</name>
      </input_file>
      <input_file id="fl-c">
         <path>./</path>
         <kind>object</kind>
         <file>F2837xD_Spi.obj</file>
         <name>F2837xD_Spi.obj</name>
      </input_file>
      <input_file id="fl-d">
         <path>./</path>
         <kind>object</kind>
         <file>F2837xD_SysCtrl.obj</file>
         <name>F2837xD_SysCtrl.obj</name>
      </input_file>
      <input_file id="fl-e">
         <path>./</path>
         <kind>object</kind>
         <file>F2837xD_usDelay.obj</file>
         <name>F2837xD_usDelay.obj</name>
      </input_file>
      <input_file id="fl-f">
         <path>./</path>
         <kind>object</kind>
         <file>LEDPatterns.obj</file>
         <name>LEDPatterns.obj</name>
      </input_file>
      <input_file id="fl-10">
         <path>./</path>
         <kind>object</kind>
         <file>lab6_main.obj</file>
         <name>lab6_main.obj</name>
      </input_file>
      <input_file id="fl-11">
         <path>./device/</path>
         <kind>object</kind>
         <file>device.obj</file>
         <name>device.obj</name>
      </input_file>
      <input_file id="fl-18">
         <kind>object</kind>
         <file>&lt;internal&gt;</file>
         <name>&lt;internal&gt;</name>
      </input_file>
      <input_file id="fl-1f">
         <path>/Users/pranjalsinha/Desktop/SE423/pranjal5/C2000Ware_3_02_00_00_F28379D/driverlib/f2837xd/driverlib/ccs/Debug/</path>
         <kind>archive</kind>
         <file>driverlib_coff.lib</file>
         <name>flash.obj</name>
      </input_file>
      <input_file id="fl-20">
         <path>/Users/pranjalsinha/Desktop/SE423/pranjal5/C2000Ware_3_02_00_00_F28379D/driverlib/f2837xd/driverlib/ccs/Debug/</path>
         <kind>archive</kind>
         <file>driverlib_coff.lib</file>
         <name>sysctl.obj</name>
      </input_file>
      <input_file id="fl-2c">
         <path>/Applications/ti/ccs1020/ccs/tools/compiler/ti-cgt-c2000_20.2.2.LTS/lib/</path>
         <kind>archive</kind>
         <file>rts2800_fpu32.lib</file>
         <name>vsprintf.c.obj</name>
      </input_file>
      <input_file id="fl-2d">
         <path>/Applications/ti/ccs1020/ccs/tools/compiler/ti-cgt-c2000_20.2.2.LTS/lib/</path>
         <kind>archive</kind>
         <file>rts2800_fpu32.lib</file>
         <name>s_cosf.c.obj</name>
      </input_file>
      <input_file id="fl-2e">
         <path>/Applications/ti/ccs1020/ccs/tools/compiler/ti-cgt-c2000_20.2.2.LTS/lib/</path>
         <kind>archive</kind>
         <file>rts2800_fpu32.lib</file>
         <name>s_sinf.c.obj</name>
      </input_file>
      <input_file id="fl-2f">
         <path>/Applications/ti/ccs1020/ccs/tools/compiler/ti-cgt-c2000_20.2.2.LTS/lib/</path>
         <kind>archive</kind>
         <file>rts2800_fpu32.lib</file>
         <name>boot28.asm.obj</name>
      </input_file>
      <input_file id="fl-30">
         <path>/Applications/ti/ccs1020/ccs/tools/compiler/ti-cgt-c2000_20.2.2.LTS/lib/</path>
         <kind>archive</kind>
         <file>rts2800_fpu32.lib</file>
         <name>fs_div28.asm.obj</name>
      </input_file>
      <input_file id="fl-31">
         <path>/Applications/ti/ccs1020/ccs/tools/compiler/ti-cgt-c2000_20.2.2.LTS/lib/</path>
         <kind>archive</kind>
         <file>rts2800_fpu32.lib</file>
         <name>u_div28.asm.obj</name>
      </input_file>
      <input_file id="fl-32">
         <path>/Applications/ti/ccs1020/ccs/tools/compiler/ti-cgt-c2000_20.2.2.LTS/lib/</path>
         <kind>archive</kind>
         <file>rts2800_fpu32.lib</file>
         <name>l_div28.asm.obj</name>
      </input_file>
      <input_file id="fl-33">
         <path>/Applications/ti/ccs1020/ccs/tools/compiler/ti-cgt-c2000_20.2.2.LTS/lib/</path>
         <kind>archive</kind>
         <file>rts2800_fpu32.lib</file>
         <name>cpy_tbl.c.obj</name>
      </input_file>
      <input_file id="fl-34">
         <path>/Applications/ti/ccs1020/ccs/tools/compiler/ti-cgt-c2000_20.2.2.LTS/lib/</path>
         <kind>archive</kind>
         <file>rts2800_fpu32.lib</file>
         <name>memcpy.c.obj</name>
      </input_file>
      <input_file id="fl-35">
         <path>/Applications/ti/ccs1020/ccs/tools/compiler/ti-cgt-c2000_20.2.2.LTS/lib/</path>
         <kind>archive</kind>
         <file>rts2800_fpu32.lib</file>
         <name>pre_init.c.obj</name>
      </input_file>
      <input_file id="fl-36">
         <path>/Applications/ti/ccs1020/ccs/tools/compiler/ti-cgt-c2000_20.2.2.LTS/lib/</path>
         <kind>archive</kind>
         <file>rts2800_fpu32.lib</file>
         <name>startup.c.obj</name>
      </input_file>
      <input_file id="fl-37">
         <path>/Applications/ti/ccs1020/ccs/tools/compiler/ti-cgt-c2000_20.2.2.LTS/lib/</path>
         <kind>archive</kind>
         <file>rts2800_fpu32.lib</file>
         <name>exit.c.obj</name>
      </input_file>
      <input_file id="fl-38">
         <path>/Applications/ti/ccs1020/ccs/tools/compiler/ti-cgt-c2000_20.2.2.LTS/lib/</path>
         <kind>archive</kind>
         <file>rts2800_fpu32.lib</file>
         <name>_lock.c.obj</name>
      </input_file>
      <input_file id="fl-39">
         <path>/Applications/ti/ccs1020/ccs/tools/compiler/ti-cgt-c2000_20.2.2.LTS/lib/</path>
         <kind>archive</kind>
         <file>rts2800_fpu32.lib</file>
         <name>args_main.c.obj</name>
      </input_file>
      <input_file id="fl-3a">
         <path>/Applications/ti/ccs1020/ccs/tools/compiler/ti-cgt-c2000_20.2.2.LTS/lib/</path>
         <kind>archive</kind>
         <file>rts2800_fpu32.lib</file>
         <name>strlen.c.obj</name>
      </input_file>
      <input_file id="fl-3b">
         <path>/Applications/ti/ccs1020/ccs/tools/compiler/ti-cgt-c2000_20.2.2.LTS/lib/</path>
         <kind>archive</kind>
         <file>rts2800_fpu32.lib</file>
         <name>_printfi.c.obj</name>
      </input_file>
      <input_file id="fl-3c">
         <path>/Applications/ti/ccs1020/ccs/tools/compiler/ti-cgt-c2000_20.2.2.LTS/lib/</path>
         <kind>archive</kind>
         <file>rts2800_fpu32.lib</file>
         <name>fd_cmp28.asm.obj</name>
      </input_file>
      <input_file id="fl-3d">
         <path>/Applications/ti/ccs1020/ccs/tools/compiler/ti-cgt-c2000_20.2.2.LTS/lib/</path>
         <kind>archive</kind>
         <file>rts2800_fpu32.lib</file>
         <name>fd_mpy28.asm.obj</name>
      </input_file>
      <input_file id="fl-3e">
         <path>/Applications/ti/ccs1020/ccs/tools/compiler/ti-cgt-c2000_20.2.2.LTS/lib/</path>
         <kind>archive</kind>
         <file>rts2800_fpu32.lib</file>
         <name>fd_neg28.asm.obj</name>
      </input_file>
      <input_file id="fl-3f">
         <path>/Applications/ti/ccs1020/ccs/tools/compiler/ti-cgt-c2000_20.2.2.LTS/lib/</path>
         <kind>archive</kind>
         <file>rts2800_fpu32.lib</file>
         <name>fd_sub28.asm.obj</name>
      </input_file>
      <input_file id="fl-40">
         <path>/Applications/ti/ccs1020/ccs/tools/compiler/ti-cgt-c2000_20.2.2.LTS/lib/</path>
         <kind>archive</kind>
         <file>rts2800_fpu32.lib</file>
         <name>fd_toi28.asm.obj</name>
      </input_file>
      <input_file id="fl-41">
         <path>/Applications/ti/ccs1020/ccs/tools/compiler/ti-cgt-c2000_20.2.2.LTS/lib/</path>
         <kind>archive</kind>
         <file>rts2800_fpu32.lib</file>
         <name>fd_tol28.asm.obj</name>
      </input_file>
      <input_file id="fl-42">
         <path>/Applications/ti/ccs1020/ccs/tools/compiler/ti-cgt-c2000_20.2.2.LTS/lib/</path>
         <kind>archive</kind>
         <file>rts2800_fpu32.lib</file>
         <name>ll_aox28.asm.obj</name>
      </input_file>
      <input_file id="fl-43">
         <path>/Applications/ti/ccs1020/ccs/tools/compiler/ti-cgt-c2000_20.2.2.LTS/lib/</path>
         <kind>archive</kind>
         <file>rts2800_fpu32.lib</file>
         <name>ll_cmp28.asm.obj</name>
      </input_file>
      <input_file id="fl-44">
         <path>/Applications/ti/ccs1020/ccs/tools/compiler/ti-cgt-c2000_20.2.2.LTS/lib/</path>
         <kind>archive</kind>
         <file>rts2800_fpu32.lib</file>
         <name>ll_div28.asm.obj</name>
      </input_file>
      <input_file id="fl-45">
         <path>/Applications/ti/ccs1020/ccs/tools/compiler/ti-cgt-c2000_20.2.2.LTS/lib/</path>
         <kind>archive</kind>
         <file>rts2800_fpu32.lib</file>
         <name>i_tofd28.asm.obj</name>
      </input_file>
      <input_file id="fl-46">
         <path>/Applications/ti/ccs1020/ccs/tools/compiler/ti-cgt-c2000_20.2.2.LTS/lib/</path>
         <kind>archive</kind>
         <file>rts2800_fpu32.lib</file>
         <name>l_tofd28.asm.obj</name>
      </input_file>
      <input_file id="fl-47">
         <path>/Applications/ti/ccs1020/ccs/tools/compiler/ti-cgt-c2000_20.2.2.LTS/lib/</path>
         <kind>archive</kind>
         <file>rts2800_fpu32.lib</file>
         <name>fs_tofdfpu32.asm.obj</name>
      </input_file>
      <input_file id="fl-48">
         <path>/Applications/ti/ccs1020/ccs/tools/compiler/ti-cgt-c2000_20.2.2.LTS/lib/</path>
         <kind>archive</kind>
         <file>rts2800_fpu32.lib</file>
         <name>fd_div28.asm.obj</name>
      </input_file>
      <input_file id="fl-49">
         <path>/Applications/ti/ccs1020/ccs/tools/compiler/ti-cgt-c2000_20.2.2.LTS/lib/</path>
         <kind>archive</kind>
         <file>rts2800_fpu32.lib</file>
         <name>_ltoa.c.obj</name>
      </input_file>
      <input_file id="fl-4a">
         <path>/Applications/ti/ccs1020/ccs/tools/compiler/ti-cgt-c2000_20.2.2.LTS/lib/</path>
         <kind>archive</kind>
         <file>rts2800_fpu32.lib</file>
         <name>atoi.c.obj</name>
      </input_file>
      <input_file id="fl-4b">
         <path>/Applications/ti/ccs1020/ccs/tools/compiler/ti-cgt-c2000_20.2.2.LTS/lib/</path>
         <kind>archive</kind>
         <file>rts2800_fpu32.lib</file>
         <name>ctype.c.obj</name>
      </input_file>
      <input_file id="fl-4c">
         <path>/Applications/ti/ccs1020/ccs/tools/compiler/ti-cgt-c2000_20.2.2.LTS/lib/</path>
         <kind>archive</kind>
         <file>rts2800_fpu32.lib</file>
         <name>memccpy.c.obj</name>
      </input_file>
      <input_file id="fl-4d">
         <path>/Applications/ti/ccs1020/ccs/tools/compiler/ti-cgt-c2000_20.2.2.LTS/lib/</path>
         <kind>archive</kind>
         <file>rts2800_fpu32.lib</file>
         <name>memset.c.obj</name>
      </input_file>
      <input_file id="fl-4e">
         <path>/Applications/ti/ccs1020/ccs/tools/compiler/ti-cgt-c2000_20.2.2.LTS/lib/</path>
         <kind>archive</kind>
         <file>rts2800_fpu32.lib</file>
         <name>strchr.c.obj</name>
      </input_file>
      <input_file id="fl-4f">
         <path>/Applications/ti/ccs1020/ccs/tools/compiler/ti-cgt-c2000_20.2.2.LTS/lib/</path>
         <kind>archive</kind>
         <file>rts2800_fpu32.lib</file>
         <name>strcpy.c.obj</name>
      </input_file>
      <input_file id="fl-50">
         <path>/Applications/ti/ccs1020/ccs/tools/compiler/ti-cgt-c2000_20.2.2.LTS/lib/</path>
         <kind>archive</kind>
         <file>rts2800_fpu32.lib</file>
         <name>s_frexp.c.obj</name>
      </input_file>
      <input_file id="fl-51">
         <path>/Applications/ti/ccs1020/ccs/tools/compiler/ti-cgt-c2000_20.2.2.LTS/lib/</path>
         <kind>archive</kind>
         <file>rts2800_fpu32.lib</file>
         <name>s_scalbn.c.obj</name>
      </input_file>
      <input_file id="fl-52">
         <path>/Applications/ti/ccs1020/ccs/tools/compiler/ti-cgt-c2000_20.2.2.LTS/lib/</path>
         <kind>archive</kind>
         <file>rts2800_fpu32.lib</file>
         <name>wcslen.c.obj</name>
      </input_file>
      <input_file id="fl-53">
         <path>/Applications/ti/ccs1020/ccs/tools/compiler/ti-cgt-c2000_20.2.2.LTS/lib/</path>
         <kind>archive</kind>
         <file>rts2800_fpu32.lib</file>
         <name>s_copysign.c.obj</name>
      </input_file>
      <input_file id="fl-54">
         <path>/Applications/ti/ccs1020/ccs/tools/compiler/ti-cgt-c2000_20.2.2.LTS/lib/</path>
         <kind>archive</kind>
         <file>rts2800_fpu32.lib</file>
         <name>fd_add28.asm.obj</name>
      </input_file>
      <input_file id="fl-55">
         <path>/Applications/ti/ccs1020/ccs/tools/compiler/ti-cgt-c2000_20.2.2.LTS/lib/</path>
         <kind>archive</kind>
         <file>rts2800_fpu32.lib</file>
         <name>errno.c.obj</name>
      </input_file>
   </input_file_list>
   <object_component_list>
      <object_component id="oc-12e">
         <name>.cinit</name>
         <load_address>0x83580</load_address>
         <run_address>0x83580</run_address>
         <size>0x132</size>
         <input_file_ref idref="fl-10"/>
      </object_component>
      <object_component id="oc-137">
         <name>.cinit</name>
         <load_address>0x836b2</load_address>
         <run_address>0x836b2</run_address>
         <size>0xf</size>
         <input_file_ref idref="fl-11"/>
      </object_component>
      <object_component id="oc-184">
         <name>.cinit</name>
         <load_address>0x836c1</load_address>
         <run_address>0x836c1</run_address>
         <size>0xe</size>
         <input_file_ref idref="fl-37"/>
      </object_component>
      <object_component id="oc-22c">
         <name>.cinit:__lock</name>
         <load_address>0x836cf</load_address>
         <run_address>0x836cf</run_address>
         <size>0x5</size>
         <input_file_ref idref="fl-38"/>
      </object_component>
      <object_component id="oc-235">
         <name>.cinit:__unlock</name>
         <load_address>0x836d4</load_address>
         <run_address>0x836d4</run_address>
         <size>0x5</size>
         <input_file_ref idref="fl-38"/>
      </object_component>
      <object_component id="oc-21d">
         <name>.cinit</name>
         <load_address>0x836d9</load_address>
         <run_address>0x836d9</run_address>
         <size>0x4</size>
         <input_file_ref idref="fl-55"/>
      </object_component>
      <object_component id="oc-236">
         <name>.text</name>
         <load_address>0x80008</load_address>
         <run_address>0x80008</run_address>
         <size>0xce4</size>
         <input_file_ref idref="fl-3b"/>
      </object_component>
      <object_component id="oc-227">
         <name>.text</name>
         <load_address>0x80cec</load_address>
         <run_address>0x80cec</run_address>
         <size>0x612</size>
         <input_file_ref idref="fl-10"/>
      </object_component>
      <object_component id="oc-9d">
         <name>.text:retain</name>
         <load_address>0x812fe</load_address>
         <run_address>0x812fe</run_address>
         <size>0x585</size>
         <input_file_ref idref="fl-6"/>
      </object_component>
      <object_component id="oc-230">
         <name>.text</name>
         <load_address>0x81883</load_address>
         <run_address>0x81883</run_address>
         <size>0x4b4</size>
         <input_file_ref idref="fl-d"/>
      </object_component>
      <object_component id="oc-226">
         <name>.text</name>
         <load_address>0x81d37</load_address>
         <run_address>0x81d37</run_address>
         <size>0x2b2</size>
         <input_file_ref idref="fl-2"/>
      </object_component>
      <object_component id="oc-223">
         <name>.text</name>
         <load_address>0x81fe9</load_address>
         <run_address>0x81fe9</run_address>
         <size>0x12</size>
         <input_file_ref idref="fl-39"/>
      </object_component>
      <object_component id="oc-240">
         <name>.text</name>
         <load_address>0x81ffb</load_address>
         <run_address>0x81ffb</run_address>
         <size>0x5</size>
         <input_file_ref idref="fl-4f"/>
      </object_component>
      <object_component id="oc-130">
         <name>.text:retain</name>
         <load_address>0x82000</load_address>
         <run_address>0x82000</run_address>
         <size>0x34d</size>
         <input_file_ref idref="fl-10"/>
      </object_component>
      <object_component id="oc-22d">
         <name>.text</name>
         <load_address>0x8234d</load_address>
         <run_address>0x8234d</run_address>
         <size>0x244</size>
         <input_file_ref idref="fl-9"/>
      </object_component>
      <object_component id="oc-1c8">
         <name>.text</name>
         <load_address>0x82591</load_address>
         <run_address>0x82591</run_address>
         <size>0x107</size>
         <input_file_ref idref="fl-44"/>
      </object_component>
      <object_component id="oc-23d">
         <name>.text</name>
         <load_address>0x82698</load_address>
         <run_address>0x82698</run_address>
         <size>0xae</size>
         <input_file_ref idref="fl-51"/>
      </object_component>
      <object_component id="oc-217">
         <name>.text</name>
         <load_address>0x82746</load_address>
         <run_address>0x82746</run_address>
         <size>0x9c</size>
         <input_file_ref idref="fl-54"/>
      </object_component>
      <object_component id="oc-1dc">
         <name>.text</name>
         <load_address>0x827e2</load_address>
         <run_address>0x827e2</run_address>
         <size>0x8b</size>
         <input_file_ref idref="fl-48"/>
      </object_component>
      <object_component id="oc-160">
         <name>.text</name>
         <load_address>0x8286d</load_address>
         <run_address>0x8286d</run_address>
         <size>0x88</size>
         <input_file_ref idref="fl-30"/>
      </object_component>
      <object_component id="oc-1a5">
         <name>.text</name>
         <load_address>0x828f5</load_address>
         <run_address>0x828f5</run_address>
         <size>0x83</size>
         <input_file_ref idref="fl-3d"/>
      </object_component>
      <object_component id="oc-233">
         <name>.text</name>
         <load_address>0x82978</load_address>
         <run_address>0x82978</run_address>
         <size>0x7c</size>
         <input_file_ref idref="fl-5"/>
      </object_component>
      <object_component id="oc-228">
         <name>.text</name>
         <load_address>0x829f4</load_address>
         <run_address>0x829f4</run_address>
         <size>0x63</size>
         <input_file_ref idref="fl-2d"/>
      </object_component>
      <object_component id="oc-23c">
         <name>.text</name>
         <load_address>0x82a57</load_address>
         <run_address>0x82a57</run_address>
         <size>0x5a</size>
         <input_file_ref idref="fl-50"/>
      </object_component>
      <object_component id="oc-229">
         <name>.text</name>
         <load_address>0x82ab1</load_address>
         <run_address>0x82ab1</run_address>
         <size>0x59</size>
         <input_file_ref idref="fl-2e"/>
      </object_component>
      <object_component id="oc-84">
         <name>.text</name>
         <load_address>0x82b0a</load_address>
         <run_address>0x82b0a</run_address>
         <size>0x56</size>
         <input_file_ref idref="fl-2f"/>
      </object_component>
      <object_component id="oc-23a">
         <name>.text</name>
         <load_address>0x82b60</load_address>
         <run_address>0x82b60</run_address>
         <size>0x31</size>
         <input_file_ref idref="fl-4a"/>
      </object_component>
      <object_component id="oc-23b">
         <name>.text</name>
         <load_address>0x82b91</load_address>
         <run_address>0x82b91</run_address>
         <size>0x30</size>
         <input_file_ref idref="fl-49"/>
      </object_component>
      <object_component id="oc-22e">
         <name>.text</name>
         <load_address>0x82bc1</load_address>
         <run_address>0x82bc1</run_address>
         <size>0x30</size>
         <input_file_ref idref="fl-2c"/>
      </object_component>
      <object_component id="oc-1a0">
         <name>.text</name>
         <load_address>0x82bf1</load_address>
         <run_address>0x82bf1</run_address>
         <size>0x2a</size>
         <input_file_ref idref="fl-3c"/>
      </object_component>
      <object_component id="oc-16a">
         <name>.text</name>
         <load_address>0x82c1b</load_address>
         <run_address>0x82c1b</run_address>
         <size>0x2a</size>
         <input_file_ref idref="fl-32"/>
      </object_component>
      <object_component id="oc-224">
         <name>.text</name>
         <load_address>0x82c45</load_address>
         <run_address>0x82c45</run_address>
         <size>0x29</size>
         <input_file_ref idref="fl-37"/>
      </object_component>
      <object_component id="oc-231">
         <name>.text</name>
         <load_address>0x82c6e</load_address>
         <run_address>0x82c6e</run_address>
         <size>0x28</size>
         <input_file_ref idref="fl-a"/>
      </object_component>
      <object_component id="oc-232">
         <name>.text</name>
         <load_address>0x82c96</load_address>
         <run_address>0x82c96</run_address>
         <size>0x26</size>
         <input_file_ref idref="fl-b"/>
      </object_component>
      <object_component id="oc-244">
         <name>.text</name>
         <load_address>0x82cbc</load_address>
         <run_address>0x82cbc</run_address>
         <size>0x25</size>
         <input_file_ref idref="fl-53"/>
      </object_component>
      <object_component id="oc-221">
         <name>.text</name>
         <load_address>0x82ce1</load_address>
         <run_address>0x82ce1</run_address>
         <size>0x24</size>
         <input_file_ref idref="fl-33"/>
      </object_component>
      <object_component id="oc-1b4">
         <name>.text</name>
         <load_address>0x82d05</load_address>
         <run_address>0x82d05</run_address>
         <size>0x21</size>
         <input_file_ref idref="fl-40"/>
      </object_component>
      <object_component id="oc-1b9">
         <name>.text</name>
         <load_address>0x82d26</load_address>
         <run_address>0x82d26</run_address>
         <size>0x1f</size>
         <input_file_ref idref="fl-41"/>
      </object_component>
      <object_component id="oc-1c3">
         <name>.text</name>
         <load_address>0x82d45</load_address>
         <run_address>0x82d45</run_address>
         <size>0x1e</size>
         <input_file_ref idref="fl-43"/>
      </object_component>
      <object_component id="oc-1cd">
         <name>.text</name>
         <load_address>0x82d63</load_address>
         <run_address>0x82d63</run_address>
         <size>0x1d</size>
         <input_file_ref idref="fl-45"/>
      </object_component>
      <object_component id="oc-22a">
         <name>.text</name>
         <load_address>0x82d80</load_address>
         <run_address>0x82d80</run_address>
         <size>0x1d</size>
         <input_file_ref idref="fl-34"/>
      </object_component>
      <object_component id="oc-1d7">
         <name>.text</name>
         <load_address>0x82d9d</load_address>
         <run_address>0x82d9d</run_address>
         <size>0x1c</size>
         <input_file_ref idref="fl-47"/>
      </object_component>
      <object_component id="oc-1d2">
         <name>.text</name>
         <load_address>0x82db9</load_address>
         <run_address>0x82db9</run_address>
         <size>0x1c</size>
         <input_file_ref idref="fl-46"/>
      </object_component>
      <object_component id="oc-1be">
         <name>.text</name>
         <load_address>0x82dd5</load_address>
         <run_address>0x82dd5</run_address>
         <size>0x18</size>
         <input_file_ref idref="fl-42"/>
      </object_component>
      <object_component id="oc-241">
         <name>.text</name>
         <load_address>0x82ded</load_address>
         <run_address>0x82ded</run_address>
         <size>0x10</size>
         <input_file_ref idref="fl-4c"/>
      </object_component>
      <object_component id="oc-1af">
         <name>.text</name>
         <load_address>0x82dfd</load_address>
         <run_address>0x82dfd</run_address>
         <size>0xe</size>
         <input_file_ref idref="fl-3f"/>
      </object_component>
      <object_component id="oc-23e">
         <name>.text</name>
         <load_address>0x82e0b</load_address>
         <run_address>0x82e0b</run_address>
         <size>0xc</size>
         <input_file_ref idref="fl-4e"/>
      </object_component>
      <object_component id="oc-165">
         <name>.text</name>
         <load_address>0x82e17</load_address>
         <run_address>0x82e17</run_address>
         <size>0xb</size>
         <input_file_ref idref="fl-31"/>
      </object_component>
      <object_component id="oc-234">
         <name>.text</name>
         <load_address>0x82e22</load_address>
         <run_address>0x82e22</run_address>
         <size>0x9</size>
         <input_file_ref idref="fl-38"/>
      </object_component>
      <object_component id="oc-1aa">
         <name>.text</name>
         <load_address>0x82e2b</load_address>
         <run_address>0x82e2b</run_address>
         <size>0x9</size>
         <input_file_ref idref="fl-3e"/>
      </object_component>
      <object_component id="oc-242">
         <name>.text</name>
         <load_address>0x82e34</load_address>
         <run_address>0x82e34</run_address>
         <size>0x9</size>
         <input_file_ref idref="fl-52"/>
      </object_component>
      <object_component id="oc-22f">
         <name>.text</name>
         <load_address>0x82e3d</load_address>
         <run_address>0x82e3d</run_address>
         <size>0x8</size>
         <input_file_ref idref="fl-3a"/>
      </object_component>
      <object_component id="oc-23f">
         <name>.text</name>
         <load_address>0x82e45</load_address>
         <run_address>0x82e45</run_address>
         <size>0x7</size>
         <input_file_ref idref="fl-4d"/>
      </object_component>
      <object_component id="oc-220">
         <name>.text</name>
         <load_address>0x82e4c</load_address>
         <run_address>0x82e4c</run_address>
         <size>0x2</size>
         <input_file_ref idref="fl-35"/>
      </object_component>
      <object_component id="oc-222">
         <name>.text</name>
         <load_address>0x82e4e</load_address>
         <run_address>0x82e4e</run_address>
         <size>0x1</size>
         <input_file_ref idref="fl-36"/>
      </object_component>
      <object_component id="oc-91">
         <name>codestart</name>
         <load_address>0x80000</load_address>
         <run_address>0x80000</run_address>
         <size>0x2</size>
         <input_file_ref idref="fl-4"/>
      </object_component>
      <object_component id="oc-15a">
         <name>.stack</name>
         <uninitialized>true</uninitialized>
         <run_address>0xb000</run_address>
         <size>0x0</size>
         <input_file_ref idref="fl-2f"/>
      </object_component>
      <object_component id="oc-2ce">
         <name>.stack</name>
         <uninitialized>true</uninitialized>
         <run_address>0xb000</run_address>
         <size>0x0</size>
      </object_component>
      <object_component id="oc-15b">
         <name>.reset</name>
         <load_address>0x3fffc0</load_address>
         <run_address>0x3fffc0</run_address>
         <size>0x2</size>
         <input_file_ref idref="fl-2f"/>
      </object_component>
      <object_component id="oc-86">
         <name>.ebss</name>
         <uninitialized>true</uninitialized>
         <run_address>0xd000</run_address>
         <size>0x2f30</size>
         <input_file_ref idref="fl-2"/>
      </object_component>
      <object_component id="oc-138">
         <name>.ebss</name>
         <uninitialized>true</uninitialized>
         <run_address>0xff30</run_address>
         <size>0x6</size>
         <input_file_ref idref="fl-11"/>
      </object_component>
      <object_component id="oc-185">
         <name>.ebss</name>
         <uninitialized>true</uninitialized>
         <run_address>0xff36</run_address>
         <size>0x6</size>
         <input_file_ref idref="fl-37"/>
      </object_component>
      <object_component id="oc-22b">
         <name>.ebss:__lock</name>
         <uninitialized>true</uninitialized>
         <run_address>0xff3c</run_address>
         <size>0x2</size>
         <input_file_ref idref="fl-38"/>
      </object_component>
      <object_component id="oc-239">
         <name>.ebss:__unlock</name>
         <uninitialized>true</uninitialized>
         <run_address>0xff3e</run_address>
         <size>0x2</size>
         <input_file_ref idref="fl-38"/>
      </object_component>
      <object_component id="oc-12f">
         <name>.ebss</name>
         <uninitialized>true</uninitialized>
         <run_address>0xff40</run_address>
         <size>0x7c</size>
         <input_file_ref idref="fl-10"/>
      </object_component>
      <object_component id="oc-21e">
         <name>.ebss</name>
         <uninitialized>true</uninitialized>
         <run_address>0xffbc</run_address>
         <size>0x1</size>
         <input_file_ref idref="fl-55"/>
      </object_component>
      <object_component id="oc-97">
         <name>.ebss</name>
         <uninitialized>true</uninitialized>
         <run_address>0xffc0</run_address>
         <size>0x18</size>
         <input_file_ref idref="fl-5"/>
      </object_component>
      <object_component id="oc-238">
         <name>.econst:_PieVectTableInit</name>
         <load_address>0x82e50</load_address>
         <run_address>0x82e50</run_address>
         <size>0x1c0</size>
         <input_file_ref idref="fl-b"/>
      </object_component>
      <object_component id="oc-243">
         <name>.econst:.string:__ctypes_</name>
         <load_address>0x83010</load_address>
         <run_address>0x83010</run_address>
         <size>0x101</size>
         <input_file_ref idref="fl-4b"/>
      </object_component>
      <object_component id="oc-13f">
         <name>.econst:.string</name>
         <load_address>0x83112</load_address>
         <run_address>0x83112</run_address>
         <size>0xbf</size>
         <input_file_ref idref="fl-1f"/>
      </object_component>
      <object_component id="oc-146">
         <name>.econst:.string</name>
         <load_address>0x831d2</load_address>
         <run_address>0x831d2</run_address>
         <size>0x60</size>
         <input_file_ref idref="fl-20"/>
      </object_component>
      <object_component id="oc-19b">
         <name>.econst:.string</name>
         <load_address>0x83232</load_address>
         <run_address>0x83232</run_address>
         <size>0x26</size>
         <input_file_ref idref="fl-3b"/>
      </object_component>
      <object_component id="oc-131">
         <name>.econst:.string</name>
         <load_address>0x83258</load_address>
         <run_address>0x83258</run_address>
         <size>0x1e</size>
         <input_file_ref idref="fl-10"/>
      </object_component>
      <object_component id="oc-19a">
         <name>.econst</name>
         <load_address>0x83276</load_address>
         <run_address>0x83276</run_address>
         <size>0x1c</size>
         <input_file_ref idref="fl-3b"/>
      </object_component>
      <object_component id="oc-208">
         <name>.econst</name>
         <load_address>0x83292</load_address>
         <run_address>0x83292</run_address>
         <size>0x1c</size>
         <input_file_ref idref="fl-51"/>
      </object_component>
      <object_component id="oc-139">
         <name>.econst:.string</name>
         <load_address>0x832ae</load_address>
         <run_address>0x832ae</run_address>
         <size>0x13</size>
         <input_file_ref idref="fl-11"/>
      </object_component>
      <object_component id="oc-202">
         <name>.econst</name>
         <load_address>0x832c2</load_address>
         <run_address>0x832c2</run_address>
         <size>0x8</size>
         <input_file_ref idref="fl-50"/>
      </object_component>
      <object_component id="oc-87">
         <name>.TI.ramfunc:retain</name>
         <load_address>0x832d0</load_address>
         <run_address>0x8000</run_address>
         <size>0x1e0</size>
         <input_file_ref idref="fl-2"/>
      </object_component>
      <object_component id="oc-225">
         <name>.TI.ramfunc</name>
         <load_address>0x834b0</load_address>
         <run_address>0x81e0</run_address>
         <size>0x8a</size>
         <input_file_ref idref="fl-2"/>
      </object_component>
      <object_component id="oc-237">
         <name>.TI.ramfunc</name>
         <load_address>0x8353a</load_address>
         <run_address>0x826a</run_address>
         <size>0x37</size>
         <input_file_ref idref="fl-d"/>
      </object_component>
      <object_component id="oc-123">
         <name>.TI.ramfunc</name>
         <load_address>0x83571</load_address>
         <run_address>0x82a1</run_address>
         <size>0x4</size>
         <input_file_ref idref="fl-e"/>
      </object_component>
      <object_component id="oc-145">
         <name>.TI.ramfunc</name>
         <load_address>0x83575</load_address>
         <run_address>0x82a5</run_address>
         <size>0x4</size>
         <input_file_ref idref="fl-20"/>
      </object_component>
      <object_component id="oc-108">
         <name>PieVectTableFile</name>
         <uninitialized>true</uninitialized>
         <run_address>0xd00</run_address>
         <size>0x1c0</size>
         <input_file_ref idref="fl-8"/>
      </object_component>
      <object_component id="oc-a8">
         <name>EmuBModeVar</name>
         <uninitialized>true</uninitialized>
         <run_address>0xd00</run_address>
         <size>0x1</size>
         <input_file_ref idref="fl-8"/>
      </object_component>
      <object_component id="oc-a9">
         <name>EmuBootPinsVar</name>
         <uninitialized>true</uninitialized>
         <run_address>0xd01</run_address>
         <size>0x1</size>
         <input_file_ref idref="fl-8"/>
      </object_component>
      <object_component id="oc-bf">
         <name>AdcaResultFile</name>
         <uninitialized>true</uninitialized>
         <run_address>0xb00</run_address>
         <size>0x18</size>
         <input_file_ref idref="fl-8"/>
      </object_component>
      <object_component id="oc-c0">
         <name>AdcbResultFile</name>
         <uninitialized>true</uninitialized>
         <run_address>0xb20</run_address>
         <size>0x18</size>
         <input_file_ref idref="fl-8"/>
      </object_component>
      <object_component id="oc-c1">
         <name>AdccResultFile</name>
         <uninitialized>true</uninitialized>
         <run_address>0xb40</run_address>
         <size>0x18</size>
         <input_file_ref idref="fl-8"/>
      </object_component>
      <object_component id="oc-c2">
         <name>AdcdResultFile</name>
         <uninitialized>true</uninitialized>
         <run_address>0xb60</run_address>
         <size>0x18</size>
         <input_file_ref idref="fl-8"/>
      </object_component>
      <object_component id="oc-ee">
         <name>AdcaRegsFile</name>
         <uninitialized>true</uninitialized>
         <run_address>0x7400</run_address>
         <size>0x80</size>
         <input_file_ref idref="fl-8"/>
      </object_component>
      <object_component id="oc-ef">
         <name>AdcbRegsFile</name>
         <uninitialized>true</uninitialized>
         <run_address>0x7480</run_address>
         <size>0x80</size>
         <input_file_ref idref="fl-8"/>
      </object_component>
      <object_component id="oc-f0">
         <name>AdccRegsFile</name>
         <uninitialized>true</uninitialized>
         <run_address>0x7500</run_address>
         <size>0x80</size>
         <input_file_ref idref="fl-8"/>
      </object_component>
      <object_component id="oc-f1">
         <name>AdcdRegsFile</name>
         <uninitialized>true</uninitialized>
         <run_address>0x7580</run_address>
         <size>0x80</size>
         <input_file_ref idref="fl-8"/>
      </object_component>
      <object_component id="oc-ea">
         <name>AnalogSubsysRegsFile</name>
         <uninitialized>true</uninitialized>
         <run_address>0x5d180</run_address>
         <size>0x48</size>
         <input_file_ref idref="fl-8"/>
      </object_component>
      <object_component id="oc-104">
         <name>CanaRegsFile</name>
         <uninitialized>true</uninitialized>
         <run_address>0x48000</run_address>
         <size>0x164</size>
         <input_file_ref idref="fl-8"/>
      </object_component>
      <object_component id="oc-105">
         <name>CanbRegsFile</name>
         <uninitialized>true</uninitialized>
         <run_address>0x4a000</run_address>
         <size>0x164</size>
         <input_file_ref idref="fl-8"/>
      </object_component>
      <object_component id="oc-e5">
         <name>Cla1RegsFile</name>
         <uninitialized>true</uninitialized>
         <run_address>0x1400</run_address>
         <size>0x3e</size>
         <input_file_ref idref="fl-8"/>
      </object_component>
      <object_component id="oc-ad">
         <name>Cla1SoftIntRegsFile</name>
         <uninitialized>true</uninitialized>
         <run_address>0xce0</run_address>
         <size>0x4</size>
         <input_file_ref idref="fl-8"/>
      </object_component>
      <object_component id="oc-c5">
         <name>Cmpss1RegsFile</name>
         <uninitialized>true</uninitialized>
         <run_address>0x5c80</run_address>
         <size>0x20</size>
         <input_file_ref idref="fl-8"/>
      </object_component>
      <object_component id="oc-c6">
         <name>Cmpss2RegsFile</name>
         <uninitialized>true</uninitialized>
         <run_address>0x5ca0</run_address>
         <size>0x20</size>
         <input_file_ref idref="fl-8"/>
      </object_component>
      <object_component id="oc-c7">
         <name>Cmpss3RegsFile</name>
         <uninitialized>true</uninitialized>
         <run_address>0x5cc0</run_address>
         <size>0x20</size>
         <input_file_ref idref="fl-8"/>
      </object_component>
      <object_component id="oc-c8">
         <name>Cmpss4RegsFile</name>
         <uninitialized>true</uninitialized>
         <run_address>0x5ce0</run_address>
         <size>0x20</size>
         <input_file_ref idref="fl-8"/>
      </object_component>
      <object_component id="oc-c9">
         <name>Cmpss5RegsFile</name>
         <uninitialized>true</uninitialized>
         <run_address>0x5d00</run_address>
         <size>0x20</size>
         <input_file_ref idref="fl-8"/>
      </object_component>
      <object_component id="oc-ca">
         <name>Cmpss6RegsFile</name>
         <uninitialized>true</uninitialized>
         <run_address>0x5d20</run_address>
         <size>0x20</size>
         <input_file_ref idref="fl-8"/>
      </object_component>
      <object_component id="oc-cb">
         <name>Cmpss7RegsFile</name>
         <uninitialized>true</uninitialized>
         <run_address>0x5d40</run_address>
         <size>0x20</size>
         <input_file_ref idref="fl-8"/>
      </object_component>
      <object_component id="oc-cc">
         <name>Cmpss8RegsFile</name>
         <uninitialized>true</uninitialized>
         <run_address>0x5d60</run_address>
         <size>0x20</size>
         <input_file_ref idref="fl-8"/>
      </object_component>
      <object_component id="oc-b3">
         <name>CpuTimer0RegsFile</name>
         <uninitialized>true</uninitialized>
         <run_address>0xc00</run_address>
         <size>0x8</size>
         <input_file_ref idref="fl-8"/>
      </object_component>
      <object_component id="oc-b4">
         <name>CpuTimer1RegsFile</name>
         <uninitialized>true</uninitialized>
         <run_address>0xc08</run_address>
         <size>0x8</size>
         <input_file_ref idref="fl-8"/>
      </object_component>
      <object_component id="oc-b5">
         <name>CpuTimer2RegsFile</name>
         <uninitialized>true</uninitialized>
         <run_address>0xc10</run_address>
         <size>0x8</size>
         <input_file_ref idref="fl-8"/>
      </object_component>
      <object_component id="oc-b0">
         <name>DacaRegsFile</name>
         <uninitialized>true</uninitialized>
         <run_address>0x5c00</run_address>
         <size>0x8</size>
         <input_file_ref idref="fl-8"/>
      </object_component>
      <object_component id="oc-b1">
         <name>DacbRegsFile</name>
         <uninitialized>true</uninitialized>
         <run_address>0x5c10</run_address>
         <size>0x8</size>
         <input_file_ref idref="fl-8"/>
      </object_component>
      <object_component id="oc-b2">
         <name>DaccRegsFile</name>
         <uninitialized>true</uninitialized>
         <run_address>0x5c20</run_address>
         <size>0x8</size>
         <input_file_ref idref="fl-8"/>
      </object_component>
      <object_component id="oc-dc">
         <name>DcsmZ1RegsFile</name>
         <uninitialized>true</uninitialized>
         <run_address>0x5f000</run_address>
         <size>0x24</size>
         <input_file_ref idref="fl-8"/>
      </object_component>
      <object_component id="oc-dd">
         <name>DcsmZ2RegsFile</name>
         <uninitialized>true</uninitialized>
         <run_address>0x5f040</run_address>
         <size>0x24</size>
         <input_file_ref idref="fl-8"/>
      </object_component>
      <object_component id="oc-b6">
         <name>DcsmCommonRegsFile</name>
         <uninitialized>true</uninitialized>
         <run_address>0x5f070</run_address>
         <size>0x8</size>
         <input_file_ref idref="fl-8"/>
      </object_component>
      <object_component id="oc-f6">
         <name>DmaRegsFile</name>
         <uninitialized>true</uninitialized>
         <run_address>0x1000</run_address>
         <size>0xe0</size>
         <input_file_ref idref="fl-8"/>
      </object_component>
      <object_component id="oc-c3">
         <name>DmaClaSrcSelRegsFile</name>
         <uninitialized>true</uninitialized>
         <run_address>0x7980</run_address>
         <size>0x1a</size>
         <input_file_ref idref="fl-8"/>
      </object_component>
      <object_component id="oc-cd">
         <name>ECap1RegsFile</name>
         <uninitialized>true</uninitialized>
         <run_address>0x5000</run_address>
         <size>0x20</size>
         <input_file_ref idref="fl-8"/>
      </object_component>
      <object_component id="oc-ce">
         <name>ECap2RegsFile</name>
         <uninitialized>true</uninitialized>
         <run_address>0x5020</run_address>
         <size>0x20</size>
         <input_file_ref idref="fl-8"/>
      </object_component>
      <object_component id="oc-cf">
         <name>ECap3RegsFile</name>
         <uninitialized>true</uninitialized>
         <run_address>0x5040</run_address>
         <size>0x20</size>
         <input_file_ref idref="fl-8"/>
      </object_component>
      <object_component id="oc-d0">
         <name>ECap4RegsFile</name>
         <uninitialized>true</uninitialized>
         <run_address>0x5060</run_address>
         <size>0x20</size>
         <input_file_ref idref="fl-8"/>
      </object_component>
      <object_component id="oc-d1">
         <name>ECap5RegsFile</name>
         <uninitialized>true</uninitialized>
         <run_address>0x5080</run_address>
         <size>0x20</size>
         <input_file_ref idref="fl-8"/>
      </object_component>
      <object_component id="oc-d2">
         <name>ECap6RegsFile</name>
         <uninitialized>true</uninitialized>
         <run_address>0x50a0</run_address>
         <size>0x20</size>
         <input_file_ref idref="fl-8"/>
      </object_component>
      <object_component id="oc-ec">
         <name>Emif1RegsFile</name>
         <uninitialized>true</uninitialized>
         <run_address>0x47000</run_address>
         <size>0x70</size>
         <input_file_ref idref="fl-8"/>
      </object_component>
      <object_component id="oc-ed">
         <name>Emif2RegsFile</name>
         <uninitialized>true</uninitialized>
         <run_address>0x47800</run_address>
         <size>0x70</size>
         <input_file_ref idref="fl-8"/>
      </object_component>
      <object_component id="oc-f7">
         <name>EPwm1RegsFile</name>
         <uninitialized>true</uninitialized>
         <run_address>0x4000</run_address>
         <size>0x100</size>
         <input_file_ref idref="fl-8"/>
      </object_component>
      <object_component id="oc-f8">
         <name>EPwm2RegsFile</name>
         <uninitialized>true</uninitialized>
         <run_address>0x4100</run_address>
         <size>0x100</size>
         <input_file_ref idref="fl-8"/>
      </object_component>
      <object_component id="oc-f9">
         <name>EPwm3RegsFile</name>
         <uninitialized>true</uninitialized>
         <run_address>0x4200</run_address>
         <size>0x100</size>
         <input_file_ref idref="fl-8"/>
      </object_component>
      <object_component id="oc-fa">
         <name>EPwm4RegsFile</name>
         <uninitialized>true</uninitialized>
         <run_address>0x4300</run_address>
         <size>0x100</size>
         <input_file_ref idref="fl-8"/>
      </object_component>
      <object_component id="oc-fb">
         <name>EPwm5RegsFile</name>
         <uninitialized>true</uninitialized>
         <run_address>0x4400</run_address>
         <size>0x100</size>
         <input_file_ref idref="fl-8"/>
      </object_component>
      <object_component id="oc-fc">
         <name>EPwm6RegsFile</name>
         <uninitialized>true</uninitialized>
         <run_address>0x4500</run_address>
         <size>0x100</size>
         <input_file_ref idref="fl-8"/>
      </object_component>
      <object_component id="oc-fd">
         <name>EPwm7RegsFile</name>
         <uninitialized>true</uninitialized>
         <run_address>0x4600</run_address>
         <size>0x100</size>
         <input_file_ref idref="fl-8"/>
      </object_component>
      <object_component id="oc-fe">
         <name>EPwm8RegsFile</name>
         <uninitialized>true</uninitialized>
         <run_address>0x4700</run_address>
         <size>0x100</size>
         <input_file_ref idref="fl-8"/>
      </object_component>
      <object_component id="oc-ff">
         <name>EPwm9RegsFile</name>
         <uninitialized>true</uninitialized>
         <run_address>0x4800</run_address>
         <size>0x100</size>
         <input_file_ref idref="fl-8"/>
      </object_component>
      <object_component id="oc-100">
         <name>EPwm10RegsFile</name>
         <uninitialized>true</uninitialized>
         <run_address>0x4900</run_address>
         <size>0x100</size>
         <input_file_ref idref="fl-8"/>
      </object_component>
      <object_component id="oc-101">
         <name>EPwm11RegsFile</name>
         <uninitialized>true</uninitialized>
         <run_address>0x4a00</run_address>
         <size>0x100</size>
         <input_file_ref idref="fl-8"/>
      </object_component>
      <object_component id="oc-102">
         <name>EPwm12RegsFile</name>
         <uninitialized>true</uninitialized>
         <run_address>0x4b00</run_address>
         <size>0x100</size>
         <input_file_ref idref="fl-8"/>
      </object_component>
      <object_component id="oc-e6">
         <name>EPwmXbarRegsFile</name>
         <uninitialized>true</uninitialized>
         <run_address>0x7a00</run_address>
         <size>0x40</size>
         <input_file_ref idref="fl-8"/>
      </object_component>
      <object_component id="oc-d7">
         <name>EQep1RegsFile</name>
         <uninitialized>true</uninitialized>
         <run_address>0x5100</run_address>
         <size>0x22</size>
         <input_file_ref idref="fl-8"/>
      </object_component>
      <object_component id="oc-d8">
         <name>EQep2RegsFile</name>
         <uninitialized>true</uninitialized>
         <run_address>0x5140</run_address>
         <size>0x22</size>
         <input_file_ref idref="fl-8"/>
      </object_component>
      <object_component id="oc-d9">
         <name>EQep3RegsFile</name>
         <uninitialized>true</uninitialized>
         <run_address>0x5180</run_address>
         <size>0x22</size>
         <input_file_ref idref="fl-8"/>
      </object_component>
      <object_component id="oc-107">
         <name>Flash0CtrlRegsFile</name>
         <uninitialized>true</uninitialized>
         <run_address>0x5f800</run_address>
         <size>0x182</size>
         <input_file_ref idref="fl-8"/>
      </object_component>
      <object_component id="oc-e1">
         <name>Flash0EccRegsFile</name>
         <uninitialized>true</uninitialized>
         <run_address>0x5fb00</run_address>
         <size>0x28</size>
         <input_file_ref idref="fl-8"/>
      </object_component>
      <object_component id="oc-106">
         <name>GpioCtrlRegsFile</name>
         <uninitialized>true</uninitialized>
         <run_address>0x7c00</run_address>
         <size>0x180</size>
         <input_file_ref idref="fl-8"/>
      </object_component>
      <object_component id="oc-e3">
         <name>GpioDataRegsFile</name>
         <uninitialized>true</uninitialized>
         <run_address>0x7f00</run_address>
         <size>0x30</size>
         <input_file_ref idref="fl-8"/>
      </object_component>
      <object_component id="oc-e7">
         <name>OutputXbarRegsFile</name>
         <uninitialized>true</uninitialized>
         <run_address>0x7a80</run_address>
         <size>0x40</size>
         <input_file_ref idref="fl-8"/>
      </object_component>
      <object_component id="oc-da">
         <name>I2caRegsFile</name>
         <uninitialized>true</uninitialized>
         <run_address>0x7300</run_address>
         <size>0x22</size>
         <input_file_ref idref="fl-8"/>
      </object_component>
      <object_component id="oc-db">
         <name>I2cbRegsFile</name>
         <uninitialized>true</uninitialized>
         <run_address>0x7340</run_address>
         <size>0x22</size>
         <input_file_ref idref="fl-8"/>
      </object_component>
      <object_component id="oc-d3">
         <name>InputXbarRegsFile</name>
         <uninitialized>true</uninitialized>
         <run_address>0x7900</run_address>
         <size>0x20</size>
         <input_file_ref idref="fl-8"/>
      </object_component>
      <object_component id="oc-d4">
         <name>XbarRegsFile</name>
         <uninitialized>true</uninitialized>
         <run_address>0x7920</run_address>
         <size>0x20</size>
         <input_file_ref idref="fl-8"/>
      </object_component>
      <object_component id="oc-de">
         <name>IpcRegsFile</name>
         <uninitialized>true</uninitialized>
         <run_address>0x50000</run_address>
         <size>0x24</size>
         <input_file_ref idref="fl-8"/>
      </object_component>
      <object_component id="oc-aa">
         <name>FlashPumpSemaphoreRegsFile</name>
         <uninitialized>true</uninitialized>
         <run_address>0x50024</run_address>
         <size>0x2</size>
         <input_file_ref idref="fl-8"/>
      </object_component>
      <object_component id="oc-ab">
         <name>RomPrefetchRegsFile</name>
         <uninitialized>true</uninitialized>
         <run_address>0x5e608</run_address>
         <size>0x2</size>
         <input_file_ref idref="fl-8"/>
      </object_component>
      <object_component id="oc-f2">
         <name>MemCfgRegsFile</name>
         <uninitialized>true</uninitialized>
         <run_address>0x5f400</run_address>
         <size>0x80</size>
         <input_file_ref idref="fl-8"/>
      </object_component>
      <object_component id="oc-d5">
         <name>Emif1ConfigRegsFile</name>
         <uninitialized>true</uninitialized>
         <run_address>0x5f480</run_address>
         <size>0x20</size>
         <input_file_ref idref="fl-8"/>
      </object_component>
      <object_component id="oc-d6">
         <name>Emif2ConfigRegsFile</name>
         <uninitialized>true</uninitialized>
         <run_address>0x5f4a0</run_address>
         <size>0x20</size>
         <input_file_ref idref="fl-8"/>
      </object_component>
      <object_component id="oc-e8">
         <name>AccessProtectionRegsFile</name>
         <uninitialized>true</uninitialized>
         <run_address>0x5f4c0</run_address>
         <size>0x40</size>
         <input_file_ref idref="fl-8"/>
      </object_component>
      <object_component id="oc-e9">
         <name>MemoryErrorRegsFile</name>
         <uninitialized>true</uninitialized>
         <run_address>0x5f500</run_address>
         <size>0x40</size>
         <input_file_ref idref="fl-8"/>
      </object_component>
      <object_component id="oc-ac">
         <name>RomWaitStateRegsFile</name>
         <uninitialized>true</uninitialized>
         <run_address>0x5f540</run_address>
         <size>0x2</size>
         <input_file_ref idref="fl-8"/>
      </object_component>
      <object_component id="oc-df">
         <name>McbspaRegsFile</name>
         <uninitialized>true</uninitialized>
         <run_address>0x6000</run_address>
         <size>0x24</size>
         <input_file_ref idref="fl-8"/>
      </object_component>
      <object_component id="oc-e0">
         <name>McbspbRegsFile</name>
         <uninitialized>true</uninitialized>
         <run_address>0x6040</run_address>
         <size>0x24</size>
         <input_file_ref idref="fl-8"/>
      </object_component>
      <object_component id="oc-eb">
         <name>UppRegsFile</name>
         <uninitialized>true</uninitialized>
         <run_address>0x6200</run_address>
         <size>0x48</size>
         <input_file_ref idref="fl-8"/>
      </object_component>
      <object_component id="oc-af">
         <name>NmiIntruptRegsFile</name>
         <uninitialized>true</uninitialized>
         <run_address>0x7060</run_address>
         <size>0x7</size>
         <input_file_ref idref="fl-8"/>
      </object_component>
      <object_component id="oc-c4">
         <name>PieCtrlRegsFile</name>
         <uninitialized>true</uninitialized>
         <run_address>0xce0</run_address>
         <size>0x1a</size>
         <input_file_ref idref="fl-8"/>
      </object_component>
      <object_component id="oc-b8">
         <name>SciaRegsFile</name>
         <uninitialized>true</uninitialized>
         <run_address>0x7200</run_address>
         <size>0x10</size>
         <input_file_ref idref="fl-8"/>
      </object_component>
      <object_component id="oc-b9">
         <name>ScibRegsFile</name>
         <uninitialized>true</uninitialized>
         <run_address>0x7210</run_address>
         <size>0x10</size>
         <input_file_ref idref="fl-8"/>
      </object_component>
      <object_component id="oc-ba">
         <name>ScicRegsFile</name>
         <uninitialized>true</uninitialized>
         <run_address>0x7220</run_address>
         <size>0x10</size>
         <input_file_ref idref="fl-8"/>
      </object_component>
      <object_component id="oc-bb">
         <name>ScidRegsFile</name>
         <uninitialized>true</uninitialized>
         <run_address>0x7230</run_address>
         <size>0x10</size>
         <input_file_ref idref="fl-8"/>
      </object_component>
      <object_component id="oc-f3">
         <name>Sdfm1RegsFile</name>
         <uninitialized>true</uninitialized>
         <run_address>0x5e00</run_address>
         <size>0x80</size>
         <input_file_ref idref="fl-8"/>
      </object_component>
      <object_component id="oc-f4">
         <name>Sdfm2RegsFile</name>
         <uninitialized>true</uninitialized>
         <run_address>0x5e80</run_address>
         <size>0x80</size>
         <input_file_ref idref="fl-8"/>
      </object_component>
      <object_component id="oc-bc">
         <name>SpiaRegsFile</name>
         <uninitialized>true</uninitialized>
         <run_address>0x6100</run_address>
         <size>0x10</size>
         <input_file_ref idref="fl-8"/>
      </object_component>
      <object_component id="oc-bd">
         <name>SpibRegsFile</name>
         <uninitialized>true</uninitialized>
         <run_address>0x6110</run_address>
         <size>0x10</size>
         <input_file_ref idref="fl-8"/>
      </object_component>
      <object_component id="oc-be">
         <name>SpicRegsFile</name>
         <uninitialized>true</uninitialized>
         <run_address>0x6120</run_address>
         <size>0x10</size>
         <input_file_ref idref="fl-8"/>
      </object_component>
      <object_component id="oc-103">
         <name>DevCfgRegsFile</name>
         <uninitialized>true</uninitialized>
         <run_address>0x5d000</run_address>
         <size>0x12e</size>
         <input_file_ref idref="fl-8"/>
      </object_component>
      <object_component id="oc-e4">
         <name>ClkCfgRegsFile</name>
         <uninitialized>true</uninitialized>
         <run_address>0x5d200</run_address>
         <size>0x32</size>
         <input_file_ref idref="fl-8"/>
      </object_component>
      <object_component id="oc-f5">
         <name>CpuSysRegsFile</name>
         <uninitialized>true</uninitialized>
         <run_address>0x5d300</run_address>
         <size>0x82</size>
         <input_file_ref idref="fl-8"/>
      </object_component>
      <object_component id="oc-ae">
         <name>SyncSocRegsFile</name>
         <uninitialized>true</uninitialized>
         <run_address>0x7940</run_address>
         <size>0x6</size>
         <input_file_ref idref="fl-8"/>
      </object_component>
      <object_component id="oc-e2">
         <name>WdRegsFile</name>
         <uninitialized>true</uninitialized>
         <run_address>0x7000</run_address>
         <size>0x2b</size>
         <input_file_ref idref="fl-8"/>
      </object_component>
      <object_component id="oc-b7">
         <name>XintRegsFile</name>
         <uninitialized>true</uninitialized>
         <run_address>0x7070</run_address>
         <size>0xb</size>
         <input_file_ref idref="fl-8"/>
      </object_component>
      <object_component id="oc-85">
         <name>.debug_info</name>
         <load_address>0x0</load_address>
         <run_address>0x0</run_address>
         <size>0x658b</size>
         <input_file_ref idref="fl-2"/>
      </object_component>
      <object_component id="oc-8c">
         <name>.debug_info</name>
         <load_address>0x658b</load_address>
         <run_address>0x658b</run_address>
         <size>0x4682</size>
         <input_file_ref idref="fl-3"/>
      </object_component>
      <object_component id="oc-93">
         <name>.debug_info</name>
         <load_address>0xac0d</load_address>
         <run_address>0xac0d</run_address>
         <size>0x105</size>
         <input_file_ref idref="fl-4"/>
      </object_component>
      <object_component id="oc-96">
         <name>.debug_info</name>
         <load_address>0xad12</load_address>
         <run_address>0xad12</run_address>
         <size>0x98b</size>
         <input_file_ref idref="fl-5"/>
      </object_component>
      <object_component id="oc-9c">
         <name>.debug_info</name>
         <load_address>0xb69d</load_address>
         <run_address>0xb69d</run_address>
         <size>0x34e8</size>
         <input_file_ref idref="fl-6"/>
      </object_component>
      <object_component id="oc-a2">
         <name>.debug_info</name>
         <load_address>0xeb85</load_address>
         <run_address>0xeb85</run_address>
         <size>0xf3de</size>
         <input_file_ref idref="fl-7"/>
      </object_component>
      <object_component id="oc-a7">
         <name>.debug_info</name>
         <load_address>0x1df63</load_address>
         <run_address>0x1df63</run_address>
         <size>0x5053f</size>
         <input_file_ref idref="fl-8"/>
      </object_component>
      <object_component id="oc-10a">
         <name>.debug_info</name>
         <load_address>0x6e4a2</load_address>
         <run_address>0x6e4a2</run_address>
         <size>0x19f6f</size>
         <input_file_ref idref="fl-9"/>
      </object_component>
      <object_component id="oc-10f">
         <name>.debug_info</name>
         <load_address>0x88411</load_address>
         <run_address>0x88411</run_address>
         <size>0x3559</size>
         <input_file_ref idref="fl-a"/>
      </object_component>
      <object_component id="oc-114">
         <name>.debug_info</name>
         <load_address>0x8b96a</load_address>
         <run_address>0x8b96a</run_address>
         <size>0x671f</size>
         <input_file_ref idref="fl-b"/>
      </object_component>
      <object_component id="oc-119">
         <name>.debug_info</name>
         <load_address>0x92089</load_address>
         <run_address>0x92089</run_address>
         <size>0xfcc5</size>
         <input_file_ref idref="fl-c"/>
      </object_component>
      <object_component id="oc-11e">
         <name>.debug_info</name>
         <load_address>0xa1d4e</load_address>
         <run_address>0xa1d4e</run_address>
         <size>0xccef</size>
         <input_file_ref idref="fl-d"/>
      </object_component>
      <object_component id="oc-125">
         <name>.debug_info</name>
         <load_address>0xaea3d</load_address>
         <run_address>0xaea3d</run_address>
         <size>0x100</size>
         <input_file_ref idref="fl-e"/>
      </object_component>
      <object_component id="oc-128">
         <name>.debug_info</name>
         <load_address>0xaeb3d</load_address>
         <run_address>0xaeb3d</run_address>
         <size>0x5cf5</size>
         <input_file_ref idref="fl-f"/>
      </object_component>
      <object_component id="oc-12d">
         <name>.debug_info</name>
         <load_address>0xb4832</load_address>
         <run_address>0xb4832</run_address>
         <size>0x23a1f</size>
         <input_file_ref idref="fl-10"/>
      </object_component>
      <object_component id="oc-136">
         <name>.debug_info</name>
         <load_address>0xd8251</load_address>
         <run_address>0xd8251</run_address>
         <size>0xedf</size>
         <input_file_ref idref="fl-11"/>
      </object_component>
      <object_component id="oc-13e">
         <name>.debug_info</name>
         <load_address>0xd9130</load_address>
         <run_address>0xd9130</run_address>
         <size>0x4cd</size>
         <input_file_ref idref="fl-1f"/>
      </object_component>
      <object_component id="oc-144">
         <name>.debug_info</name>
         <load_address>0xd95fd</load_address>
         <run_address>0xd95fd</run_address>
         <size>0x502</size>
         <input_file_ref idref="fl-20"/>
      </object_component>
      <object_component id="oc-14b">
         <name>.debug_info</name>
         <load_address>0xd9aff</load_address>
         <run_address>0xd9aff</run_address>
         <size>0x67e</size>
         <input_file_ref idref="fl-2c"/>
      </object_component>
      <object_component id="oc-150">
         <name>.debug_info</name>
         <load_address>0xda17d</load_address>
         <run_address>0xda17d</run_address>
         <size>0x3cf</size>
         <input_file_ref idref="fl-2d"/>
      </object_component>
      <object_component id="oc-155">
         <name>.debug_info</name>
         <load_address>0xda54c</load_address>
         <run_address>0xda54c</run_address>
         <size>0x3e1</size>
         <input_file_ref idref="fl-2e"/>
      </object_component>
      <object_component id="oc-15c">
         <name>.debug_info</name>
         <load_address>0xda92d</load_address>
         <run_address>0xda92d</run_address>
         <size>0x173</size>
         <input_file_ref idref="fl-2f"/>
      </object_component>
      <object_component id="oc-161">
         <name>.debug_info</name>
         <load_address>0xdaaa0</load_address>
         <run_address>0xdaaa0</run_address>
         <size>0x114</size>
         <input_file_ref idref="fl-30"/>
      </object_component>
      <object_component id="oc-166">
         <name>.debug_info</name>
         <load_address>0xdabb4</load_address>
         <run_address>0xdabb4</run_address>
         <size>0x141</size>
         <input_file_ref idref="fl-31"/>
      </object_component>
      <object_component id="oc-16b">
         <name>.debug_info</name>
         <load_address>0xdacf5</load_address>
         <run_address>0xdacf5</run_address>
         <size>0x1a5</size>
         <input_file_ref idref="fl-32"/>
      </object_component>
      <object_component id="oc-16f">
         <name>.debug_info</name>
         <load_address>0xdae9a</load_address>
         <run_address>0xdae9a</run_address>
         <size>0x561</size>
         <input_file_ref idref="fl-33"/>
      </object_component>
      <object_component id="oc-174">
         <name>.debug_info</name>
         <load_address>0xdb3fb</load_address>
         <run_address>0xdb3fb</run_address>
         <size>0x43a</size>
         <input_file_ref idref="fl-34"/>
      </object_component>
      <object_component id="oc-179">
         <name>.debug_info</name>
         <load_address>0xdb835</load_address>
         <run_address>0xdb835</run_address>
         <size>0x3ad</size>
         <input_file_ref idref="fl-35"/>
      </object_component>
      <object_component id="oc-17e">
         <name>.debug_info</name>
         <load_address>0xdbbe2</load_address>
         <run_address>0xdbbe2</run_address>
         <size>0x3aa</size>
         <input_file_ref idref="fl-36"/>
      </object_component>
      <object_component id="oc-183">
         <name>.debug_info</name>
         <load_address>0xdbf8c</load_address>
         <run_address>0xdbf8c</run_address>
         <size>0x544</size>
         <input_file_ref idref="fl-37"/>
      </object_component>
      <object_component id="oc-18a">
         <name>.debug_info</name>
         <load_address>0xdc4d0</load_address>
         <run_address>0xdc4d0</run_address>
         <size>0x4cc</size>
         <input_file_ref idref="fl-38"/>
      </object_component>
      <object_component id="oc-18f">
         <name>.debug_info</name>
         <load_address>0xdc99c</load_address>
         <run_address>0xdc99c</run_address>
         <size>0x467</size>
         <input_file_ref idref="fl-39"/>
      </object_component>
      <object_component id="oc-194">
         <name>.debug_info</name>
         <load_address>0xdce03</load_address>
         <run_address>0xdce03</run_address>
         <size>0x4aa</size>
         <input_file_ref idref="fl-3a"/>
      </object_component>
      <object_component id="oc-199">
         <name>.debug_info</name>
         <load_address>0xdd2ad</load_address>
         <run_address>0xdd2ad</run_address>
         <size>0x26e8</size>
         <input_file_ref idref="fl-3b"/>
      </object_component>
      <object_component id="oc-1a1">
         <name>.debug_info</name>
         <load_address>0xdf995</load_address>
         <run_address>0xdf995</run_address>
         <size>0x120</size>
         <input_file_ref idref="fl-3c"/>
      </object_component>
      <object_component id="oc-1a6">
         <name>.debug_info</name>
         <load_address>0xdfab5</load_address>
         <run_address>0xdfab5</run_address>
         <size>0x114</size>
         <input_file_ref idref="fl-3d"/>
      </object_component>
      <object_component id="oc-1ab">
         <name>.debug_info</name>
         <load_address>0xdfbc9</load_address>
         <run_address>0xdfbc9</run_address>
         <size>0x114</size>
         <input_file_ref idref="fl-3e"/>
      </object_component>
      <object_component id="oc-1b0">
         <name>.debug_info</name>
         <load_address>0xdfcdd</load_address>
         <run_address>0xdfcdd</run_address>
         <size>0x122</size>
         <input_file_ref idref="fl-3f"/>
      </object_component>
      <object_component id="oc-1b5">
         <name>.debug_info</name>
         <load_address>0xdfdff</load_address>
         <run_address>0xdfdff</run_address>
         <size>0x114</size>
         <input_file_ref idref="fl-40"/>
      </object_component>
      <object_component id="oc-1ba">
         <name>.debug_info</name>
         <load_address>0xdff13</load_address>
         <run_address>0xdff13</run_address>
         <size>0x114</size>
         <input_file_ref idref="fl-41"/>
      </object_component>
      <object_component id="oc-1bf">
         <name>.debug_info</name>
         <load_address>0xe0027</load_address>
         <run_address>0xe0027</run_address>
         <size>0x176</size>
         <input_file_ref idref="fl-42"/>
      </object_component>
      <object_component id="oc-1c4">
         <name>.debug_info</name>
         <load_address>0xe019d</load_address>
         <run_address>0xe019d</run_address>
         <size>0x14e</size>
         <input_file_ref idref="fl-43"/>
      </object_component>
      <object_component id="oc-1c9">
         <name>.debug_info</name>
         <load_address>0xe02eb</load_address>
         <run_address>0xe02eb</run_address>
         <size>0x231</size>
         <input_file_ref idref="fl-44"/>
      </object_component>
      <object_component id="oc-1ce">
         <name>.debug_info</name>
         <load_address>0xe051c</load_address>
         <run_address>0xe051c</run_address>
         <size>0x118</size>
         <input_file_ref idref="fl-45"/>
      </object_component>
      <object_component id="oc-1d3">
         <name>.debug_info</name>
         <load_address>0xe0634</load_address>
         <run_address>0xe0634</run_address>
         <size>0x118</size>
         <input_file_ref idref="fl-46"/>
      </object_component>
      <object_component id="oc-1d8">
         <name>.debug_info</name>
         <load_address>0xe074c</load_address>
         <run_address>0xe074c</run_address>
         <size>0x11a</size>
         <input_file_ref idref="fl-47"/>
      </object_component>
      <object_component id="oc-1dd">
         <name>.debug_info</name>
         <load_address>0xe0866</load_address>
         <run_address>0xe0866</run_address>
         <size>0x114</size>
         <input_file_ref idref="fl-48"/>
      </object_component>
      <object_component id="oc-1e1">
         <name>.debug_info</name>
         <load_address>0xe097a</load_address>
         <run_address>0xe097a</run_address>
         <size>0x46c</size>
         <input_file_ref idref="fl-49"/>
      </object_component>
      <object_component id="oc-1e6">
         <name>.debug_info</name>
         <load_address>0xe0de6</load_address>
         <run_address>0xe0de6</run_address>
         <size>0x41f</size>
         <input_file_ref idref="fl-4a"/>
      </object_component>
      <object_component id="oc-1eb">
         <name>.debug_info</name>
         <load_address>0xe1205</load_address>
         <run_address>0xe1205</run_address>
         <size>0x1e7</size>
         <input_file_ref idref="fl-4b"/>
      </object_component>
      <object_component id="oc-1ed">
         <name>.debug_info</name>
         <load_address>0xe13ec</load_address>
         <run_address>0xe13ec</run_address>
         <size>0x45e</size>
         <input_file_ref idref="fl-4c"/>
      </object_component>
      <object_component id="oc-1f2">
         <name>.debug_info</name>
         <load_address>0xe184a</load_address>
         <run_address>0xe184a</run_address>
         <size>0x502</size>
         <input_file_ref idref="fl-4d"/>
      </object_component>
      <object_component id="oc-1f7">
         <name>.debug_info</name>
         <load_address>0xe1d4c</load_address>
         <run_address>0xe1d4c</run_address>
         <size>0x4f1</size>
         <input_file_ref idref="fl-4e"/>
      </object_component>
      <object_component id="oc-1fc">
         <name>.debug_info</name>
         <load_address>0xe223d</load_address>
         <run_address>0xe223d</run_address>
         <size>0x4e5</size>
         <input_file_ref idref="fl-4f"/>
      </object_component>
      <object_component id="oc-201">
         <name>.debug_info</name>
         <load_address>0xe2722</load_address>
         <run_address>0xe2722</run_address>
         <size>0x4a6</size>
         <input_file_ref idref="fl-50"/>
      </object_component>
      <object_component id="oc-207">
         <name>.debug_info</name>
         <load_address>0xe2bc8</load_address>
         <run_address>0xe2bc8</run_address>
         <size>0x532</size>
         <input_file_ref idref="fl-51"/>
      </object_component>
      <object_component id="oc-20d">
         <name>.debug_info</name>
         <load_address>0xe30fa</load_address>
         <run_address>0xe30fa</run_address>
         <size>0x40c</size>
         <input_file_ref idref="fl-52"/>
      </object_component>
      <object_component id="oc-212">
         <name>.debug_info</name>
         <load_address>0xe3506</load_address>
         <run_address>0xe3506</run_address>
         <size>0x423</size>
         <input_file_ref idref="fl-53"/>
      </object_component>
      <object_component id="oc-218">
         <name>.debug_info</name>
         <load_address>0xe3929</load_address>
         <run_address>0xe3929</run_address>
         <size>0x114</size>
         <input_file_ref idref="fl-54"/>
      </object_component>
      <object_component id="oc-21c">
         <name>.debug_info</name>
         <load_address>0xe3a3d</load_address>
         <run_address>0xe3a3d</run_address>
         <size>0x1c6</size>
         <input_file_ref idref="fl-55"/>
      </object_component>
      <object_component id="oc-2d4">
         <name>.debug_info</name>
         <load_address>0xe3c03</load_address>
         <run_address>0xe3c03</run_address>
         <size>0xba</size>
      </object_component>
      <object_component id="oc-88">
         <name>.debug_frame</name>
         <load_address>0x0</load_address>
         <run_address>0x0</run_address>
         <size>0x4a8</size>
         <input_file_ref idref="fl-2"/>
      </object_component>
      <object_component id="oc-8d">
         <name>.debug_frame</name>
         <load_address>0x4a8</load_address>
         <run_address>0x4a8</run_address>
         <size>0x28</size>
         <input_file_ref idref="fl-3"/>
      </object_component>
      <object_component id="oc-98">
         <name>.debug_frame</name>
         <load_address>0x4d0</load_address>
         <run_address>0x4d0</run_address>
         <size>0x5c</size>
         <input_file_ref idref="fl-5"/>
      </object_component>
      <object_component id="oc-9e">
         <name>.debug_frame</name>
         <load_address>0x52c</load_address>
         <run_address>0x52c</run_address>
         <size>0x11d0</size>
         <input_file_ref idref="fl-6"/>
      </object_component>
      <object_component id="oc-a3">
         <name>.debug_frame</name>
         <load_address>0x16fc</load_address>
         <run_address>0x16fc</run_address>
         <size>0x28</size>
         <input_file_ref idref="fl-7"/>
      </object_component>
      <object_component id="oc-10b">
         <name>.debug_frame</name>
         <load_address>0x1724</load_address>
         <run_address>0x1724</run_address>
         <size>0x1a8</size>
         <input_file_ref idref="fl-9"/>
      </object_component>
      <object_component id="oc-110">
         <name>.debug_frame</name>
         <load_address>0x18cc</load_address>
         <run_address>0x18cc</run_address>
         <size>0x58</size>
         <input_file_ref idref="fl-a"/>
      </object_component>
      <object_component id="oc-115">
         <name>.debug_frame</name>
         <load_address>0x1924</load_address>
         <run_address>0x1924</run_address>
         <size>0x44</size>
         <input_file_ref idref="fl-b"/>
      </object_component>
      <object_component id="oc-11a">
         <name>.debug_frame</name>
         <load_address>0x1968</load_address>
         <run_address>0x1968</run_address>
         <size>0x28</size>
         <input_file_ref idref="fl-c"/>
      </object_component>
      <object_component id="oc-11f">
         <name>.debug_frame</name>
         <load_address>0x1990</load_address>
         <run_address>0x1990</run_address>
         <size>0x268</size>
         <input_file_ref idref="fl-d"/>
      </object_component>
      <object_component id="oc-129">
         <name>.debug_frame</name>
         <load_address>0x1bf8</load_address>
         <run_address>0x1bf8</run_address>
         <size>0x28</size>
         <input_file_ref idref="fl-f"/>
      </object_component>
      <object_component id="oc-132">
         <name>.debug_frame</name>
         <load_address>0x1c20</load_address>
         <run_address>0x1c20</run_address>
         <size>0x2d8</size>
         <input_file_ref idref="fl-10"/>
      </object_component>
      <object_component id="oc-13a">
         <name>.debug_frame</name>
         <load_address>0x1ef8</load_address>
         <run_address>0x1ef8</run_address>
         <size>0x28</size>
         <input_file_ref idref="fl-11"/>
      </object_component>
      <object_component id="oc-140">
         <name>.debug_frame</name>
         <load_address>0x1f20</load_address>
         <run_address>0x1f20</run_address>
         <size>0x28</size>
         <input_file_ref idref="fl-1f"/>
      </object_component>
      <object_component id="oc-147">
         <name>.debug_frame</name>
         <load_address>0x1f48</load_address>
         <run_address>0x1f48</run_address>
         <size>0x28</size>
         <input_file_ref idref="fl-20"/>
      </object_component>
      <object_component id="oc-14c">
         <name>.debug_frame</name>
         <load_address>0x1f70</load_address>
         <run_address>0x1f70</run_address>
         <size>0x84</size>
         <input_file_ref idref="fl-2c"/>
      </object_component>
      <object_component id="oc-151">
         <name>.debug_frame</name>
         <load_address>0x1ff4</load_address>
         <run_address>0x1ff4</run_address>
         <size>0x44</size>
         <input_file_ref idref="fl-2d"/>
      </object_component>
      <object_component id="oc-156">
         <name>.debug_frame</name>
         <load_address>0x2038</load_address>
         <run_address>0x2038</run_address>
         <size>0x44</size>
[...]
      <symbol id="sm-5db">
         <name>_ADC2reading</name>
         <value>0xff46</value>
         <object_component_ref idref="oc-12f"/>
      </symbol>
      <symbol id="sm-5dc">
         <name>_LeftDistance</name>
         <value>0xff72</value>
         <object_component_ref idref="oc-12f"/>
      </symbol>
      <symbol id="sm-5dd">
         <name>_VRightK</name>
         <value>0xff7a</value>
         <object_component_ref idref="oc-12f"/>
      </symbol>
      <symbol id="sm-5de">
         <name>_accelYG</name>
         <value>0xff68</value>
         <object_component_ref idref="oc-12f"/>
      </symbol>
      <symbol id="sm-5df">
         <name>_Kp</name>
         <value>0xff82</value>
         <object_component_ref idref="oc-12f"/>
      </symbol>
      <symbol id="sm-5e0">
         <name>_Ki</name>
         <value>0xff84</value>
         <object_component_ref idref="oc-12f"/>
      </symbol>
      <symbol id="sm-5e1">
         <name>_RightWheel</name>
         <value>0xff6e</value>
         <object_component_ref idref="oc-12f"/>
      </symbol>
      <symbol id="sm-5e2">
         <name>_setEPWM2A</name>
         <value>0x812b2</value>
         <object_component_ref idref="oc-227"/>
      </symbol>
      <symbol id="sm-5e4">
         <name>_setEPWM2B</name>
         <value>0x812d8</value>
         <object_component_ref idref="oc-227"/>
      </symbol>
      <symbol id="sm-5e6">
         <name>_e_turn_right</name>
         <value>0xff9a</value>
         <object_component_ref idref="oc-12f"/>
      </symbol>
      <symbol id="sm-5e7">
         <name>_accelXG</name>
         <value>0xff66</value>
         <object_component_ref idref="oc-12f"/>
      </symbol>
      <symbol id="sm-5e8">
         <name>_RightDist_K_1</name>
         <value>0xff7e</value>
         <object_component_ref idref="oc-12f"/>
      </symbol>
      <symbol id="sm-5e9">
         <name>_Y_K_1</name>
         <value>0xffb0</value>
         <object_component_ref idref="oc-12f"/>
      </symbol>
      <symbol id="sm-5ea">
         <name>_theta_dot_right</name>
         <value>0xffa4</value>
         <object_component_ref idref="oc-12f"/>
      </symbol>
      <symbol id="sm-5eb">
         <name>_Y_dot_K_1</name>
         <value>0xffb4</value>
         <object_component_ref idref="oc-12f"/>
      </symbol>
      <symbol id="sm-5ec">
         <name>_gyroY</name>
         <value>0xff4b</value>
         <object_component_ref idref="oc-12f"/>
      </symbol>
      <symbol id="sm-5ed">
         <name>_gyroX</name>
         <value>0xff4a</value>
         <object_component_ref idref="oc-12f"/>
      </symbol>
      <symbol id="sm-5ee">
         <name>_gyroZ</name>
         <value>0xff4c</value>
         <object_component_ref idref="oc-12f"/>
      </symbol>
      <symbol id="sm-5ef">
         <name>_accelZG</name>
         <value>0xff6a</value>
         <object_component_ref idref="oc-12f"/>
      </symbol>
      <symbol id="sm-5f0">
         <name>_setupSPIB</name>
         <value>0x80fe8</value>
         <object_component_ref idref="oc-227"/>
      </symbol>
      <symbol id="sm-5f2">
         <name>_readEncLeft</name>
         <value>0x8127c</value>
         <object_component_ref idref="oc-227"/>
      </symbol>
      <symbol id="sm-5f4">
         <name>_e_right_K_1</name>
         <value>0xff8c</value>
         <object_component_ref idref="oc-12f"/>
      </symbol>
      <symbol id="sm-5f5">
         <name>_init_eQEPs</name>
         <value>0x81217</value>
         <object_component_ref idref="oc-227"/>
      </symbol>
      <symbol id="sm-5f7">
         <name>_rcservo</name>
         <value>0xff42</value>
         <object_component_ref idref="oc-12f"/>
      </symbol>
      <symbol id="sm-5f8">
         <name>_ADC2_reading</name>
         <value>0xff5e</value>
         <object_component_ref idref="oc-12f"/>
      </symbol>
      <symbol id="sm-5f9">
         <name>_ADC1reading</name>
         <value>0xff45</value>
         <object_component_ref idref="oc-12f"/>
      </symbol>
      <symbol id="sm-5fa">
         <name>_numRXA</name>
         <value>0xff5a</value>
         <object_component_ref idref="oc-12f"/>
      </symbol>
      <symbol id="sm-5fb">
         <name>_I_left</name>
         <value>0xff8e</value>
         <object_component_ref idref="oc-12f"/>
      </symbol>
      <symbol id="sm-5fc">
         <name>_spivalue2</name>
         <value>0xff51</value>
         <object_component_ref idref="oc-12f"/>
      </symbol>
      <symbol id="sm-5fd">
         <name>_spivalue3</name>
         <value>0xff52</value>
         <object_component_ref idref="oc-12f"/>
      </symbol>
      <symbol id="sm-5fe">
         <name>_spivalue1</name>
         <value>0xff50</value>
         <object_component_ref idref="oc-12f"/>
      </symbol>
      <symbol id="sm-5ff">
         <name>_e_left</name>
         <value>0xff86</value>
         <object_component_ref idref="oc-12f"/>
      </symbol>
      <symbol id="sm-600">
         <name>_Vref</name>
         <value>0xff7c</value>
         <object_component_ref idref="oc-12f"/>
      </symbol>
      <symbol id="sm-601">
         <name>_e_left_K_1</name>
         <value>0xff8a</value>
         <object_component_ref idref="oc-12f"/>
      </symbol>
      <symbol id="sm-602">
         <name>_I_left_K_1</name>
         <value>0xff92</value>
         <object_component_ref idref="oc-12f"/>
      </symbol>
      <symbol id="sm-603">
         <name>_phi_r</name>
         <value>0xffb8</value>
         <object_component_ref idref="oc-12f"/>
      </symbol>
      <symbol id="sm-604">
         <name>_LEDdisplaynum</name>
         <value>0xff41</value>
         <object_component_ref idref="oc-12f"/>
      </symbol>
      <symbol id="sm-605">
         <name>_e_right</name>
         <value>0xff88</value>
         <object_component_ref idref="oc-12f"/>
      </symbol>
      <symbol id="sm-606">
         <name>_X_dot_r</name>
         <value>0xffaa</value>
         <object_component_ref idref="oc-12f"/>
      </symbol>
      <symbol id="sm-607">
         <name>_numSWIcalls</name>
         <value>0xff58</value>
         <object_component_ref idref="oc-12f"/>
      </symbol>
      <symbol id="sm-608">
         <name>_readEncRight</name>
         <value>0x81297</value>
         <object_component_ref idref="oc-227"/>
      </symbol>
      <symbol id="sm-60a">
         <name>_LeftDist_K_1</name>
         <value>0xff80</value>
         <object_component_ref idref="oc-12f"/>
      </symbol>
      <symbol id="sm-60b">
         <name>_gyroYG</name>
         <value>0xff62</value>
         <object_component_ref idref="oc-12f"/>
      </symbol>
      <symbol id="sm-60c">
         <name>_numTimer0calls</name>
         <value>0xff54</value>
         <object_component_ref idref="oc-12f"/>
      </symbol>
      <symbol id="sm-60d">
         <name>_numTimer1calls</name>
         <value>0xff56</value>
         <object_component_ref idref="oc-12f"/>
      </symbol>
      <symbol id="sm-60e">
         <name>_ADC1_reading</name>
         <value>0xff5c</value>
         <object_component_ref idref="oc-12f"/>
      </symbol>
      <symbol id="sm-60f">
         <name>_I_right_K_1</name>
         <value>0xff94</value>
         <object_component_ref idref="oc-12f"/>
      </symbol>
      <symbol id="sm-610">
         <name>_ADC</name>
         <value>0xff49</value>
         <object_component_ref idref="oc-12f"/>
      </symbol>
      <symbol id="sm-611">
         <name>_gyroXG</name>
         <value>0xff60</value>
         <object_component_ref idref="oc-12f"/>
      </symbol>
      <symbol id="sm-612">
         <name>_Rwh</name>
         <value>0xffa2</value>
         <object_component_ref idref="oc-12f"/>
      </symbol>
      <symbol id="sm-613">
         <name>_gyroZG</name>
         <value>0xff64</value>
         <object_component_ref idref="oc-12f"/>
      </symbol>
      <symbol id="sm-614">
         <name>_theta_dot_left</name>
         <value>0xffa6</value>
         <object_component_ref idref="oc-12f"/>
      </symbol>
      <symbol id="sm-615">
         <name>_ADC2</name>
         <value>0xff48</value>
         <object_component_ref idref="oc-12f"/>
      </symbol>
      <symbol id="sm-616">
         <name>_ADC1</name>
         <value>0xff47</value>
         <object_component_ref idref="oc-12f"/>
      </symbol>
      <symbol id="sm-617">
         <name>_SWI_isr</name>
         <value>0x82000</value>
         <object_component_ref idref="oc-130"/>
      </symbol>
      <symbol id="sm-619">
         <name>_Y_dot_r</name>
         <value>0xffac</value>
         <object_component_ref idref="oc-12f"/>
      </symbol>
      <symbol id="sm-61a">
         <name>_I_right</name>
         <value>0xff90</value>
         <object_component_ref idref="oc-12f"/>
      </symbol>
      <symbol id="sm-61b">
         <name>_X_dot_K_1</name>
         <value>0xffb2</value>
         <object_component_ref idref="oc-12f"/>
      </symbol>
      <symbol id="sm-61c">
         <name>_Yr</name>
         <value>0xffb6</value>
         <object_component_ref idref="oc-12f"/>
      </symbol>
      <symbol id="sm-61d">
         <name>_Xr</name>
         <value>0xffa8</value>
         <object_component_ref idref="oc-12f"/>
      </symbol>
      <symbol id="sm-62e">
         <name>_Example_Fail</name>
         <value>0xff34</value>
         <object_component_ref idref="oc-138"/>
      </symbol>
      <symbol id="sm-62f">
         <name>_Example_Result</name>
         <value>0xff30</value>
         <object_component_ref idref="oc-138"/>
      </symbol>
      <symbol id="sm-630">
         <name>_Example_PassCount</name>
         <value>0xff32</value>
         <object_component_ref idref="oc-138"/>
      </symbol>
      <symbol id="sm-64c">
         <name>_SysCtl_delay</name>
         <value>0x82a5</value>
         <object_component_ref idref="oc-145"/>
      </symbol>
      <symbol id="sm-65a">
         <name>_vsprintf</name>
         <value>0x82bc1</value>
         <object_component_ref idref="oc-22e"/>
      </symbol>
      <symbol id="sm-669">
         <name>_cos</name>
         <value>0x829f4</value>
         <object_component_ref idref="oc-228"/>
      </symbol>
      <symbol id="sm-66a">
         <name>_cosf</name>
         <value>0x829f4</value>
         <object_component_ref idref="oc-228"/>
      </symbol>
      <symbol id="sm-678">
         <name>_sin</name>
         <value>0x82ab1</value>
         <object_component_ref idref="oc-229"/>
      </symbol>
      <symbol id="sm-679">
         <name>_sinf</name>
         <value>0x82ab1</value>
         <object_component_ref idref="oc-229"/>
      </symbol>
      <symbol id="sm-695">
         <name>_c_int00</name>
         <value>0x82b0a</value>
         <object_component_ref idref="oc-84"/>
      </symbol>
      <symbol id="sm-696">
         <name>__stack</name>
         <value>0xb000</value>
         <object_component_ref idref="oc-15a"/>
      </symbol>
      <symbol id="sm-6a7">
         <name>FS$$DIV</name>
         <value>0x8286d</value>
         <object_component_ref idref="oc-160"/>
      </symbol>
      <symbol id="sm-6b3">
         <name>U$$MOD</name>
         <value>0x82e1c</value>
         <object_component_ref idref="oc-165"/>
      </symbol>
      <symbol id="sm-6b4">
         <name>U$$DIV</name>
         <value>0x82e17</value>
         <object_component_ref idref="oc-165"/>
      </symbol>
      <symbol id="sm-6c0">
         <name>UL$$MOD</name>
         <value>0x82c3f</value>
         <object_component_ref idref="oc-16a"/>
      </symbol>
      <symbol id="sm-6c1">
         <name>L$$MOD</name>
         <value>0x82c2a</value>
         <object_component_ref idref="oc-16a"/>
      </symbol>
      <symbol id="sm-6c2">
         <name>L$$DIV</name>
         <value>0x82c1b</value>
         <object_component_ref idref="oc-16a"/>
      </symbol>
      <symbol id="sm-6c3">
         <name>UL$$DIV</name>
         <value>0x82c38</value>
         <object_component_ref idref="oc-16a"/>
      </symbol>
      <symbol id="sm-6d2">
         <name>_copy_in</name>
         <value>0x82ce1</value>
         <object_component_ref idref="oc-221"/>
      </symbol>
      <symbol id="sm-6e4">
         <name>_memcpy</name>
         <value>0x82d80</value>
         <object_component_ref idref="oc-22a"/>
      </symbol>
      <symbol id="sm-6f1">
         <name>__system_pre_init</name>
         <value>0x82e4c</value>
         <object_component_ref idref="oc-220"/>
      </symbol>
      <symbol id="sm-6ff">
         <name>__system_post_cinit</name>
         <value>0x82e4e</value>
         <object_component_ref idref="oc-222"/>
      </symbol>
      <symbol id="sm-714">
         <name>C$$EXIT</name>
         <value>0x82c45</value>
         <object_component_ref idref="oc-224"/>
      </symbol>
      <symbol id="sm-715">
         <name>_exit</name>
         <value>0x82c47</value>
         <object_component_ref idref="oc-224"/>
      </symbol>
      <symbol id="sm-717">
         <name>___TI_cleanup_ptr</name>
         <value>0xff38</value>
         <object_component_ref idref="oc-185"/>
      </symbol>
      <symbol id="sm-718">
         <name>___TI_enable_exit_profile_output</name>
         <value>0xff36</value>
         <object_component_ref idref="oc-185"/>
      </symbol>
      <symbol id="sm-719">
         <name>_abort</name>
         <value>0x82c45</value>
         <object_component_ref idref="oc-224"/>
      </symbol>
      <symbol id="sm-71b">
         <name>___TI_dtors_ptr</name>
         <value>0xff3a</value>
         <object_component_ref idref="oc-185"/>
      </symbol>
      <symbol id="sm-72f">
         <name>__unlock</name>
         <value>0xff3e</value>
         <object_component_ref idref="oc-239"/>
      </symbol>
      <symbol id="sm-730">
         <name>__lock</name>
         <value>0xff3c</value>
         <object_component_ref idref="oc-22b"/>
      </symbol>
      <symbol id="sm-731">
         <name>__register_lock</name>
         <value>0x82e26</value>
         <object_component_ref idref="oc-234"/>
      </symbol>
      <symbol id="sm-733">
         <name>__nop</name>
         <value>0x82e2a</value>
         <object_component_ref idref="oc-234"/>
      </symbol>
      <symbol id="sm-735">
         <name>__register_unlock</name>
         <value>0x82e22</value>
         <object_component_ref idref="oc-234"/>
      </symbol>
      <symbol id="sm-745">
         <name>__args_main</name>
         <value>0x81fe9</value>
         <object_component_ref idref="oc-223"/>
      </symbol>
      <symbol id="sm-753">
         <name>_strlen</name>
         <value>0x82e3d</value>
         <object_component_ref idref="oc-22f"/>
      </symbol>
      <symbol id="sm-8b4">
         <name>___TI_printfi</name>
         <value>0x80b5b</value>
         <object_component_ref idref="oc-236"/>
      </symbol>
      <symbol id="sm-8c5">
         <name>FD$$CMP</name>
         <value>0x82bf1</value>
         <object_component_ref idref="oc-1a0"/>
      </symbol>
      <symbol id="sm-8d7">
         <name>FD$$MPY</name>
         <value>0x828f5</value>
         <object_component_ref idref="oc-1a5"/>
      </symbol>
      <symbol id="sm-8e4">
         <name>FD$$NEG</name>
         <value>0x82e2b</value>
         <object_component_ref idref="oc-1aa"/>
      </symbol>
      <symbol id="sm-8f0">
         <name>FD$$SUB</name>
         <value>0x82dfd</value>
         <object_component_ref idref="oc-1af"/>
      </symbol>
      <symbol id="sm-8ff">
         <name>FD$$TOI</name>
         <value>0x82d05</value>
         <object_component_ref idref="oc-1b4"/>
      </symbol>
      <symbol id="sm-90e">
         <name>FD$$TOL</name>
         <value>0x82d26</value>
         <object_component_ref idref="oc-1b9"/>
      </symbol>
      <symbol id="sm-91a">
         <name>LL$$AND</name>
         <value>0x82dd5</value>
         <object_component_ref idref="oc-1be"/>
      </symbol>
      <symbol id="sm-91b">
         <name>LL$$OR</name>
         <value>0x82ddd</value>
         <object_component_ref idref="oc-1be"/>
      </symbol>
      <symbol id="sm-91c">
         <name>LL$$XOR</name>
         <value>0x82de5</value>
         <object_component_ref idref="oc-1be"/>
      </symbol>
      <symbol id="sm-92a">
         <name>ULL$$CMP</name>
         <value>0x82d57</value>
         <object_component_ref idref="oc-1c3"/>
      </symbol>
      <symbol id="sm-92b">
         <name>LL$$CMP</name>
         <value>0x82d45</value>
         <object_component_ref idref="oc-1c3"/>
      </symbol>
      <symbol id="sm-957">
         <name>ULL$$MOD</name>
         <value>0x82636</value>
         <object_component_ref idref="oc-1c8"/>
      </symbol>
      <symbol id="sm-958">
         <name>ULL$$DIV</name>
         <value>0x82607</value>
         <object_component_ref idref="oc-1c8"/>
      </symbol>
      <symbol id="sm-959">
         <name>LL$$MOD</name>
         <value>0x825cd</value>
         <object_component_ref idref="oc-1c8"/>
      </symbol>
      <symbol id="sm-95a">
         <name>LL$$DIV</name>
         <value>0x82591</value>
         <object_component_ref idref="oc-1c8"/>
      </symbol>
      <symbol id="sm-96a">
         <name>I$$TOFD</name>
         <value>0x82d63</value>
         <object_component_ref idref="oc-1cd"/>
      </symbol>
      <symbol id="sm-97a">
         <name>L$$TOFD</name>
         <value>0x82db9</value>
         <object_component_ref idref="oc-1d2"/>
      </symbol>
      <symbol id="sm-98a">
         <name>FS$$TOFD</name>
         <value>0x82d9d</value>
         <object_component_ref idref="oc-1d7"/>
      </symbol>
      <symbol id="sm-9a1">
         <name>FD$$DIV</name>
         <value>0x827e2</value>
         <object_component_ref idref="oc-1dc"/>
      </symbol>
      <symbol id="sm-9af">
         <name>___TI_ltoa</name>
         <value>0x82b91</value>
         <object_component_ref idref="oc-23b"/>
      </symbol>
      <symbol id="sm-9c4">
         <name>_atoi</name>
         <value>0x82b60</value>
         <object_component_ref idref="oc-23a"/>
      </symbol>
      <symbol id="sm-9cd">
         <name>__ctypes_</name>
         <value>0x83010</value>
         <object_component_ref idref="oc-243"/>
      </symbol>
      <symbol id="sm-9dc">
         <name>_memccpy</name>
         <value>0x82ded</value>
         <object_component_ref idref="oc-241"/>
      </symbol>
      <symbol id="sm-9eb">
         <name>_memset</name>
         <value>0x82e45</value>
         <object_component_ref idref="oc-23f"/>
      </symbol>
      <symbol id="sm-9fb">
         <name>_strchr</name>
         <value>0x82e0b</value>
         <object_component_ref idref="oc-23e"/>
      </symbol>
      <symbol id="sm-a09">
         <name>_strcpy</name>
         <value>0x81ffb</value>
         <object_component_ref idref="oc-240"/>
      </symbol>
      <symbol id="sm-a1d">
         <name>_frexpl</name>
         <value>0x82a57</value>
         <object_component_ref idref="oc-23c"/>
      </symbol>
      <symbol id="sm-a3c">
         <name>_scalbnl</name>
         <value>0x82698</value>
         <object_component_ref idref="oc-23d"/>
      </symbol>
      <symbol id="sm-a3e">
         <name>_ldexpl</name>
         <value>0x82698</value>
         <object_component_ref idref="oc-23d"/>
      </symbol>
      <symbol id="sm-a4c">
         <name>_wcslen</name>
         <value>0x82e34</value>
         <object_component_ref idref="oc-242"/>
      </symbol>
      <symbol id="sm-a5a">
         <name>_copysignl</name>
         <value>0x82cbc</value>
         <object_component_ref idref="oc-244"/>
      </symbol>
      <symbol id="sm-a76">
         <name>FD$$ADD</name>
         <value>0x82746</value>
         <object_component_ref idref="oc-217"/>
      </symbol>
      <symbol id="sm-a80">
         <name>_errno</name>
         <value>0xffbc</value>
         <object_component_ref idref="oc-21e"/>
      </symbol>
   </symbol_table>
   <title>Link successful</title>
</link_info>
