******************************************************************************
             TMS320C2000 Linker Unix v20.2.2                   
******************************************************************************
>> Linked Thu Apr 15 17:55:09 2021

OUTPUT FILE NAME:   <lab6.out>
ENTRY POINT SYMBOL: "_c_int00"  address: 00082b0a


MEMORY CONFIGURATION

         name            origin    length      used     unused   attr    fill
----------------------  --------  ---------  --------  --------  ----  --------
PAGE 0:
  RAMM0                 00000123   000002dd  00000000  000002dd  RWIX
  RAMLS05               00008000   00003000  000002a9  00002d57  RWIX
  BEGIN                 00080000   00000002  00000002  00000000  RWIX
  FLASHA                00080002   00001ffe  00001ff8  00000006  RWIX
  FLASHB                00082000   00002000  000016d1  0000092f  RWIX
  FLASHC                00084000   00002000  00000000  00002000  RWIX
  FLASHD                00086000   00002000  00000000  00002000  RWIX
  FLASHE                00088000   00008000  00000000  00008000  RWIX
  FLASHF                00090000   00008000  00000000  00008000  RWIX
  FLASHG                00098000   00008000  00000000  00008000  RWIX
  FLASHH                000a0000   00008000  00000000  00008000  RWIX
  FLASHI                000a8000   00008000  00000000  00008000  RWIX
  FLASHJ                000b0000   00008000  00000000  00008000  RWIX
  FLASHK                000b8000   00002000  00000000  00002000  RWIX
  FLASHL                000ba000   00002000  00000000  00002000  RWIX
  FLASHM                000bc000   00002000  00000000  00002000  RWIX
  FLASHN                000be000   00001ff0  00000000  00001ff0  RWIX
  RESET                 003fffc0   00000002  00000000  00000002  RWIX

PAGE 1:
  BOOT_RSVD             00000002   00000121  00000000  00000121  RWIX
  RAMM1                 00000400   000003f8  00000000  000003f8  RWIX
  ADCA_RESULT           00000b00   00000020  00000018  00000008  RWIX
  ADCB_RESULT           00000b20   00000020  00000018  00000008  RWIX
  ADCC_RESULT           00000b40   00000020  00000018  00000008  RWIX
  ADCD_RESULT           00000b60   00000020  00000018  00000008  RWIX
  CPU_TIMER0            00000c00   00000008  00000008  00000000  RWIX
  CPU_TIMER1            00000c08   00000008  00000008  00000000  RWIX
  CPU_TIMER2            00000c10   00000008  00000008  00000000  RWIX
  PIE_CTRL              00000ce0   00000020  0000001a  00000006  RWIX
  PIE_VECT              00000d00   00000200  000001c0  00000040  RWIX
  DMA                   00001000   00000200  000000e0  00000120  RWIX
  CLA1                  00001400   00000040  0000003e  00000002  RWIX
  EPWM1                 00004000   00000100  00000100  00000000  RWIX
  EPWM2                 00004100   00000100  00000100  00000000  RWIX
  EPWM3                 00004200   00000100  00000100  00000000  RWIX
  EPWM4                 00004300   00000100  00000100  00000000  RWIX
  EPWM5                 00004400   00000100  00000100  00000000  RWIX
  EPWM6                 00004500   00000100  00000100  00000000  RWIX
  EPWM7                 00004600   00000100  00000100  00000000  RWIX
  EPWM8                 00004700   00000100  00000100  00000000  RWIX
  EPWM9                 00004800   00000100  00000100  00000000  RWIX
  EPWM10                00004900   00000100  00000100  00000000  RWIX
  EPWM11                00004a00   00000100  00000100  00000000  RWIX
  EPWM12                00004b00   00000100  00000100  00000000  RWIX
  ECAP1                 00005000   00000020  00000020  00000000  RWIX
  ECAP2                 00005020   00000020  00000020  00000000  RWIX
  ECAP3                 00005040   00000020  00000020  00000000  RWIX
  ECAP4                 00005060   00000020  00000020  00000000  RWIX
  ECAP5                 00005080   00000020  00000020  00000000  RWIX
  ECAP6                 000050a0   00000020  00000020  00000000  RWIX
  EQEP1                 00005100   00000040  00000022  0000001e  RWIX
  EQEP2                 00005140   00000040  00000022  0000001e  RWIX
  EQEP3                 00005180   00000040  00000022  0000001e  RWIX
  DACA                  00005c00   00000010  00000008  00000008  RWIX
  DACB                  00005c10   00000010  00000008  00000008  RWIX
  DACC                  00005c20   00000010  00000008  00000008  RWIX
  CMPSS1                00005c80   00000020  00000020  00000000  RWIX
  CMPSS2                00005ca0   00000020  00000020  00000000  RWIX
  CMPSS3                00005cc0   00000020  00000020  00000000  RWIX
  CMPSS4                00005ce0   00000020  00000020  00000000  RWIX
  CMPSS5                00005d00   00000020  00000020  00000000  RWIX
  CMPSS6                00005d20   00000020  00000020  00000000  RWIX
  CMPSS7                00005d40   00000020  00000020  00000000  RWIX
  CMPSS8                00005d60   00000020  00000020  00000000  RWIX
  SDFM1                 00005e00   00000080  00000080  00000000  RWIX
  SDFM2                 00005e80   00000080  00000080  00000000  RWIX
  MCBSPA                00006000   00000040  00000024  0000001c  RWIX
  MCBSPB                00006040   00000040  00000024  0000001c  RWIX
  SPIA                  00006100   00000010  00000010  00000000  RWIX
  SPIB                  00006110   00000010  00000010  00000000  RWIX
  SPIC                  00006120   00000010  00000010  00000000  RWIX
  SPID                  00006130   00000010  00000000  00000010  RWIX
  UPP                   00006200   00000100  00000048  000000b8  RWIX
  WD                    00007000   00000040  0000002b  00000015  RWIX
  NMIINTRUPT            00007060   00000010  00000007  00000009  RWIX
  XINT                  00007070   00000010  0000000b  00000005  RWIX
  SCIA                  00007200   00000010  00000010  00000000  RWIX
  SCIB                  00007210   00000010  00000010  00000000  RWIX
  SCIC                  00007220   00000010  00000010  00000000  RWIX
  SCID                  00007230   00000010  00000010  00000000  RWIX
  I2CA                  00007300   00000040  00000022  0000001e  RWIX
  I2CB                  00007340   00000040  00000022  0000001e  RWIX
  ADCA                  00007400   00000080  00000080  00000000  RWIX
  ADCB                  00007480   00000080  00000080  00000000  RWIX
  ADCC                  00007500   00000080  00000080  00000000  RWIX
  ADCD                  00007580   00000080  00000080  00000000  RWIX
  INPUT_XBAR            00007900   00000020  00000020  00000000  RWIX
  XBAR                  00007920   00000020  00000020  00000000  RWIX
  SYNC_SOC              00007940   00000010  00000006  0000000a  RWIX
  DMACLASRCSEL          00007980   00000040  0000001a  00000026  RWIX
  EPWM_XBAR             00007a00   00000040  00000040  00000000  RWIX
  CLB_XBAR              00007a40   00000040  00000000  00000040  RWIX
  OUTPUT_XBAR           00007a80   00000040  00000040  00000000  RWIX
  GPIOCTRL              00007c00   00000180  00000180  00000000  RWIX
  GPIODAT               00007f00   00000030  00000030  00000000  RWIX
  RAMD01                0000b000   00001000  00000800  00000800  RWIX
  RAMGS115              0000d000   0000eff8  00002fd5  0000c023  RWIX
  CPU2TOCPU1RAM         0003f800   00000400  00000000  00000400  RWIX
  CPU1TOCPU2RAM         0003fc00   00000400  00000000  00000400  RWIX
  EMIF1                 00047000   00000800  00000070  00000790  RWIX
  EMIF2                 00047800   00000800  00000070  00000790  RWIX
  CANA                  00048000   00000800  00000164  0000069c  RWIX
  CANB                  0004a000   00000800  00000164  0000069c  RWIX
  IPC                   00050000   00000024  00000024  00000000  RWIX
  FLASHPUMPSEMAPHORE    00050024   00000002  00000002  00000000  RWIX
  DEV_CFG               0005d000   00000180  0000012e  00000052  RWIX
  ANALOG_SUBSYS         0005d180   00000080  00000048  00000038  RWIX
  CLK_CFG               0005d200   00000100  00000032  000000ce  RWIX
  CPU_SYS               0005d300   00000100  00000082  0000007e  RWIX
  ROMPREFETCH           0005e608   00000002  00000002  00000000  RWIX
  DCSM_Z1               0005f000   00000030  00000024  0000000c  RWIX
  DCSM_Z2               0005f040   00000030  00000024  0000000c  RWIX
  DCSM_COMMON           0005f070   00000010  00000008  00000008  RWIX
  MEMCFG                0005f400   00000080  00000080  00000000  RWIX
  EMIF1CONFIG           0005f480   00000020  00000020  00000000  RWIX
  EMIF2CONFIG           0005f4a0   00000020  00000020  00000000  RWIX
  ACCESSPROTECTION      0005f4c0   00000040  00000040  00000000  RWIX
  MEMORYERROR           0005f500   00000040  00000040  00000000  RWIX
  ROMWAITSTATE          0005f540   00000002  00000002  00000000  RWIX
  FLASH0_CTRL           0005f800   00000300  00000182  0000017e  RWIX
  FLASH0_ECC            0005fb00   00000040  00000028  00000018  RWIX


SECTION ALLOCATION MAP

 output                                  attributes/
section   page    origin      length       input sections
--------  ----  ----------  ----------   ----------------
codestart 
*          0    00080000    00000002     
                  00080000    00000002     F2837xD_CodeStartBranch.obj (codestart)

.cinit     0    00083580    0000015f     
                  00083580    00000132     lab6_main.obj (.cinit)
                  000836b2    0000000f     device.obj (.cinit)
                  000836c1    0000000e     rts2800_fpu32.lib : exit.c.obj (.cinit)
                  000836cf    00000005                       : _lock.c.obj (.cinit:__lock)
                  000836d4    00000005                       : _lock.c.obj (.cinit:__unlock)
                  000836d9    00000004                       : errno.c.obj (.cinit)
                  000836dd    00000002     --HOLE-- [fill = 0]

.stack     1    0000b000    00000800     UNINITIALIZED
                  0000b000    00000800     --HOLE--

.reset     0    003fffc0    00000002     DSECT
                  003fffc0    00000002     rts2800_fpu32.lib : boot28.asm.obj (.reset)

.pinit     0    00080008    00000000     UNINITIALIZED

.econst    0    00082e50    0000047a     
                  00082e50    000001c0     F2837xD_PieVect.obj (.econst:_PieVectTableInit)
                  00083010    00000101     rts2800_fpu32.lib : ctype.c.obj (.econst:.string:__ctypes_)
                  00083111    00000001     --HOLE-- [fill = 0]
                  00083112    000000bf     driverlib_coff.lib : flash.obj (.econst:.string)
                  000831d1    00000001     --HOLE-- [fill = 0]
                  000831d2    00000060                        : sysctl.obj (.econst:.string)
                  00083232    00000026     rts2800_fpu32.lib : _printfi.c.obj (.econst:.string)
                  00083258    0000001e     lab6_main.obj (.econst:.string)
                  00083276    0000001c     rts2800_fpu32.lib : _printfi.c.obj (.econst)
                  00083292    0000001c                       : s_scalbn.c.obj (.econst)
                  000832ae    00000013     device.obj (.econst:.string)
                  000832c1    00000001     --HOLE-- [fill = 0]
                  000832c2    00000008     rts2800_fpu32.lib : s_frexp.c.obj (.econst)

.TI.ramfunc 
*          0    000832d0    000002a9     RUN ADDR = 00008000
                  000832d0    000001e0     F28379dSerial.obj (.TI.ramfunc:retain)
                  000834b0    0000008a     F28379dSerial.obj (.TI.ramfunc)
                  0008353a    00000037     F2837xD_SysCtrl.obj (.TI.ramfunc)
                  00083571    00000004     F2837xD_usDelay.obj (.TI.ramfunc)
                  00083575    00000004     driverlib_coff.lib : sysctl.obj (.TI.ramfunc)

GETBUFFER 
*          0    0003f800    00000000     DSECT

GETWRITEIDX 
*          0    0003f800    00000000     DSECT

PUTREADIDX 
*          0    0003f800    00000000     DSECT

AdcaResultFile 
*          1    00000b00    00000018     UNINITIALIZED
                  00000b00    00000018     F2837xD_GlobalVariableDefs.obj (AdcaResultFile)

AdcbResultFile 
*          1    00000b20    00000018     UNINITIALIZED
                  00000b20    00000018     F2837xD_GlobalVariableDefs.obj (AdcbResultFile)

AdccResultFile 
*          1    00000b40    00000018     UNINITIALIZED
                  00000b40    00000018     F2837xD_GlobalVariableDefs.obj (AdccResultFile)

AdcdResultFile 
*          1    00000b60    00000018     UNINITIALIZED
                  00000b60    00000018     F2837xD_GlobalVariableDefs.obj (AdcdResultFile)

CpuTimer0RegsFile 
*          1    00000c00    00000008     UNINITIALIZED
                  00000c00    00000008     F2837xD_GlobalVariableDefs.obj (CpuTimer0RegsFile)

CpuTimer1RegsFile 
*          1    00000c08    00000008     UNINITIALIZED
                  00000c08    00000008     F2837xD_GlobalVariableDefs.obj (CpuTimer1RegsFile)

CpuTimer2RegsFile 
*          1    00000c10    00000008     UNINITIALIZED
                  00000c10    00000008     F2837xD_GlobalVariableDefs.obj (CpuTimer2RegsFile)

PieCtrlRegsFile 
*          1    00000ce0    0000001a     UNINITIALIZED
                  00000ce0    0000001a     F2837xD_GlobalVariableDefs.obj (PieCtrlRegsFile)

PieVectTableFile 
*          1    00000d00    000001c0     UNINITIALIZED
                  00000d00    000001c0     F2837xD_GlobalVariableDefs.obj (PieVectTableFile)

EmuBModeVar 
*          1    00000d00    00000001     UNINITIALIZED
                  00000d00    00000001     F2837xD_GlobalVariableDefs.obj (EmuBModeVar)

EmuBootPinsVar 
*          1    00000d01    00000001     UNINITIALIZED
                  00000d01    00000001     F2837xD_GlobalVariableDefs.obj (EmuBootPinsVar)

DmaRegsFile 
*          1    00001000    000000e0     UNINITIALIZED
                  00001000    000000e0     F2837xD_GlobalVariableDefs.obj (DmaRegsFile)

Cla1RegsFile 
*          1    00001400    0000003e     UNINITIALIZED
                  00001400    0000003e     F2837xD_GlobalVariableDefs.obj (Cla1RegsFile)

EPwm1RegsFile 
*          1    00004000    00000100     UNINITIALIZED
                  00004000    00000100     F2837xD_GlobalVariableDefs.obj (EPwm1RegsFile)

EPwm2RegsFile 
*          1    00004100    00000100     UNINITIALIZED
                  00004100    00000100     F2837xD_GlobalVariableDefs.obj (EPwm2RegsFile)

EPwm3RegsFile 
*          1    00004200    00000100     UNINITIALIZED
                  00004200    00000100     F2837xD_GlobalVariableDefs.obj (EPwm3RegsFile)

EPwm4RegsFile 
*          1    00004300    00000100     UNINITIALIZED
                  00004300    00000100     F2837xD_GlobalVariableDefs.obj (EPwm4RegsFile)

EPwm5RegsFile 
*          1    00004400    00000100     UNINITIALIZED
                  00004400    00000100     F2837xD_GlobalVariableDefs.obj (EPwm5RegsFile)

EPwm6RegsFile 
*          1    00004500    00000100     UNINITIALIZED
                  00004500    00000100     F2837xD_GlobalVariableDefs.obj (EPwm6RegsFile)

EPwm7RegsFile 
*          1    00004600    00000100     UNINITIALIZED
                  00004600    00000100     F2837xD_GlobalVariableDefs.obj (EPwm7RegsFile)

EPwm8RegsFile 
*          1    00004700    00000100     UNINITIALIZED
                  00004700    00000100     F2837xD_GlobalVariableDefs.obj (EPwm8RegsFile)

EPwm9RegsFile 
*          1    00004800    00000100     UNINITIALIZED
                  00004800    00000100     F2837xD_GlobalVariableDefs.obj (EPwm9RegsFile)

EPwm10RegsFile 
*          1    00004900    00000100     UNINITIALIZED
                  00004900    00000100     F2837xD_GlobalVariableDefs.obj (EPwm10RegsFile)

EPwm11RegsFile 
*          1    00004a00    00000100     UNINITIALIZED
                  00004a00    00000100     F2837xD_GlobalVariableDefs.obj (EPwm11RegsFile)

EPwm12RegsFile 
*          1    00004b00    00000100     UNINITIALIZED
                  00004b00    00000100     F2837xD_GlobalVariableDefs.obj (EPwm12RegsFile)

ECap1RegsFile 
*          1    00005000    00000020     UNINITIALIZED
                  00005000    00000020     F2837xD_GlobalVariableDefs.obj (ECap1RegsFile)

ECap2RegsFile 
*          1    00005020    00000020     UNINITIALIZED
                  00005020    00000020     F2837xD_GlobalVariableDefs.obj (ECap2RegsFile)

ECap3RegsFile 
*          1    00005040    00000020     UNINITIALIZED
                  00005040    00000020     F2837xD_GlobalVariableDefs.obj (ECap3RegsFile)

ECap4RegsFile 
*          1    00005060    00000020     UNINITIALIZED
                  00005060    00000020     F2837xD_GlobalVariableDefs.obj (ECap4RegsFile)

ECap5RegsFile 
*          1    00005080    00000020     UNINITIALIZED
                  00005080    00000020     F2837xD_GlobalVariableDefs.obj (ECap5RegsFile)

ECap6RegsFile 
*          1    000050a0    00000020     UNINITIALIZED
                  000050a0    00000020     F2837xD_GlobalVariableDefs.obj (ECap6RegsFile)

EQep1RegsFile 
*          1    00005100    00000022     UNINITIALIZED
                  00005100    00000022     F2837xD_GlobalVariableDefs.obj (EQep1RegsFile)

EQep2RegsFile 
*          1    00005140    00000022     UNINITIALIZED
                  00005140    00000022     F2837xD_GlobalVariableDefs.obj (EQep2RegsFile)

EQep3RegsFile 
*          1    00005180    00000022     UNINITIALIZED
                  00005180    00000022     F2837xD_GlobalVariableDefs.obj (EQep3RegsFile)

DacaRegsFile 
*          1    00005c00    00000008     UNINITIALIZED
                  00005c00    00000008     F2837xD_GlobalVariableDefs.obj (DacaRegsFile)

DacbRegsFile 
*          1    00005c10    00000008     UNINITIALIZED
                  00005c10    00000008     F2837xD_GlobalVariableDefs.obj (DacbRegsFile)

DaccRegsFile 
*          1    00005c20    00000008     UNINITIALIZED
                  00005c20    00000008     F2837xD_GlobalVariableDefs.obj (DaccRegsFile)

Sdfm1RegsFile 
*          1    00005e00    00000080     UNINITIALIZED
                  00005e00    00000080     F2837xD_GlobalVariableDefs.obj (Sdfm1RegsFile)

Sdfm2RegsFile 
*          1    00005e80    00000080     UNINITIALIZED
                  00005e80    00000080     F2837xD_GlobalVariableDefs.obj (Sdfm2RegsFile)

McbspaRegsFile 
*          1    00006000    00000024     UNINITIALIZED
                  00006000    00000024     F2837xD_GlobalVariableDefs.obj (McbspaRegsFile)

McbspbRegsFile 
*          1    00006040    00000024     UNINITIALIZED
                  00006040    00000024     F2837xD_GlobalVariableDefs.obj (McbspbRegsFile)

SpiaRegsFile 
*          1    00006100    00000010     UNINITIALIZED
                  00006100    00000010     F2837xD_GlobalVariableDefs.obj (SpiaRegsFile)

SpibRegsFile 
*          1    00006110    00000010     UNINITIALIZED
                  00006110    00000010     F2837xD_GlobalVariableDefs.obj (SpibRegsFile)

SpicRegsFile 
*          1    00006120    00000010     UNINITIALIZED
                  00006120    00000010     F2837xD_GlobalVariableDefs.obj (SpicRegsFile)

UppRegsFile 
*          1    00006200    00000048     UNINITIALIZED
                  00006200    00000048     F2837xD_GlobalVariableDefs.obj (UppRegsFile)

WdRegsFile 
*          1    00007000    0000002b     UNINITIALIZED
                  00007000    0000002b     F2837xD_GlobalVariableDefs.obj (WdRegsFile)

NmiIntruptRegsFile 
*          1    00007060    00000007     UNINITIALIZED
                  00007060    00000007     F2837xD_GlobalVariableDefs.obj (NmiIntruptRegsFile)

XintRegsFile 
*          1    00007070    0000000b     UNINITIALIZED
                  00007070    0000000b     F2837xD_GlobalVariableDefs.obj (XintRegsFile)

SciaRegsFile 
*          1    00007200    00000010     UNINITIALIZED
                  00007200    00000010     F2837xD_GlobalVariableDefs.obj (SciaRegsFile)

ScibRegsFile 
*          1    00007210    00000010     UNINITIALIZED
                  00007210    00000010     F2837xD_GlobalVariableDefs.obj (ScibRegsFile)

ScicRegsFile 
*          1    00007220    00000010     UNINITIALIZED
                  00007220    00000010     F2837xD_GlobalVariableDefs.obj (ScicRegsFile)

ScidRegsFile 
*          1    00007230    00000010     UNINITIALIZED
                  00007230    00000010     F2837xD_GlobalVariableDefs.obj (ScidRegsFile)

I2caRegsFile 
*          1    00007300    00000022     UNINITIALIZED
                  00007300    00000022     F2837xD_GlobalVariableDefs.obj (I2caRegsFile)

I2cbRegsFile 
*          1    00007340    00000022     UNINITIALIZED
                  00007340    00000022     F2837xD_GlobalVariableDefs.obj (I2cbRegsFile)

AdcaRegsFile 
*          1    00007400    00000080     UNINITIALIZED
                  00007400    00000080     F2837xD_GlobalVariableDefs.obj (AdcaRegsFile)

AdcbRegsFile 
*          1    00007480    00000080     UNINITIALIZED
                  00007480    00000080     F2837xD_GlobalVariableDefs.obj (AdcbRegsFile)

AdccRegsFile 
*          1    00007500    00000080     UNINITIALIZED
                  00007500    00000080     F2837xD_GlobalVariableDefs.obj (AdccRegsFile)

AdcdRegsFile 
*          1    00007580    00000080     UNINITIALIZED
                  00007580    00000080     F2837xD_GlobalVariableDefs.obj (AdcdRegsFile)

InputXbarRegsFile 
*          1    00007900    00000020     UNINITIALIZED
                  00007900    00000020     F2837xD_GlobalVariableDefs.obj (InputXbarRegsFile)

XbarRegsFile 
*          1    00007920    00000020     UNINITIALIZED
                  00007920    00000020     F2837xD_GlobalVariableDefs.obj (XbarRegsFile)

SyncSocRegsFile 
*          1    00007940    00000006     UNINITIALIZED
                  00007940    00000006     F2837xD_GlobalVariableDefs.obj (SyncSocRegsFile)

DmaClaSrcSelRegsFile 
*          1    00007980    0000001a     UNINITIALIZED
                  00007980    0000001a     F2837xD_GlobalVariableDefs.obj (DmaClaSrcSelRegsFile)

EPwmXbarRegsFile 
*          1    00007a00    00000040     UNINITIALIZED
                  00007a00    00000040     F2837xD_GlobalVariableDefs.obj (EPwmXbarRegsFile)

OutputXbarRegsFile 
*          1    00007a80    00000040     UNINITIALIZED
                  00007a80    00000040     F2837xD_GlobalVariableDefs.obj (OutputXbarRegsFile)

GpioCtrlRegsFile 
*          1    00007c00    00000180     UNINITIALIZED
                  00007c00    00000180     F2837xD_GlobalVariableDefs.obj (GpioCtrlRegsFile)

GpioDataRegsFile 
*          1    00007f00    00000030     UNINITIALIZED
                  00007f00    00000030     F2837xD_GlobalVariableDefs.obj (GpioDataRegsFile)

Emif1RegsFile 
*          1    00047000    00000070     UNINITIALIZED
                  00047000    00000070     F2837xD_GlobalVariableDefs.obj (Emif1RegsFile)

Emif2RegsFile 
*          1    00047800    00000070     UNINITIALIZED
                  00047800    00000070     F2837xD_GlobalVariableDefs.obj (Emif2RegsFile)

CanaRegsFile 
*          1    00048000    00000164     UNINITIALIZED
                  00048000    00000164     F2837xD_GlobalVariableDefs.obj (CanaRegsFile)

CanbRegsFile 
*          1    0004a000    00000164     UNINITIALIZED
                  0004a000    00000164     F2837xD_GlobalVariableDefs.obj (CanbRegsFile)

AnalogSubsysRegsFile 
*          1    0005d180    00000048     UNINITIALIZED
                  0005d180    00000048     F2837xD_GlobalVariableDefs.obj (AnalogSubsysRegsFile)

Cla1SoftIntRegsFile 
*          1    00000ce0    00000004     DSECT
                  00000ce0    00000004     F2837xD_GlobalVariableDefs.obj (Cla1SoftIntRegsFile)

Cmpss1RegsFile 
*          1    00005c80    00000020     UNINITIALIZED
                  00005c80    00000020     F2837xD_GlobalVariableDefs.obj (Cmpss1RegsFile)

Cmpss2RegsFile 
*          1    00005ca0    00000020     UNINITIALIZED
                  00005ca0    00000020     F2837xD_GlobalVariableDefs.obj (Cmpss2RegsFile)

Cmpss3RegsFile 
*          1    00005cc0    00000020     UNINITIALIZED
                  00005cc0    00000020     F2837xD_GlobalVariableDefs.obj (Cmpss3RegsFile)

Cmpss4RegsFile 
*          1    00005ce0    00000020     UNINITIALIZED
                  00005ce0    00000020     F2837xD_GlobalVariableDefs.obj (Cmpss4RegsFile)

Cmpss5RegsFile 
*          1    00005d00    00000020     UNINITIALIZED
                  00005d00    00000020     F2837xD_GlobalVariableDefs.obj (Cmpss5RegsFile)

Cmpss6RegsFile 
*          1    00005d20    00000020     UNINITIALIZED
                  00005d20    00000020     F2837xD_GlobalVariableDefs.obj (Cmpss6RegsFile)

Cmpss7RegsFile 
*          1    00005d40    00000020     UNINITIALIZED
                  00005d40    00000020     F2837xD_GlobalVariableDefs.obj (Cmpss7RegsFile)

Cmpss8RegsFile 
*          1    00005d60    00000020     UNINITIALIZED
                  00005d60    00000020     F2837xD_GlobalVariableDefs.obj (Cmpss8RegsFile)

IpcRegsFile 
*          1    00050000    00000024     UNINITIALIZED
                  00050000    00000024     F2837xD_GlobalVariableDefs.obj (IpcRegsFile)

FlashPumpSemaphoreRegsFile 
*          1    00050024    00000002     UNINITIALIZED
                  00050024    00000002     F2837xD_GlobalVariableDefs.obj (FlashPumpSemaphoreRegsFile)

RomPrefetchRegsFile 
*          1    0005e608    00000002     UNINITIALIZED
                  0005e608    00000002     F2837xD_GlobalVariableDefs.obj (RomPrefetchRegsFile)

DcsmZ1RegsFile 
*          1    0005f000    00000024     UNINITIALIZED
                  0005f000    00000024     F2837xD_GlobalVariableDefs.obj (DcsmZ1RegsFile)

DcsmZ2RegsFile 
*          1    0005f040    00000024     UNINITIALIZED
                  0005f040    00000024     F2837xD_GlobalVariableDefs.obj (DcsmZ2RegsFile)

DcsmCommonRegsFile 
*          1    0005f070    00000008     UNINITIALIZED
                  0005f070    00000008     F2837xD_GlobalVariableDefs.obj (DcsmCommonRegsFile)

MemCfgRegsFile 
*          1    0005f400    00000080     UNINITIALIZED
                  0005f400    00000080     F2837xD_GlobalVariableDefs.obj (MemCfgRegsFile)

Emif1ConfigRegsFile 
*          1    0005f480    00000020     UNINITIALIZED
                  0005f480    00000020     F2837xD_GlobalVariableDefs.obj (Emif1ConfigRegsFile)

Emif2ConfigRegsFile 
*          1    0005f4a0    00000020     UNINITIALIZED
                  0005f4a0    00000020     F2837xD_GlobalVariableDefs.obj (Emif2ConfigRegsFile)

AccessProtectionRegsFile 
*          1    0005f4c0    00000040     UNINITIALIZED
                  0005f4c0    00000040     F2837xD_GlobalVariableDefs.obj (AccessProtectionRegsFile)

MemoryErrorRegsFile 
*          1    0005f500    00000040     UNINITIALIZED
                  0005f500    00000040     F2837xD_GlobalVariableDefs.obj (MemoryErrorRegsFile)

RomWaitStateRegsFile 
*          1    0005f540    00000002     UNINITIALIZED
                  0005f540    00000002     F2837xD_GlobalVariableDefs.obj (RomWaitStateRegsFile)

Flash0CtrlRegsFile 
*          1    0005f800    00000182     UNINITIALIZED
                  0005f800    00000182     F2837xD_GlobalVariableDefs.obj (Flash0CtrlRegsFile)

Flash0EccRegsFile 
*          1    0005fb00    00000028     UNINITIALIZED
                  0005fb00    00000028     F2837xD_GlobalVariableDefs.obj (Flash0EccRegsFile)

DevCfgRegsFile 
*          1    0005d000    0000012e     UNINITIALIZED
                  0005d000    0000012e     F2837xD_GlobalVariableDefs.obj (DevCfgRegsFile)

ClkCfgRegsFile 
*          1    0005d200    00000032     UNINITIALIZED
                  0005d200    00000032     F2837xD_GlobalVariableDefs.obj (ClkCfgRegsFile)

CpuSysRegsFile 
*          1    0005d300    00000082     UNINITIALIZED
                  0005d300    00000082     F2837xD_GlobalVariableDefs.obj (CpuSysRegsFile)

.text.1    0    00080008    00001ff8     
                  00080008    00000ce4     rts2800_fpu32.lib : _printfi.c.obj (.text)
                  00080cec    00000612     lab6_main.obj (.text)
                  000812fe    00000585     F2837xD_DefaultISR.obj (.text:retain)
                  00081883    000004b4     F2837xD_SysCtrl.obj (.text)
                  00081d37    000002b2     F28379dSerial.obj (.text)
                  00081fe9    00000012     rts2800_fpu32.lib : args_main.c.obj (.text)
                  00081ffb    00000005                       : strcpy.c.obj (.text)

.text.2    0    00082000    00000e4f     
                  00082000    0000034d     lab6_main.obj (.text:retain)
                  0008234d    00000244     F2837xD_Gpio.obj (.text)
                  00082591    00000107     rts2800_fpu32.lib : ll_div28.asm.obj (.text)
                  00082698    000000ae                       : s_scalbn.c.obj (.text)
                  00082746    0000009c                       : fd_add28.asm.obj (.text)
                  000827e2    0000008b                       : fd_div28.asm.obj (.text)
                  0008286d    00000088                       : fs_div28.asm.obj (.text)
                  000828f5    00000083                       : fd_mpy28.asm.obj (.text)
                  00082978    0000007c     F2837xD_CpuTimers.obj (.text)
                  000829f4    00000063     rts2800_fpu32.lib : s_cosf.c.obj (.text)
                  00082a57    0000005a                       : s_frexp.c.obj (.text)
                  00082ab1    00000059                       : s_sinf.c.obj (.text)
                  00082b0a    00000056                       : boot28.asm.obj (.text)
                  00082b60    00000031                       : atoi.c.obj (.text)
                  00082b91    00000030                       : _ltoa.c.obj (.text)
                  00082bc1    00000030                       : vsprintf.c.obj (.text)
                  00082bf1    0000002a                       : fd_cmp28.asm.obj (.text)
                  00082c1b    0000002a                       : l_div28.asm.obj (.text)
                  00082c45    00000029                       : exit.c.obj (.text)
                  00082c6e    00000028     F2837xD_PieCtrl.obj (.text)
                  00082c96    00000026     F2837xD_PieVect.obj (.text)
                  00082cbc    00000025     rts2800_fpu32.lib : s_copysign.c.obj (.text)
                  00082ce1    00000024                       : cpy_tbl.c.obj (.text)
                  00082d05    00000021                       : fd_toi28.asm.obj (.text)
                  00082d26    0000001f                       : fd_tol28.asm.obj (.text)
                  00082d45    0000001e                       : ll_cmp28.asm.obj (.text)
                  00082d63    0000001d                       : i_tofd28.asm.obj (.text)
                  00082d80    0000001d                       : memcpy.c.obj (.text)
                  00082d9d    0000001c                       : fs_tofdfpu32.asm.obj (.text)
                  00082db9    0000001c                       : l_tofd28.asm.obj (.text)
                  00082dd5    00000018                       : ll_aox28.asm.obj (.text)
                  00082ded    00000010                       : memccpy.c.obj (.text)
                  00082dfd    0000000e                       : fd_sub28.asm.obj (.text)
                  00082e0b    0000000c                       : strchr.c.obj (.text)
                  00082e17    0000000b                       : u_div28.asm.obj (.text)
                  00082e22    00000009                       : _lock.c.obj (.text)
                  00082e2b    00000009                       : fd_neg28.asm.obj (.text)
                  00082e34    00000009                       : wcslen.c.obj (.text)
                  00082e3d    00000008                       : strlen.c.obj (.text)
                  00082e45    00000007                       : memset.c.obj (.text)
                  00082e4c    00000002                       : pre_init.c.obj (.text)
                  00082e4e    00000001                       : startup.c.obj (.text)

.ebss.1    1    0000d000    00002fbd     UNINITIALIZED
                  0000d000    00002f30     F28379dSerial.obj (.ebss)
                  0000ff30    00000006     device.obj (.ebss)
                  0000ff36    00000006     rts2800_fpu32.lib : exit.c.obj (.ebss)
                  0000ff3c    00000002                       : _lock.c.obj (.ebss:__lock)
                  0000ff3e    00000002                       : _lock.c.obj (.ebss:__unlock)
                  0000ff40    0000007c     lab6_main.obj (.ebss)
                  0000ffbc    00000001     rts2800_fpu32.lib : errno.c.obj (.ebss)

.ebss.2    1    0000ffc0    00000018     UNINITIALIZED
                  0000ffc0    00000018     F2837xD_CpuTimers.obj (.ebss)

MODULE SUMMARY

       Module                           code    initialized data   uninitialized data
       ------                           ----    ----------------   ------------------
    ./
       F28379dSerial.obj                1926    0                  12080             
       F2837xD_GlobalVariableDefs.obj   0       0                  8695              
       lab6_main.obj                    2399    336                124               
       F2837xD_DefaultISR.obj           1413    0                  0                 
       F2837xD_SysCtrl.obj              1314    0                  0                 
       F2837xD_Gpio.obj                 580     0                  0                 
       F2837xD_PieVect.obj              38      448                0                 
       F2837xD_CpuTimers.obj            124     0                  24                
       F2837xD_PieCtrl.obj              40      0                  0                 
       F2837xD_usDelay.obj              8       0                  0                 
       F2837xD_CodeStartBranch.obj      2       0                  0                 
    +--+--------------------------------+-------+------------------+--------------------+
       Total:                           7844    784                20923             
                                                                                     
    ./device/
       device.obj                       0       34                 6                 
    +--+--------------------------------+-------+------------------+--------------------+
       Total:                           0       34                 6                 
                                                                                     
    /Applications/ti/ccs1020/ccs/tools/compiler/ti-cgt-c2000_20.2.2.LTS/lib/rts2800_fpu32.lib
       _printfi.c.obj                   3300    66                 0                 
       ll_div28.asm.obj                 263     0                  0                 
       ctype.c.obj                      0       257                0                 
       s_scalbn.c.obj                   174     28                 0                 
       fd_add28.asm.obj                 156     0                  0                 
       fd_div28.asm.obj                 139     0                  0                 
       fs_div28.asm.obj                 136     0                  0                 
       fd_mpy28.asm.obj                 131     0                  0                 
       s_cosf.c.obj                     99      0                  0                 
       s_frexp.c.obj                    90      8                  0                 
       s_sinf.c.obj                     89      0                  0                 
       boot28.asm.obj                   86      0                  0                 
       exit.c.obj                       41      14                 6                 
       atoi.c.obj                       49      0                  0                 
       _ltoa.c.obj                      48      0                  0                 
       vsprintf.c.obj                   48      0                  0                 
       fd_cmp28.asm.obj                 42      0                  0                 
       l_div28.asm.obj                  42      0                  0                 
       s_copysign.c.obj                 37      0                  0                 
       cpy_tbl.c.obj                    36      0                  0                 
       fd_toi28.asm.obj                 33      0                  0                 
       fd_tol28.asm.obj                 31      0                  0                 
       ll_cmp28.asm.obj                 30      0                  0                 
       i_tofd28.asm.obj                 29      0                  0                 
       memcpy.c.obj                     29      0                  0                 
       fs_tofdfpu32.asm.obj             28      0                  0                 
       l_tofd28.asm.obj                 28      0                  0                 
       ll_aox28.asm.obj                 24      0                  0                 
       _lock.c.obj                      9       10                 4                 
       args_main.c.obj                  18      0                  0                 
       memccpy.c.obj                    16      0                  0                 
       fd_sub28.asm.obj                 14      0                  0                 
       strchr.c.obj                     12      0                  0                 
       u_div28.asm.obj                  11      0                  0                 
       fd_neg28.asm.obj                 9       0                  0                 
       wcslen.c.obj                     9       0                  0                 
       strlen.c.obj                     8       0                  0                 
       memset.c.obj                     7       0                  0                 
       errno.c.obj                      0       4                  1                 
       strcpy.c.obj                     5       0                  0                 
       pre_init.c.obj                   2       0                  0                 
       startup.c.obj                    1       0                  0                 
    +--+--------------------------------+-------+------------------+--------------------+
       Total:                           5359    387                11                
                                                                                     
    /Users/pranjalsinha/Desktop/SE423/pranjal5/C2000Ware_3_02_00_00_F28379D/driverlib/f2837xd/driverlib/ccs/Debug/driverlib_coff.lib
       flash.obj                        0       191                0                 
       sysctl.obj                       8       96                 0                 
    +--+--------------------------------+-------+------------------+--------------------+
       Total:                           8       287                0                 
                                                                                     
       Stack:                           0       0                  2048              
    +--+--------------------------------+-------+------------------+--------------------+
       Grand Total:                     13211   1492               22988             


GLOBAL DATA SYMBOLS: SORTED BY DATA PAGE

address     data page           name
--------    ----------------    ----
00000b00      2c (00000b00)     _AdcaResultRegs
00000b20      2c (00000b00)     _AdcbResultRegs

00000b40      2d (00000b40)     _AdccResultRegs
00000b60      2d (00000b40)     _AdcdResultRegs

00000c00      30 (00000c00)     _CpuTimer0Regs
00000c08      30 (00000c00)     _CpuTimer1Regs
00000c10      30 (00000c00)     _CpuTimer2Regs

00000ce0      33 (00000cc0)     _Cla1SoftIntRegs
00000ce0      33 (00000cc0)     _PieCtrlRegs

00000d00      34 (00000d00)     _EmuBMode
00000d00      34 (00000d00)     _PieVectTable
00000d01      34 (00000d00)     _EmuBootPins

00001000      40 (00001000)     _DmaRegs

00001400      50 (00001400)     _Cla1Regs

00004000     100 (00004000)     _EPwm1Regs

00004100     104 (00004100)     _EPwm2Regs

00004200     108 (00004200)     _EPwm3Regs

00004300     10c (00004300)     _EPwm4Regs

00004400     110 (00004400)     _EPwm5Regs

00004500     114 (00004500)     _EPwm6Regs

00004600     118 (00004600)     _EPwm7Regs

00004700     11c (00004700)     _EPwm8Regs

00004800     120 (00004800)     _EPwm9Regs

00004900     124 (00004900)     _EPwm10Regs

00004a00     128 (00004a00)     _EPwm11Regs

00004b00     12c (00004b00)     _EPwm12Regs

00005000     140 (00005000)     _ECap1Regs
00005020     140 (00005000)     _ECap2Regs

00005040     141 (00005040)     _ECap3Regs
00005060     141 (00005040)     _ECap4Regs

00005080     142 (00005080)     _ECap5Regs
000050a0     142 (00005080)     _ECap6Regs

00005100     144 (00005100)     _EQep1Regs

00005140     145 (00005140)     _EQep2Regs

00005180     146 (00005180)     _EQep3Regs

00005c00     170 (00005c00)     _DacaRegs
00005c10     170 (00005c00)     _DacbRegs
00005c20     170 (00005c00)     _DaccRegs

00005c80     172 (00005c80)     _Cmpss1Regs
00005ca0     172 (00005c80)     _Cmpss2Regs

00005cc0     173 (00005cc0)     _Cmpss3Regs
00005ce0     173 (00005cc0)     _Cmpss4Regs

00005d00     174 (00005d00)     _Cmpss5Regs
00005d20     174 (00005d00)     _Cmpss6Regs

00005d40     175 (00005d40)     _Cmpss7Regs
00005d60     175 (00005d40)     _Cmpss8Regs

00005e00     178 (00005e00)     _Sdfm1Regs

00005e80     17a (00005e80)     _Sdfm2Regs

00006000     180 (00006000)     _McbspaRegs

00006040     181 (00006040)     _McbspbRegs

00006100     184 (00006100)     _SpiaRegs
00006110     184 (00006100)     _SpibRegs
00006120     184 (00006100)     _SpicRegs

00006200     188 (00006200)     _UppRegs

00007000     1c0 (00007000)     _WdRegs

00007060     1c1 (00007040)     _NmiIntruptRegs
00007070     1c1 (00007040)     _XintRegs

00007200     1c8 (00007200)     _SciaRegs
00007210     1c8 (00007200)     _ScibRegs
00007220     1c8 (00007200)     _ScicRegs
00007230     1c8 (00007200)     _ScidRegs

00007300     1cc (00007300)     _I2caRegs

00007340     1cd (00007340)     _I2cbRegs

00007400     1d0 (00007400)     _AdcaRegs

00007480     1d2 (00007480)     _AdcbRegs

00007500     1d4 (00007500)     _AdccRegs

00007580     1d6 (00007580)     _AdcdRegs

00007900     1e4 (00007900)     _InputXbarRegs
00007920     1e4 (00007900)     _XbarRegs

00007940     1e5 (00007940)     _SyncSocRegs

00007980     1e6 (00007980)     _DmaClaSrcSelRegs

00007a00     1e8 (00007a00)     _EPwmXbarRegs

00007a80     1ea (00007a80)     _OutputXbarRegs

00007c00     1f0 (00007c00)     _GpioCtrlRegs

00007f00     1fc (00007f00)     _GpioDataRegs

0000b000     2c0 (0000b000)     __stack

0000d000     340 (0000d000)     _SerialA

0000dfc0     37f (0000dfc0)     _SerialC

0000ef80     3be (0000ef80)     _SerialD

0000ff30     3fc (0000ff00)     _Example_Result
0000ff32     3fc (0000ff00)     _Example_PassCount
0000ff34     3fc (0000ff00)     _Example_Fail
0000ff36     3fc (0000ff00)     ___TI_enable_exit_profile_output
0000ff38     3fc (0000ff00)     ___TI_cleanup_ptr
0000ff3a     3fc (0000ff00)     ___TI_dtors_ptr
0000ff3c     3fc (0000ff00)     __lock
0000ff3e     3fc (0000ff00)     __unlock

0000ff40     3fd (0000ff40)     _UARTPrint
0000ff41     3fd (0000ff40)     _LEDdisplaynum
0000ff42     3fd (0000ff40)     _rcservo
0000ff43     3fd (0000ff40)     _rcservo_flag
0000ff44     3fd (0000ff40)     _value
0000ff45     3fd (0000ff40)     _ADC1reading
0000ff46     3fd (0000ff40)     _ADC2reading
0000ff47     3fd (0000ff40)     _ADC1
0000ff48     3fd (0000ff40)     _ADC2
0000ff49     3fd (0000ff40)     _ADC
0000ff4a     3fd (0000ff40)     _gyroX
0000ff4b     3fd (0000ff40)     _gyroY
0000ff4c     3fd (0000ff40)     _gyroZ
0000ff4d     3fd (0000ff40)     _accelX
0000ff4e     3fd (0000ff40)     _accelY
0000ff4f     3fd (0000ff40)     _accelZ
0000ff50     3fd (0000ff40)     _spivalue1
0000ff51     3fd (0000ff40)     _spivalue2
0000ff52     3fd (0000ff40)     _spivalue3
0000ff54     3fd (0000ff40)     _numTimer0calls
0000ff56     3fd (0000ff40)     _numTimer1calls
0000ff58     3fd (0000ff40)     _numSWIcalls
0000ff5a     3fd (0000ff40)     _numRXA
0000ff5c     3fd (0000ff40)     _ADC1_reading
0000ff5e     3fd (0000ff40)     _ADC2_reading
0000ff60     3fd (0000ff40)     _gyroXG
0000ff62     3fd (0000ff40)     _gyroYG
0000ff64     3fd (0000ff40)     _gyroZG
0000ff66     3fd (0000ff40)     _accelXG
0000ff68     3fd (0000ff40)     _accelYG
0000ff6a     3fd (0000ff40)     _accelZG
0000ff6c     3fd (0000ff40)     _LeftWheel
0000ff6e     3fd (0000ff40)     _RightWheel
0000ff70     3fd (0000ff40)     _RightDistance
0000ff72     3fd (0000ff40)     _LeftDistance
0000ff74     3fd (0000ff40)     _uleft
0000ff76     3fd (0000ff40)     _uright
0000ff78     3fd (0000ff40)     _VLeftK
0000ff7a     3fd (0000ff40)     _VRightK
0000ff7c     3fd (0000ff40)     _Vref
0000ff7e     3fd (0000ff40)     _RightDist_K_1

0000ff80     3fe (0000ff80)     _LeftDist_K_1
0000ff82     3fe (0000ff80)     _Kp
0000ff84     3fe (0000ff80)     _Ki
0000ff86     3fe (0000ff80)     _e_left
0000ff88     3fe (0000ff80)     _e_right
0000ff8a     3fe (0000ff80)     _e_left_K_1
0000ff8c     3fe (0000ff80)     _e_right_K_1
0000ff8e     3fe (0000ff80)     _I_left
0000ff90     3fe (0000ff80)     _I_right
0000ff92     3fe (0000ff80)     _I_left_K_1
0000ff94     3fe (0000ff80)     _I_right_K_1
0000ff96     3fe (0000ff80)     _turn
0000ff98     3fe (0000ff80)     _e_turn
0000ff9a     3fe (0000ff80)     _e_turn_right
0000ff9c     3fe (0000ff80)     _e_turn_left
0000ff9e     3fe (0000ff80)     _Kp_turn
0000ffa0     3fe (0000ff80)     _Wr
0000ffa2     3fe (0000ff80)     _Rwh
0000ffa4     3fe (0000ff80)     _theta_dot_right
0000ffa6     3fe (0000ff80)     _theta_dot_left
0000ffa8     3fe (0000ff80)     _Xr
0000ffaa     3fe (0000ff80)     _X_dot_r
0000ffac     3fe (0000ff80)     _Y_dot_r
0000ffae     3fe (0000ff80)     _X_K_1
0000ffb0     3fe (0000ff80)     _Y_K_1
0000ffb2     3fe (0000ff80)     _X_dot_K_1
0000ffb4     3fe (0000ff80)     _Y_dot_K_1
0000ffb6     3fe (0000ff80)     _Yr
0000ffb8     3fe (0000ff80)     _phi_r
0000ffba     3fe (0000ff80)     _theta_dot_avg
0000ffbc     3fe (0000ff80)     _errno

0000ffc0     3ff (0000ffc0)     _CpuTimer0
0000ffc8     3ff (0000ffc0)     _CpuTimer1
0000ffd0     3ff (0000ffc0)     _CpuTimer2

00047000    11c0 (00047000)     _Emif1Regs

00047800    11e0 (00047800)     _Emif2Regs

00048000    1200 (00048000)     _CanaRegs

0004a000    1280 (0004a000)     _CanbRegs

00050000    1400 (00050000)     _IpcRegs
00050024    1400 (00050000)     _FlashPumpSemaphoreRegs

0005d000    1740 (0005d000)     _DevCfgRegs

0005d180    1746 (0005d180)     _AnalogSubsysRegs

0005d200    1748 (0005d200)     _ClkCfgRegs

0005d300    174c (0005d300)     _CpuSysRegs

0005e608    1798 (0005e600)     _RomPrefetchRegs

0005f000    17c0 (0005f000)     _DcsmZ1Regs

0005f040    17c1 (0005f040)     _DcsmZ2Regs
0005f070    17c1 (0005f040)     _DcsmCommonRegs

0005f400    17d0 (0005f400)     _MemCfgRegs

0005f480    17d2 (0005f480)     _Emif1ConfigRegs
0005f4a0    17d2 (0005f480)     _Emif2ConfigRegs

0005f4c0    17d3 (0005f4c0)     _AccessProtectionRegs

0005f500    17d4 (0005f500)     _MemoryErrorRegs

0005f540    17d5 (0005f540)     _RomWaitStateRegs

0005f800    17e0 (0005f800)     _Flash0CtrlRegs

0005fb00    17ec (0005fb00)     _Flash0EccRegs

00082e50    20b9 (00082e40)     _PieVectTableInit

00083010    20c0 (00083000)     __ctypes_


GLOBAL SYMBOLS: SORTED ALPHABETICALLY BY Name 

page  address   name                                  
----  -------   ----                                  
abs   ffffffff  .text                                 
0     00082c45  C$$EXIT                               
0     00082746  FD$$ADD                               
0     00082bf1  FD$$CMP                               
0     000827e2  FD$$DIV                               
0     000828f5  FD$$MPY                               
0     00082e2b  FD$$NEG                               
0     00082dfd  FD$$SUB                               
0     00082d05  FD$$TOI                               
0     00082d26  FD$$TOL                               
0     0008286d  FS$$DIV                               
0     00082d9d  FS$$TOFD                              
0     00082d63  I$$TOFD                               
0     00082c1b  L$$DIV                                
0     00082c2a  L$$MOD                                
0     00082db9  L$$TOFD                               
0     00082dd5  LL$$AND                               
0     00082d45  LL$$CMP                               
0     00082591  LL$$DIV                               
0     000825cd  LL$$MOD                               
0     00082ddd  LL$$OR                                
0     00082de5  LL$$XOR                               
0     00082e17  U$$DIV                                
0     00082e1c  U$$MOD                                
0     00082c38  UL$$DIV                               
0     00082c3f  UL$$MOD                               
0     00082d57  ULL$$CMP                              
0     00082607  ULL$$DIV                              
0     00082636  ULL$$MOD                              
1     0000ff49  _ADC                                  
1     0000ff47  _ADC1                                 
1     0000ff5c  _ADC1_reading                         
1     0000ff45  _ADC1reading                          
1     0000ff48  _ADC2                                 
1     0000ff5e  _ADC2_reading                         
1     0000ff46  _ADC2reading                          
0     000813bc  _ADCA1_ISR                            
0     0008163c  _ADCA2_ISR                            
0     00081646  _ADCA3_ISR                            
0     00081650  _ADCA4_ISR                            
0     00081632  _ADCA_EVT_ISR                         
0     000813c6  _ADCB1_ISR                            
0     00081664  _ADCB2_ISR                            
0     0008166e  _ADCB3_ISR                            
0     00081678  _ADCB4_ISR                            
0     0008165a  _ADCB_EVT_ISR                         
0     000813d0  _ADCC1_ISR                            
0     000817cc  _ADCC2_ISR                            
0     000817d6  _ADCC3_ISR                            
0     000817e0  _ADCC4_ISR                            
0     000817c2  _ADCC_EVT_ISR                         
0     000813ee  _ADCD1_ISR                            
0     000817f4  _ADCD2_ISR                            
0     000817fe  _ADCD3_ISR                            
0     00081808  _ADCD4_ISR                            
0     000817ea  _ADCD_EVT_ISR                         
0     00081844  _AUX_PLL_SLIP_ISR                     
1     0005f4c0  _AccessProtectionRegs                 
1     00007400  _AdcaRegs                             
1     00000b00  _AdcaResultRegs                       
1     00007480  _AdcbRegs                             
1     00000b20  _AdcbResultRegs                       
1     00007500  _AdccRegs                             
1     00000b40  _AdccResultRegs                       
1     00007580  _AdcdRegs                             
1     00000b60  _AdcdResultRegs                       
1     0005d180  _AnalogSubsysRegs                     
0     00081cc6  _AuxAuxClkSel                         
0     00081cb0  _AuxIntOsc2Sel                        
0     00081cba  _AuxXtalOscSel                        
0     0008160a  _CANA0_ISR                            
0     00081614  _CANA1_ISR                            
0     0008161e  _CANB0_ISR                            
0     00081628  _CANB1_ISR                            
0     00081682  _CLA1_1_ISR                           
0     0008168c  _CLA1_2_ISR                           
0     00081696  _CLA1_3_ISR                           
0     000816a0  _CLA1_4_ISR                           
0     000816aa  _CLA1_5_ISR                           
0     000816b4  _CLA1_6_ISR                           
0     000816be  _CLA1_7_ISR                           
0     000816c8  _CLA1_8_ISR                           
0     0008184e  _CLA_OVERFLOW_ISR                     
0     00081858  _CLA_UNDERFLOW_ISR                    
1     00048000  _CanaRegs                             
1     0004a000  _CanbRegs                             
1     00001400  _Cla1Regs                             
0     00000ce0  _Cla1SoftIntRegs                      
1     0005d200  _ClkCfgRegs                           
1     00005c80  _Cmpss1Regs                           
1     00005ca0  _Cmpss2Regs                           
1     00005cc0  _Cmpss3Regs                           
1     00005ce0  _Cmpss4Regs                           
1     00005d00  _Cmpss5Regs                           
1     00005d20  _Cmpss6Regs                           
1     00005d40  _Cmpss7Regs                           
1     00005d60  _Cmpss8Regs                           
0     000829b9  _ConfigCpuTimer                       
0     00081d1a  _ConfigureTMXAnalogTrim               
1     0005d300  _CpuSysRegs                           
1     0000ffc0  _CpuTimer0                            
1     00000c00  _CpuTimer0Regs                        
1     0000ffc8  _CpuTimer1                            
1     00000c08  _CpuTimer1Regs                        
1     0000ffd0  _CpuTimer2                            
1     00000c10  _CpuTimer2Regs                        
0     00081c5b  _CsmUnlock                            
0     00081312  _DATALOG_ISR                          
0     00081556  _DMA_CH1_ISR                          
0     00081560  _DMA_CH2_ISR                          
0     0008156a  _DMA_CH3_ISR                          
0     00081574  _DMA_CH4_ISR                          
0     0008157e  _DMA_CH5_ISR                          
0     00081588  _DMA_CH6_ISR                          
1     00005c00  _DacaRegs                             
1     00005c10  _DacbRegs                             
1     00005c20  _DaccRegs                             
1     0005f070  _DcsmCommonRegs                       
1     0005f000  _DcsmZ1Regs                           
1     0005f040  _DcsmZ2Regs                           
1     0005d000  _DevCfgRegs                           
0     0008196f  _DisableDog                           
0     00081930  _DisablePeripheralClocks              
1     00007980  _DmaClaSrcSelRegs                     
1     00001000  _DmaRegs                              
0     000814ac  _ECAP1_ISR                            
0     000814b6  _ECAP2_ISR                            
0     000814c0  _ECAP3_ISR                            
0     000814ca  _ECAP4_ISR                            
0     000814d4  _ECAP5_ISR                            
0     000814de  _ECAP6_ISR                            
1     00005000  _ECap1Regs                            
1     00005020  _ECap2Regs                            
1     00005040  _ECap3Regs                            
1     00005060  _ECap4Regs                            
1     00005080  _ECap5Regs                            
1     000050a0  _ECap6Regs                            
0     00081812  _EMIF_ERROR_ISR                       
0     0008186c  _EMPTY_ISR                            
0     00081326  _EMU_ISR                              
0     00081768  _EPWM10_ISR                           
0     00081740  _EPWM10_TZ_ISR                        
0     00081772  _EPWM11_ISR                           
0     0008174a  _EPWM11_TZ_ISR                        
0     0008177c  _EPWM12_ISR                           
0     00081754  _EPWM12_TZ_ISR                        
0     0008145c  _EPWM1_ISR                            
0     0008140c  _EPWM1_TZ_ISR                         
0     00081466  _EPWM2_ISR                            
0     00081416  _EPWM2_TZ_ISR                         
0     00081470  _EPWM3_ISR                            
0     00081420  _EPWM3_TZ_ISR                         
0     0008147a  _EPWM4_ISR                            
0     0008142a  _EPWM4_TZ_ISR                         
0     00081484  _EPWM5_ISR                            
0     00081434  _EPWM5_TZ_ISR                         
0     0008148e  _EPWM6_ISR                            
0     0008143e  _EPWM6_TZ_ISR                         
0     00081498  _EPWM7_ISR                            
0     00081448  _EPWM7_TZ_ISR                         
0     000814a2  _EPWM8_ISR                            
0     00081452  _EPWM8_TZ_ISR                         
0     0008175e  _EPWM9_ISR                            
0     00081736  _EPWM9_TZ_ISR                         
1     00004900  _EPwm10Regs                           
1     00004a00  _EPwm11Regs                           
1     00004b00  _EPwm12Regs                           
1     00004000  _EPwm1Regs                            
1     00004100  _EPwm2Regs                            
1     00004200  _EPwm3Regs                            
1     00004300  _EPwm4Regs                            
1     00004400  _EPwm5Regs                            
1     00004500  _EPwm6Regs                            
1     00004600  _EPwm7Regs                            
1     00004700  _EPwm8Regs                            
1     00004800  _EPwm9Regs                            
1     00007a00  _EPwmXbarRegs                         
0     000814e8  _EQEP1_ISR                            
0     000814f2  _EQEP2_ISR                            
0     000814fc  _EQEP3_ISR                            
1     00005100  _EQep1Regs                            
1     00005140  _EQep2Regs                            
1     00005180  _EQep3Regs                            
1     0005f480  _Emif1ConfigRegs                      
1     00047000  _Emif1Regs                            
1     0005f4a0  _Emif2ConfigRegs                      
1     00047800  _Emif2Regs                            
1     00000d00  _EmuBMode                             
1     00000d01  _EmuBootPins                          
0     00082c8d  _EnableInterrupts                     
1     0000ff34  _Example_Fail                         
1     0000ff32  _Example_PassCount                    
1     0000ff30  _Example_Result                       
0     000082a1  _F28x_usDelay                         
0     00081826  _FLASH_CORRECTABLE_ERROR_ISR          
0     000816fa  _FPU_OVERFLOW_ISR                     
0     00081704  _FPU_UNDERFLOW_ISR                    
1     0005f800  _Flash0CtrlRegs                       
1     0005fb00  _Flash0EccRegs                        
0     00008293  _FlashOff                             
1     00050024  _FlashPumpSemaphoreRegs               
0     00082546  _GPIO_EnableUnbondedIOPullups         
0     00082521  _GPIO_EnableUnbondedIOPullupsFor100Pin
0     00082508  _GPIO_EnableUnbondedIOPullupsFor176Pin
0     0008255c  _GPIO_ReadPin                         
0     000824ad  _GPIO_SetupLock                       
0     0008238d  _GPIO_SetupPinMux                     
0     00082419  _GPIO_SetupPinOptions                 
0     000824d6  _GPIO_SetupXINT1Gpio                  
0     000824e0  _GPIO_SetupXINT2Gpio                  
0     000824ea  _GPIO_SetupXINT3Gpio                  
0     000824f4  _GPIO_SetupXINT4Gpio                  
0     000824fe  _GPIO_SetupXINT5Gpio                  
0     00082573  _GPIO_WritePin                        
1     00007c00  _GpioCtrlRegs                         
1     00007f00  _GpioDataRegs                         
0     00081ce4  _HALT                                 
0     00081cfd  _HIB                                  
0     0008159c  _I2CA_FIFO_ISR                        
0     00081592  _I2CA_ISR                             
0     000815b0  _I2CB_FIFO_ISR                        
0     000815a6  _I2CB_ISR                             
1     00007300  _I2caRegs                             
1     00007340  _I2cbRegs                             
0     00081cd0  _IDLE                                 
0     0008133a  _ILLEGAL_ISR                          
0     0008170e  _IPC0_ISR                             
0     00081718  _IPC1_ISR                             
0     00081722  _IPC2_ISR                             
0     0008172c  _IPC3_ISR                             
1     0000ff8e  _I_left                               
1     0000ff92  _I_left_K_1                           
1     0000ff90  _I_right                              
1     0000ff94  _I_right_K_1                          
0     00081b6c  _InitAuxPll                           
0     00082978  _InitCpuTimers                        
0     0000826a  _InitFlash                            
0     0008234d  _InitGpio                             
0     000818ac  _InitPeripheralClocks                 
0     00082c6e  _InitPieCtrl                          
0     00082c96  _InitPieVectTable                     
0     00081883  _InitSysCtrl                          
0     0008197d  _InitSysPll                           
1     00007900  _InputXbarRegs                        
1     00050000  _IpcRegs                              
1     0000ff84  _Ki                                   
1     0000ff82  _Kp                                   
1     0000ff9e  _Kp_turn                              
1     0000ff41  _LEDdisplaynum                        
1     0000ff80  _LeftDist_K_1                         
1     0000ff72  _LeftDistance                         
1     0000ff6c  _LeftWheel                            
0     0008152e  _MCBSPA_RX_ISR                        
0     00081538  _MCBSPA_TX_ISR                        
0     00081542  _MCBSPB_RX_ISR                        
0     0008154c  _MCBSPB_TX_ISR                        
1     00006000  _McbspaRegs                           
1     00006040  _McbspbRegs                           
1     0005f400  _MemCfgRegs                           
1     0005f500  _MemoryErrorRegs                      
0     00081330  _NMI_ISR                              
0     00081879  _NOTUSED_ISR                          
1     00007060  _NmiIntruptRegs                       
1     00007a80  _OutputXbarRegs                       
0     00081862  _PIE_RESERVED_ISR                     
1     00000ce0  _PieCtrlRegs                          
1     00000d00  _PieVectTable                         
0     00082e50  _PieVectTableInit                     
0     00081830  _RAM_ACCESS_VIOLATION_ISR             
0     0008181c  _RAM_CORRECTABLE_ERROR_ISR            
0     0008131c  _RTOS_ISR                             
0     0000813b  _RXAINT_recv_ready                    
0     00008172  _RXCINT_recv_ready                    
0     000081a9  _RXDINT_recv_ready                    
0     00083579  _RamfuncsLoadEnd                      
abs   000002a9  _RamfuncsLoadSize                     
0     000832d0  _RamfuncsLoadStart                    
0     000082a9  _RamfuncsRunEnd                       
abs   000002a9  _RamfuncsRunSize                      
0     00008000  _RamfuncsRunStart                     
0     00081957  _ReleaseFlashPump                     
1     0000ff7e  _RightDist_K_1                        
1     0000ff70  _RightDistance                        
1     0000ff6e  _RightWheel                           
1     0005e608  _RomPrefetchRegs                      
1     0005f540  _RomWaitStateRegs                     
1     0000ffa2  _Rwh                                  
0     000815e2  _SCIA_RX_ISR                          
0     000815ec  _SCIA_TX_ISR                          
0     000815f6  _SCIB_RX_ISR                          
0     00081600  _SCIB_TX_ISR                          
0     000815ba  _SCIC_RX_ISR                          
0     000815c4  _SCIC_TX_ISR                          
0     000815ce  _SCID_RX_ISR                          
0     000815d8  _SCID_TX_ISR                          
0     00081786  _SD1_ISR                              
0     00081790  _SD2_ISR                              
0     00081506  _SPIA_RX_ISR                          
0     00081510  _SPIA_TX_ISR                          
0     0008151a  _SPIB_RX_ISR                          
0     00081524  _SPIB_TX_ISR                          
0     00082290  _SPIB_isr                             
0     0008179a  _SPIC_RX_ISR                          
0     000817a4  _SPIC_TX_ISR                          
0     00081cd9  _STANDBY                              
0     00082000  _SWI_isr                              
0     0008183a  _SYS_PLL_SLIP_ISR                     
1     00007200  _SciaRegs                             
1     00007210  _ScibRegs                             
1     00007220  _ScicRegs                             
1     00007230  _ScidRegs                             
1     00005e00  _Sdfm1Regs                            
1     00005e80  _Sdfm2Regs                            
0     00081948  _SeizeFlashPump                       
1     0000d000  _SerialA                              
1     0000dfc0  _SerialC                              
1     0000ef80  _SerialD                              
0     00081961  _ServiceDog                           
1     00006100  _SpiaRegs                             
1     00006110  _SpibRegs                             
1     00006120  _SpicRegs                             
1     00007940  _SyncSocRegs                          
0     000082a5  _SysCtl_delay                         
0     00081c7c  _SysIntOsc1Sel                        
0     00081c8c  _SysIntOsc2Sel                        
0     00081ca0  _SysXtalOscSel                        
0     000813f8  _TIMER0_ISR                           
0     000812fe  _TIMER1_ISR                           
0     00081308  _TIMER2_ISR                           
0     00008000  _TXAINT_data_sent                     
0     00008069  _TXCINT_data_sent                     
0     000080d2  _TXDINT_data_sent                     
1     0000ff40  _UARTPrint                            
0     00081fdc  _UART_printfLine                      
0     00081f86  _UART_vprintfLine                     
0     000817ae  _UPPA_ISR                             
0     000817b8  _USBA_ISR                             
0     0008139e  _USER10_ISR                           
0     000813a8  _USER11_ISR                           
0     000813b2  _USER12_ISR                           
0     00081344  _USER1_ISR                            
0     0008134e  _USER2_ISR                            
0     00081358  _USER3_ISR                            
0     00081362  _USER4_ISR                            
0     0008136c  _USER5_ISR                            
0     00081376  _USER6_ISR                            
0     00081380  _USER7_ISR                            
0     0008138a  _USER8_ISR                            
0     00081394  _USER9_ISR                            
1     00006200  _UppRegs                              
0     000816f0  _VCU_ISR                              
1     0000ff78  _VLeftK                               
1     0000ff7a  _VRightK                              
1     0000ff7c  _Vref                                 
0     00081402  _WAKE_ISR                             
1     00007000  _WdRegs                               
1     0000ffa0  _Wr                                   
0     000813da  _XINT1_ISR                            
0     000813e4  _XINT2_ISR                            
0     000816d2  _XINT3_ISR                            
0     000816dc  _XINT4_ISR                            
0     000816e6  _XINT5_ISR                            
1     0000ffae  _X_K_1                                
1     0000ffb2  _X_dot_K_1                            
1     0000ffaa  _X_dot_r                              
1     00007920  _XbarRegs                             
1     00007070  _XintRegs                             
1     0000ffa8  _Xr                                   
1     0000ffb0  _Y_K_1                                
1     0000ffb4  _Y_dot_K_1                            
1     0000ffac  _Y_dot_r                              
1     0000ffb6  _Yr                                   
1     0000b800  __STACK_END                           
abs   00000800  __STACK_SIZE                          
1     0000ff38  ___TI_cleanup_ptr                     
1     0000ff3a  ___TI_dtors_ptr                       
1     0000ff36  ___TI_enable_exit_profile_output      
0     00082b91  ___TI_ltoa                            
abs   ffffffff  ___TI_pprof_out_hndl                  
0     00080b5b  ___TI_printfi                         
abs   ffffffff  ___TI_prof_data_size                  
abs   ffffffff  ___TI_prof_data_start                 
abs   ffffffff  ___binit__                            
abs   ffffffff  ___c_args__                           
0     00083580  ___cinit__                            
abs   ffffffff  ___etext__                            
abs   ffffffff  ___pinit__                            
abs   ffffffff  ___text__                             
0     00081fe9  __args_main                           
0     00083010  __ctypes_                             
1     0000ff3c  __lock                                
0     00082e2a  __nop                                 
0     00082e26  __register_lock                       
0     00082e22  __register_unlock                     
1     0000b000  __stack                               
0     00082e4e  __system_post_cinit                   
0     00082e4c  __system_pre_init                     
1     0000ff3e  __unlock                              
0     00082c45  _abort                                
1     0000ff4d  _accelX                               
1     0000ff66  _accelXG                              
1     0000ff4e  _accelY                               
1     0000ff68  _accelYG                              
1     0000ff4f  _accelZ                               
1     0000ff6a  _accelZG                              
0     00082b60  _atoi                                 
0     00082b0a  _c_int00                              
0     00082ce1  _copy_in                              
0     00082cbc  _copysignl                            
0     000829f4  _cos                                  
0     000829f4  _cosf                                 
0     0008201a  _cpu_timer0_isr                       
0     00082084  _cpu_timer1_isr                       
0     00082283  _cpu_timer2_isr                       
1     0000ff86  _e_left                               
1     0000ff8a  _e_left_K_1                           
1     0000ff88  _e_right                              
1     0000ff8c  _e_right_K_1                          
1     0000ff98  _e_turn                               
1     0000ff9c  _e_turn_left                          
1     0000ff9a  _e_turn_right                         
1     0000ffbc  _errno                                
0     00082c47  _exit                                 
0     00082a57  _frexpl                               
1     0000ff4a  _gyroX                                
1     0000ff60  _gyroXG                               
1     0000ff4b  _gyroY                                
1     0000ff62  _gyroYG                               
1     0000ff4c  _gyroZ                                
1     0000ff64  _gyroZG                               
0     00081217  _init_eQEPs                           
0     00081d92  _init_serial                          
0     00082698  _ldexpl                               
0     00080cec  _main                                 
0     00082ded  _memccpy                              
0     00082d80  _memcpy                               
0     00082e45  _memset                               
1     0000ff5a  _numRXA                               
1     0000ff58  _numSWIcalls                          
1     0000ff54  _numTimer0calls                       
1     0000ff56  _numTimer1calls                       
1     0000ffb8  _phi_r                                
1     0000ff42  _rcservo                              
1     0000ff43  _rcservo_flag                         
0     0008127c  _readEncLeft                          
0     00081297  _readEncRight                         
0     00082698  _scalbnl                              
0     00080f98  _serialRXA                            
0     00081f62  _serial_printf                        
0     00081f2b  _serial_send                          
0     000812b2  _setEPWM2A                            
0     000812d8  _setEPWM2B                            
0     00080fe8  _setupSPIB                            
0     00082ab1  _sin                                  
0     00082ab1  _sinf                                 
1     0000ff50  _spivalue1                            
1     0000ff51  _spivalue2                            
1     0000ff52  _spivalue3                            
0     00082e0b  _strchr                               
0     00081ffb  _strcpy                               
0     00082e3d  _strlen                               
1     0000ffba  _theta_dot_avg                        
1     0000ffa6  _theta_dot_left                       
1     0000ffa4  _theta_dot_right                      
1     0000ff96  _turn                                 
1     0000ff74  _uleft                                
0     00081ee8  _uninit_serial                        
1     0000ff76  _uright                               
1     0000ff44  _value                                
0     00082bc1  _vsprintf                             
0     00082e34  _wcslen                               
abs   ffffffff  binit                                 
0     00083580  cinit                                 
0     00080000  code_start                            
abs   ffffffff  etext                                 
abs   ffffffff  pinit                                 


GLOBAL SYMBOLS: SORTED BY Symbol Address 

page  address   name                                  
----  -------   ----                                  
0     00000ce0  _Cla1SoftIntRegs                      
0     00008000  _RamfuncsRunStart                     
0     00008000  _TXAINT_data_sent                     
0     00008069  _TXCINT_data_sent                     
0     000080d2  _TXDINT_data_sent                     
0     0000813b  _RXAINT_recv_ready                    
0     00008172  _RXCINT_recv_ready                    
0     000081a9  _RXDINT_recv_ready                    
0     0000826a  _InitFlash                            
0     00008293  _FlashOff                             
0     000082a1  _F28x_usDelay                         
0     000082a5  _SysCtl_delay                         
0     000082a9  _RamfuncsRunEnd                       
0     00080000  code_start                            
0     00080b5b  ___TI_printfi                         
0     00080cec  _main                                 
0     00080f98  _serialRXA                            
0     00080fe8  _setupSPIB                            
0     00081217  _init_eQEPs                           
0     0008127c  _readEncLeft                          
0     00081297  _readEncRight                         
0     000812b2  _setEPWM2A                            
0     000812d8  _setEPWM2B                            
0     000812fe  _TIMER1_ISR                           
0     00081308  _TIMER2_ISR                           
0     00081312  _DATALOG_ISR                          
0     0008131c  _RTOS_ISR                             
0     00081326  _EMU_ISR                              
0     00081330  _NMI_ISR                              
0     0008133a  _ILLEGAL_ISR                          
0     00081344  _USER1_ISR                            
0     0008134e  _USER2_ISR                            
0     00081358  _USER3_ISR                            
0     00081362  _USER4_ISR                            
0     0008136c  _USER5_ISR                            
0     00081376  _USER6_ISR                            
0     00081380  _USER7_ISR                            
0     0008138a  _USER8_ISR                            
0     00081394  _USER9_ISR                            
0     0008139e  _USER10_ISR                           
0     000813a8  _USER11_ISR                           
0     000813b2  _USER12_ISR                           
0     000813bc  _ADCA1_ISR                            
0     000813c6  _ADCB1_ISR                            
0     000813d0  _ADCC1_ISR                            
0     000813da  _XINT1_ISR                            
0     000813e4  _XINT2_ISR                            
0     000813ee  _ADCD1_ISR                            
0     000813f8  _TIMER0_ISR                           
0     00081402  _WAKE_ISR                             
0     0008140c  _EPWM1_TZ_ISR                         
0     00081416  _EPWM2_TZ_ISR                         
0     00081420  _EPWM3_TZ_ISR                         
0     0008142a  _EPWM4_TZ_ISR                         
0     00081434  _EPWM5_TZ_ISR                         
0     0008143e  _EPWM6_TZ_ISR                         
0     00081448  _EPWM7_TZ_ISR                         
0     00081452  _EPWM8_TZ_ISR                         
0     0008145c  _EPWM1_ISR                            
0     00081466  _EPWM2_ISR                            
0     00081470  _EPWM3_ISR                            
0     0008147a  _EPWM4_ISR                            
0     00081484  _EPWM5_ISR                            
0     0008148e  _EPWM6_ISR                            
0     00081498  _EPWM7_ISR                            
0     000814a2  _EPWM8_ISR                            
0     000814ac  _ECAP1_ISR                            
0     000814b6  _ECAP2_ISR                            
0     000814c0  _ECAP3_ISR                            
0     000814ca  _ECAP4_ISR                            
0     000814d4  _ECAP5_ISR                            
0     000814de  _ECAP6_ISR                            
0     000814e8  _EQEP1_ISR                            
0     000814f2  _EQEP2_ISR                            
0     000814fc  _EQEP3_ISR                            
0     00081506  _SPIA_RX_ISR                          
0     00081510  _SPIA_TX_ISR                          
0     0008151a  _SPIB_RX_ISR                          
0     00081524  _SPIB_TX_ISR                          
0     0008152e  _MCBSPA_RX_ISR                        
0     00081538  _MCBSPA_TX_ISR                        
0     00081542  _MCBSPB_RX_ISR                        
0     0008154c  _MCBSPB_TX_ISR                        
0     00081556  _DMA_CH1_ISR                          
0     00081560  _DMA_CH2_ISR                          
0     0008156a  _DMA_CH3_ISR                          
0     00081574  _DMA_CH4_ISR                          
0     0008157e  _DMA_CH5_ISR                          
0     00081588  _DMA_CH6_ISR                          
0     00081592  _I2CA_ISR                             
0     0008159c  _I2CA_FIFO_ISR                        
0     000815a6  _I2CB_ISR                             
0     000815b0  _I2CB_FIFO_ISR                        
0     000815ba  _SCIC_RX_ISR                          
0     000815c4  _SCIC_TX_ISR                          
0     000815ce  _SCID_RX_ISR                          
0     000815d8  _SCID_TX_ISR                          
0     000815e2  _SCIA_RX_ISR                          
0     000815ec  _SCIA_TX_ISR                          
0     000815f6  _SCIB_RX_ISR                          
0     00081600  _SCIB_TX_ISR                          
0     0008160a  _CANA0_ISR                            
0     00081614  _CANA1_ISR                            
0     0008161e  _CANB0_ISR                            
0     00081628  _CANB1_ISR                            
0     00081632  _ADCA_EVT_ISR                         
0     0008163c  _ADCA2_ISR                            
0     00081646  _ADCA3_ISR                            
[...]
0     00081682  _CLA1_1_ISR                           
0     0008168c  _CLA1_2_ISR                           
0     00081696  _CLA1_3_ISR                           
0     000816a0  _CLA1_4_ISR                           
0     000816aa  _CLA1_5_ISR                           
0     000816b4  _CLA1_6_ISR                           
0     000816be  _CLA1_7_ISR                           
0     000816c8  _CLA1_8_ISR                           
0     000816d2  _XINT3_ISR                            
0     000816dc  _XINT4_ISR                            
0     000816e6  _XINT5_ISR                            
0     000816f0  _VCU_ISR                              
0     000816fa  _FPU_OVERFLOW_ISR                     
0     00081704  _FPU_UNDERFLOW_ISR                    
0     0008170e  _IPC0_ISR                             
0     00081718  _IPC1_ISR                             
0     00081722  _IPC2_ISR                             
0     0008172c  _IPC3_ISR                             
0     00081736  _EPWM9_TZ_ISR                         
0     00081740  _EPWM10_TZ_ISR                        
0     0008174a  _EPWM11_TZ_ISR                        
0     00081754  _EPWM12_TZ_ISR                        
0     0008175e  _EPWM9_ISR                            
0     00081768  _EPWM10_ISR                           
0     00081772  _EPWM11_ISR                           
0     0008177c  _EPWM12_ISR                           
0     00081786  _SD1_ISR                              
0     00081790  _SD2_ISR                              
0     0008179a  _SPIC_RX_ISR                          
0     000817a4  _SPIC_TX_ISR                          
0     000817ae  _UPPA_ISR                             
0     000817b8  _USBA_ISR                             
0     000817c2  _ADCC_EVT_ISR                         
0     000817cc  _ADCC2_ISR                            
0     000817d6  _ADCC3_ISR                            
0     000817e0  _ADCC4_ISR                            
0     000817ea  _ADCD_EVT_ISR                         
0     000817f4  _ADCD2_ISR                            
0     000817fe  _ADCD3_ISR                            
0     00081808  _ADCD4_ISR                            
0     00081812  _EMIF_ERROR_ISR                       
0     0008181c  _RAM_CORRECTABLE_ERROR_ISR            
0     00081826  _FLASH_CORRECTABLE_ERROR_ISR          
0     00081830  _RAM_ACCESS_VIOLATION_ISR             
0     0008183a  _SYS_PLL_SLIP_ISR                     
0     00081844  _AUX_PLL_SLIP_ISR                     
0     0008184e  _CLA_OVERFLOW_ISR                     
0     00081858  _CLA_UNDERFLOW_ISR                    
0     00081862  _PIE_RESERVED_ISR                     
0     0008186c  _EMPTY_ISR                            
0     00081879  _NOTUSED_ISR                          
0     00081883  _InitSysCtrl                          
0     000818ac  _InitPeripheralClocks                 
0     00081930  _DisablePeripheralClocks              
0     00081948  _SeizeFlashPump                       
0     00081957  _ReleaseFlashPump                     
0     00081961  _ServiceDog                           
0     0008196f  _DisableDog                           
0     0008197d  _InitSysPll                           
0     00081b6c  _InitAuxPll                           
0     00081c5b  _CsmUnlock                            
0     00081c7c  _SysIntOsc1Sel                        
0     00081c8c  _SysIntOsc2Sel                        
0     00081ca0  _SysXtalOscSel                        
0     00081cb0  _AuxIntOsc2Sel                        
0     00081cba  _AuxXtalOscSel                        
0     00081cc6  _AuxAuxClkSel                         
0     00081cd0  _IDLE                                 
0     00081cd9  _STANDBY                              
0     00081ce4  _HALT                                 
0     00081cfd  _HIB                                  
0     00081d1a  _ConfigureTMXAnalogTrim               
0     00081d92  _init_serial                          
0     00081ee8  _uninit_serial                        
0     00081f2b  _serial_send                          
0     00081f62  _serial_printf                        
0     00081f86  _UART_vprintfLine                     
0     00081fdc  _UART_printfLine                      
0     00081fe9  __args_main                           
0     00081ffb  _strcpy                               
0     00082000  _SWI_isr                              
0     0008201a  _cpu_timer0_isr                       
0     00082084  _cpu_timer1_isr                       
0     00082283  _cpu_timer2_isr                       
0     00082290  _SPIB_isr                             
0     0008234d  _InitGpio                             
0     0008238d  _GPIO_SetupPinMux                     
0     00082419  _GPIO_SetupPinOptions                 
0     000824ad  _GPIO_SetupLock                       
0     000824d6  _GPIO_SetupXINT1Gpio                  
0     000824e0  _GPIO_SetupXINT2Gpio                  
0     000824ea  _GPIO_SetupXINT3Gpio                  
0     000824f4  _GPIO_SetupXINT4Gpio                  
0     000824fe  _GPIO_SetupXINT5Gpio                  
0     00082508  _GPIO_EnableUnbondedIOPullupsFor176Pin
0     00082521  _GPIO_EnableUnbondedIOPullupsFor100Pin
0     00082546  _GPIO_EnableUnbondedIOPullups         
0     0008255c  _GPIO_ReadPin                         
0     00082573  _GPIO_WritePin                        
0     00082591  LL$$DIV                               
0     000825cd  LL$$MOD                               
0     00082607  ULL$$DIV                              
0     00082636  ULL$$MOD                              
0     00082698  _ldexpl                               
0     00082698  _scalbnl                              
0     00082746  FD$$ADD                               
0     000827e2  FD$$DIV                               
0     0008286d  FS$$DIV                               
0     000828f5  FD$$MPY                               
0     00082978  _InitCpuTimers                        
0     000829b9  _ConfigCpuTimer                       
0     000829f4  _cos                                  
0     000829f4  _cosf                                 
0     00082a57  _frexpl                               
0     00082ab1  _sin                                  
0     00082ab1  _sinf                                 
0     00082b0a  _c_int00                              
0     00082b60  _atoi                                 
0     00082b91  ___TI_ltoa                            
0     00082bc1  _vsprintf                             
0     00082bf1  FD$$CMP                               
0     00082c1b  L$$DIV                                
0     00082c2a  L$$MOD                                
0     00082c38  UL$$DIV                               
0     00082c3f  UL$$MOD                               
0     00082c45  C$$EXIT                               
0     00082c45  _abort                                
0     00082c47  _exit                                 
0     00082c6e  _InitPieCtrl                          
0     00082c8d  _EnableInterrupts                     
0     00082c96  _InitPieVectTable                     
0     00082cbc  _copysignl                            
0     00082ce1  _copy_in                              
0     00082d05  FD$$TOI                               
0     00082d26  FD$$TOL                               
0     00082d45  LL$$CMP                               
0     00082d57  ULL$$CMP                              
0     00082d63  I$$TOFD                               
0     00082d80  _memcpy                               
0     00082d9d  FS$$TOFD                              
0     00082db9  L$$TOFD                               
0     00082dd5  LL$$AND                               
0     00082ddd  LL$$OR                                
0     00082de5  LL$$XOR                               
0     00082ded  _memccpy                              
0     00082dfd  FD$$SUB                               
0     00082e0b  _strchr                               
0     00082e17  U$$DIV                                
0     00082e1c  U$$MOD                                
0     00082e22  __register_unlock                     
0     00082e26  __register_lock                       
0     00082e2a  __nop                                 
0     00082e2b  FD$$NEG                               
0     00082e34  _wcslen                               
0     00082e3d  _strlen                               
0     00082e45  _memset                               
0     00082e4c  __system_pre_init                     
0     00082e4e  __system_post_cinit                   
0     00082e50  _PieVectTableInit                     
0     00083010  __ctypes_                             
0     000832d0  _RamfuncsLoadStart                    
0     00083579  _RamfuncsLoadEnd                      
0     00083580  ___cinit__                            
0     00083580  cinit                                 
1     00000b00  _AdcaResultRegs                       
1     00000b20  _AdcbResultRegs                       
1     00000b40  _AdccResultRegs                       
1     00000b60  _AdcdResultRegs                       
1     00000c00  _CpuTimer0Regs                        
1     00000c08  _CpuTimer1Regs                        
1     00000c10  _CpuTimer2Regs                        
1     00000ce0  _PieCtrlRegs                          
1     00000d00  _EmuBMode                             
1     00000d00  _PieVectTable                         
1     00000d01  _EmuBootPins                          
1     00001000  _DmaRegs                              
1     00001400  _Cla1Regs                             
1     00004000  _EPwm1Regs                            
1     00004100  _EPwm2Regs                            
1     00004200  _EPwm3Regs                            
1     00004300  _EPwm4Regs                            
1     00004400  _EPwm5Regs                            
1     00004500  _EPwm6Regs                            
1     00004600  _EPwm7Regs                            
1     00004700  _EPwm8Regs                            
1     00004800  _EPwm9Regs                            
1     00004900  _EPwm10Regs                           
1     00004a00  _EPwm11Regs                           
1     00004b00  _EPwm12Regs                           
1     00005000  _ECap1Regs                            
1     00005020  _ECap2Regs                            
1     00005040  _ECap3Regs                            
1     00005060  _ECap4Regs                            
1     00005080  _ECap5Regs                            
1     000050a0  _ECap6Regs                            
1     00005100  _EQep1Regs                            
1     00005140  _EQep2Regs                            
1     00005180  _EQep3Regs                            
1     00005c00  _DacaRegs                             
1     00005c10  _DacbRegs                             
1     00005c20  _DaccRegs                             
1     00005c80  _Cmpss1Regs                           
1     00005ca0  _Cmpss2Regs                           
1     00005cc0  _Cmpss3Regs                           
1     00005ce0  _Cmpss4Regs                           
1     00005d00  _Cmpss5Regs                           
1     00005d20  _Cmpss6Regs                           
1     00005d40  _Cmpss7Regs                           
1     00005d60  _Cmpss8Regs                           
1     00005e00  _Sdfm1Regs                            
1     00005e80  _Sdfm2Regs                            
1     00006000  _McbspaRegs                           
1     00006040  _McbspbRegs                           
1     00006100  _SpiaRegs                             
1     00006110  _SpibRegs                             
1     00006120  _SpicRegs                             
1     00006200  _UppRegs                              
1     00007000  _WdRegs                               
1     00007060  _NmiIntruptRegs                       
1     00007070  _XintRegs                             
1     00007200  _SciaRegs                             
1     00007210  _ScibRegs                             
1     00007220  _ScicRegs                             
1     00007230  _ScidRegs                             
1     00007300  _I2caRegs                             
1     00007340  _I2cbRegs                             
1     00007400  _AdcaRegs                             
1     00007480  _AdcbRegs                             
1     00007500  _AdccRegs                             
1     00007580  _AdcdRegs                             
1     00007900  _InputXbarRegs                        
1     00007920  _XbarRegs                             
1     00007940  _SyncSocRegs                          
1     00007980  _DmaClaSrcSelRegs                     
1     00007a00  _EPwmXbarRegs                         
1     00007a80  _OutputXbarRegs                       
1     00007c00  _GpioCtrlRegs                         
1     00007f00  _GpioDataRegs                         
1     0000b000  __stack                               
1     0000b800  __STACK_END                           
1     0000d000  _SerialA                              
1     0000dfc0  _SerialC                              
1     0000ef80  _SerialD                              
1     0000ff30  _Example_Result                       
1     0000ff32  _Example_PassCount                    
1     0000ff34  _Example_Fail                         
1     0000ff36  ___TI_enable_exit_profile_output      
1     0000ff38  ___TI_cleanup_ptr                     
1     0000ff3a  ___TI_dtors_ptr                       
1     0000ff3c  __lock                                
1     0000ff3e  __unlock                              
1     0000ff40  _UARTPrint                            
1     0000ff41  _LEDdisplaynum                        
1     0000ff42  _rcservo                              
1     0000ff43  _rcservo_flag                         
1     0000ff44  _value                                
1     0000ff45  _ADC1reading                          
1     0000ff46  _ADC2reading                          
1     0000ff47  _ADC1                                 
1     0000ff48  _ADC2                                 
1     0000ff49  _ADC                                  
1     0000ff4a  _gyroX                                
1     0000ff4b  _gyroY                                
1     0000ff4c  _gyroZ                                
1     0000ff4d  _accelX                               
1     0000ff4e  _accelY                               
1     0000ff4f  _accelZ                               
1     0000ff50  _spivalue1                            
1     0000ff51  _spivalue2                            
1     0000ff52  _spivalue3                            
1     0000ff54  _numTimer0calls                       
1     0000ff56  _numTimer1calls                       
1     0000ff58  _numSWIcalls                          
1     0000ff5a  _numRXA                               
1     0000ff5c  _ADC1_reading                         
1     0000ff5e  _ADC2_reading                         
1     0000ff60  _gyroXG                               
1     0000ff62  _gyroYG                               
1     0000ff64  _gyroZG                               
1     0000ff66  _accelXG                              
1     0000ff68  _accelYG                              
1     0000ff6a  _accelZG                              
1     0000ff6c  _LeftWheel                            
1     0000ff6e  _RightWheel                           
1     0000ff70  _RightDistance                        
1     0000ff72  _LeftDistance                         
1     0000ff74  _uleft                                
1     0000ff76  _uright                               
1     0000ff78  _VLeftK                               
1     0000ff7a  _VRightK                              
1     0000ff7c  _Vref                                 
1     0000ff7e  _RightDist_K_1                        
1     0000ff80  _LeftDist_K_1                         
1     0000ff82  _Kp                                   
1     0000ff84  _Ki                                   
1     0000ff86  _e_left                               
1     0000ff88  _e_right                              
1     0000ff8a  _e_left_K_1                           
1     0000ff8c  _e_right_K_1                          
1     0000ff8e  _I_left                               
1     0000ff90  _I_right                              
1     0000ff92  _I_left_K_1                           
1     0000ff94  _I_right_K_1                          
1     0000ff96  _turn                                 
1     0000ff98  _e_turn                               
1     0000ff9a  _e_turn_right                         
1     0000ff9c  _e_turn_left                          
1     0000ff9e  _Kp_turn                              
1     0000ffa0  _Wr                                   
1     0000ffa2  _Rwh                                  
1     0000ffa4  _theta_dot_right                      
1     0000ffa6  _theta_dot_left                       
1     0000ffa8  _Xr                                   
1     0000ffaa  _X_dot_r                              
1     0000ffac  _Y_dot_r                              
1     0000ffae  _X_K_1                                
1     0000ffb0  _Y_K_1                                
1     0000ffb2  _X_dot_K_1                            
1     0000ffb4  _Y_dot_K_1                            
1     0000ffb6  _Yr                                   
1     0000ffb8  _phi_r                                
1     0000ffba  _theta_dot_avg                        
1     0000ffbc  _errno                                
1     0000ffc0  _CpuTimer0                            
1     0000ffc8  _CpuTimer1                            
1     0000ffd0  _CpuTimer2                            
1     00047000  _Emif1Regs                            
1     00047800  _Emif2Regs                            
1     00048000  _CanaRegs                             
1     0004a000  _CanbRegs                             
1     00050000  _IpcRegs                              
1     00050024  _FlashPumpSemaphoreRegs               
1     0005d000  _DevCfgRegs                           
1     0005d180  _AnalogSubsysRegs                     
1     0005d200  _ClkCfgRegs                           
1     0005d300  _CpuSysRegs                           
1     0005e608  _RomPrefetchRegs                      
1     0005f000  _DcsmZ1Regs                           
1     0005f040  _DcsmZ2Regs                           
1     0005f070  _DcsmCommonRegs                       
1     0005f400  _MemCfgRegs                           
1     0005f480  _Emif1ConfigRegs                      
1     0005f4a0  _Emif2ConfigRegs                      
1     0005f4c0  _AccessProtectionRegs                 
1     0005f500  _MemoryErrorRegs                      
1     0005f540  _RomWaitStateRegs                     
1     0005f800  _Flash0CtrlRegs                       
1     0005fb00  _Flash0EccRegs                        
abs   000002a9  _RamfuncsLoadSize                     
abs   000002a9  _RamfuncsRunSize                      
abs   00000800  __STACK_SIZE                          
abs   ffffffff  .text                                 
abs   ffffffff  ___TI_pprof_out_hndl                  
abs   ffffffff  ___TI_prof_data_size                  
abs   ffffffff  ___TI_prof_data_start                 
abs   ffffffff  ___binit__                            
abs   ffffffff  ___c_args__                           
abs   ffffffff  ___etext__                            
abs   ffffffff  ___pinit__                            
abs   ffffffff  ___text__                             
abs   ffffffff  binit                                 
abs   ffffffff  etext                                 
abs   ffffffff  pinit                                 

[476 symbols]
